Archive member included to satisfy reference by file (symbol)

c:/progra~2/102021~1.10/bin/../lib/gcc/arm-none-eabi/10.3.1/../../../../arm-none-eabi/lib/thumb/v8-m.main+fp/softfp\libm.a(lib_a-wf_sqrt.o)
                              CMakeFiles/blink.dir/C_/Users/20235607/Downloads/BAS_System/sdk/src/rp2_common/pico_float/float_math.c.obj (sqrtf)
c:/progra~2/102021~1.10/bin/../lib/gcc/arm-none-eabi/10.3.1/../../../../arm-none-eabi/lib/thumb/v8-m.main+fp/softfp\libm.a(lib_a-ef_sqrt.o)
                              c:/progra~2/102021~1.10/bin/../lib/gcc/arm-none-eabi/10.3.1/../../../../arm-none-eabi/lib/thumb/v8-m.main+fp/softfp\libm.a(lib_a-wf_sqrt.o) (__ieee754_sqrtf)
c:/progra~2/102021~1.10/bin/../lib/gcc/arm-none-eabi/10.3.1/thumb/v8-m.main+fp/softfp\libgcc.a(_arm_addsubdf3.o)
                              CMakeFiles/blink.dir/C_/Users/20235607/Downloads/BAS_System/sdk/src/rp2_common/pico_float/float_math.c.obj (__aeabi_f2d)
c:/progra~2/102021~1.10/bin/../lib/gcc/arm-none-eabi/10.3.1/thumb/v8-m.main+fp/softfp\libgcc.a(_aeabi_ldivmod.o)
                              CMakeFiles/blink.dir/C_/Users/20235607/Downloads/BAS_System/sdk/src/common/pico_time/time.c.obj (__aeabi_ldivmod)
c:/progra~2/102021~1.10/bin/../lib/gcc/arm-none-eabi/10.3.1/thumb/v8-m.main+fp/softfp\libgcc.a(_aeabi_uldivmod.o)
                              CMakeFiles/blink.dir/C_/Users/20235607/Downloads/BAS_System/sdk/src/rp2_common/hardware_clocks/clocks.c.obj (__aeabi_uldivmod)
c:/progra~2/102021~1.10/bin/../lib/gcc/arm-none-eabi/10.3.1/thumb/v8-m.main+fp/softfp\libgcc.a(_udivmoddi4.o)
                              c:/progra~2/102021~1.10/bin/../lib/gcc/arm-none-eabi/10.3.1/thumb/v8-m.main+fp/softfp\libgcc.a(_aeabi_ldivmod.o) (__udivmoddi4)
c:/progra~2/102021~1.10/bin/../lib/gcc/arm-none-eabi/10.3.1/thumb/v8-m.main+fp/softfp\libgcc.a(_dvmd_tls.o)
                              c:/progra~2/102021~1.10/bin/../lib/gcc/arm-none-eabi/10.3.1/thumb/v8-m.main+fp/softfp\libgcc.a(_aeabi_ldivmod.o) (__aeabi_ldiv0)
c:/progra~2/102021~1.10/bin/../lib/gcc/arm-none-eabi/10.3.1/../../../../arm-none-eabi/lib/thumb/v8-m.main+fp/softfp\libg.a(lib_a-calloc.o)
                              CMakeFiles/blink.dir/C_/Users/20235607/Downloads/BAS_System/sdk/src/rp2_common/pico_malloc/malloc.c.obj (calloc)
c:/progra~2/102021~1.10/bin/../lib/gcc/arm-none-eabi/10.3.1/../../../../arm-none-eabi/lib/thumb/v8-m.main+fp/softfp\libg.a(lib_a-callocr.o)
                              c:/progra~2/102021~1.10/bin/../lib/gcc/arm-none-eabi/10.3.1/../../../../arm-none-eabi/lib/thumb/v8-m.main+fp/softfp\libg.a(lib_a-calloc.o) (_calloc_r)
c:/progra~2/102021~1.10/bin/../lib/gcc/arm-none-eabi/10.3.1/../../../../arm-none-eabi/lib/thumb/v8-m.main+fp/softfp\libg.a(lib_a-errno.o)
                              c:/progra~2/102021~1.10/bin/../lib/gcc/arm-none-eabi/10.3.1/../../../../arm-none-eabi/lib/thumb/v8-m.main+fp/softfp\libm.a(lib_a-wf_sqrt.o) (__errno)
c:/progra~2/102021~1.10/bin/../lib/gcc/arm-none-eabi/10.3.1/../../../../arm-none-eabi/lib/thumb/v8-m.main+fp/softfp\libg.a(lib_a-impure.o)
                              c:/progra~2/102021~1.10/bin/../lib/gcc/arm-none-eabi/10.3.1/../../../../arm-none-eabi/lib/thumb/v8-m.main+fp/softfp\libg.a(lib_a-calloc.o) (_impure_ptr)
c:/progra~2/102021~1.10/bin/../lib/gcc/arm-none-eabi/10.3.1/../../../../arm-none-eabi/lib/thumb/v8-m.main+fp/softfp\libg.a(lib_a-init.o)
                              c:/progra~2/102021~1.10/bin/../lib/gcc/arm-none-eabi/10.3.1/../../../../arm-none-eabi/lib/thumb/v8-m.main+fp/softfp/crt0.o (__libc_init_array)
c:/progra~2/102021~1.10/bin/../lib/gcc/arm-none-eabi/10.3.1/../../../../arm-none-eabi/lib/thumb/v8-m.main+fp/softfp\libg.a(lib_a-lcltime_r.o)
                              CMakeFiles/blink.dir/C_/Users/20235607/Downloads/BAS_System/sdk/src/common/pico_util/datetime.c.obj (localtime_r)
c:/progra~2/102021~1.10/bin/../lib/gcc/arm-none-eabi/10.3.1/../../../../arm-none-eabi/lib/thumb/v8-m.main+fp/softfp\libg.a(lib_a-malloc.o)
                              CMakeFiles/blink.dir/C_/Users/20235607/Downloads/BAS_System/sdk/src/rp2_common/pico_malloc/malloc.c.obj (malloc)
c:/progra~2/102021~1.10/bin/../lib/gcc/arm-none-eabi/10.3.1/../../../../arm-none-eabi/lib/thumb/v8-m.main+fp/softfp\libg.a(lib_a-mallocr.o)
                              c:/progra~2/102021~1.10/bin/../lib/gcc/arm-none-eabi/10.3.1/../../../../arm-none-eabi/lib/thumb/v8-m.main+fp/softfp\libg.a(lib_a-callocr.o) (_malloc_r)
c:/progra~2/102021~1.10/bin/../lib/gcc/arm-none-eabi/10.3.1/../../../../arm-none-eabi/lib/thumb/v8-m.main+fp/softfp\libg.a(lib_a-memcmp.o)
                              CMakeFiles/blink.dir/C_/Users/20235607/Downloads/BAS_System/sdk/src/rp2_common/pico_atomic/atomic.c.obj (memcmp)
c:/progra~2/102021~1.10/bin/../lib/gcc/arm-none-eabi/10.3.1/../../../../arm-none-eabi/lib/thumb/v8-m.main+fp/softfp\libg.a(lib_a-memcpy.o)
[...]
Memory Configuration

Name             Origin             Length             Attributes
FLASH            0x10000000         0x00400000         xr
RAM              0x20000000         0x00080000         xrw
SCRATCH_X        0x20080000         0x00001000         xrw
SCRATCH_Y        0x20081000         0x00001000         xrw
*default*        0x00000000         0xffffffff

Linker script and memory map

LOAD c:/progra~2/102021~1.10/bin/../lib/gcc/arm-none-eabi/10.3.1/thumb/v8-m.main+fp/softfp/crti.o
LOAD c:/progra~2/102021~1.10/bin/../lib/gcc/arm-none-eabi/10.3.1/thumb/v8-m.main+fp/softfp/crtbegin.o
LOAD c:/progra~2/102021~1.10/bin/../lib/gcc/arm-none-eabi/10.3.1/../../../../arm-none-eabi/lib/thumb/v8-m.main+fp/softfp/crt0.o

.flash_begin    0x10000000        0x0
                0x10000000                __flash_binary_start = .

.text           0x10000000     0x5cf0
                0x10000000                __logical_binary_start = .
 *(.vectors)
 .vectors       0x10000000      0x124 CMakeFiles/blink.dir/C_/Users/20235607/Downloads/BAS_System/sdk/src/rp2_common/pico_crt0/crt0.S.obj
                0x10000000                __VECTOR_TABLE
                0x10000000                __vectors
                0x10000110                __unhandled_user_irq
                0x10000110                isr_irq49
                0x10000110                isr_irq13
                0x10000110                isr_irq43
                0x10000110                isr_irq45
                0x10000110                isr_irq27
                0x10000110                isr_irq32
                0x10000110                isr_irq31
                0x10000110                isr_irq12
                0x10000110                isr_irq5
                0x10000110                isr_irq11
                0x10000110                isr_irq3
                0x10000110                isr_irq23
                0x10000110                isr_usagefault
                0x10000110                isr_irq48
                0x10000110                isr_irq30
                0x10000110                isr_irq18
                0x10000110                isr_irq50
                0x10000110                isr_irq33
                0x10000110                isr_irq40
                0x10000110                isr_irq28
                0x10000110                isr_irq19
                0x10000110                isr_irq36
                0x10000110                isr_irq41
                0x10000110                isr_irq0
                0x10000110                isr_irq6
                0x10000110                isr_irq26
                0x10000110                isr_irq29
                0x10000110                isr_memmanage
                0x10000110                isr_irq37
                0x10000110                isr_irq42
                0x10000110                isr_irq22
                0x10000110                isr_irq35
                0x10000110                isr_irq17
                0x10000110                isr_irq38
                0x10000110                isr_irq14
                0x10000110                __vectors_end
                0x10000110                __default_isrs_start
                0x10000110                isr_irq2
                0x10000110                isr_irq10
                0x10000110                isr_irq8
                0x10000110                isr_debugmonitor
                0x10000110                isr_irq24
                0x10000110                isr_irq46
                0x10000110                isr_irq1
                0x10000110                isr_irq47
                0x10000110                isr_irq51
                0x10000110                isr_irq7
                0x10000110                isr_irq21
                0x10000110                isr_irq39
                0x10000110                isr_irq20
                0x10000110                isr_irq15
                0x10000110                isr_irq25
                0x10000110                isr_irq34
                0x10000110                isr_irq44
                0x10000110                isr_securefault
                0x10000110                isr_irq4
                0x10000110                isr_busfault
                0x10000110                isr_irq16
                0x10000110                isr_irq9
                0x10000116                unhandled_user_irq_num_in_r0
                0x10000118                isr_invalid
                0x1000011a                isr_nmi
                0x1000011c                isr_hardfault
                0x1000011e                isr_svcall
                0x10000120                isr_pendsv
                0x10000122                isr_systick
                0x10000124                __default_isrs_end
 *(.binary_info_header)
 .binary_info_header
                0x10000124       0x14 CMakeFiles/blink.dir/C_/Users/20235607/Downloads/BAS_System/sdk/src/rp2_common/pico_crt0/crt0.S.obj
                0x10000138                __binary_info_header_end = .
 *(.embedded_block)
 .embedded_block
                0x10000138       0x14 CMakeFiles/blink.dir/C_/Users/20235607/Downloads/BAS_System/sdk/src/rp2_common/pico_crt0/crt0.S.obj
                0x1000014c                __embedded_block_end = .
 *(.reset)
 .reset         0x1000014c       0x98 CMakeFiles/blink.dir/C_/Users/20235607/Downloads/BAS_System/sdk/src/rp2_common/pico_crt0/crt0.S.obj
                0x1000014c                _entry_point
 *(.init)
 .init          0x100001e4        0x4 c:/progra~2/102021~1.10/bin/../lib/gcc/arm-none-eabi/10.3.1/thumb/v8-m.main+fp/softfp/crti.o
                0x100001e4                _init
 *libgcc.a:cmse_nonsecure_call.o()
 *(EXCLUDE_FILE(*libm.a: *libc.a:*lib_a-mem*.o *libgcc.a:) .text*)
 .text          0x100001e8       0x40 c:/progra~2/102021~1.10/bin/../lib/gcc/arm-none-eabi/10.3.1/thumb/v8-m.main+fp/softfp/crtbegin.o
 .text.startup.main
                0x10000228       0x5c CMakeFiles/blink.dir/blink_led.c.obj
                0x10000228                main
 .text.gpio_init
                0x10000284       0x44 CMakeFiles/blink.dir/C_/Users/20235607/Downloads/BAS_System/sdk/src/rp2_common/hardware_gpio/gpio.c.obj
                0x10000284                gpio_init
 .text.panic    0x100002c8       0x30 CMakeFiles/blink.dir/C_/Users/20235607/Downloads/BAS_System/sdk/src/rp2_common/pico_platform_panic/panic.c.obj
                0x100002c8                panic
 .text.hw_claim_or_assert
                0x100002f8       0x5c CMakeFiles/blink.dir/C_/Users/20235607/Downloads/BAS_System/sdk/src/common/hardware_claim/claim.c.obj
                0x100002f8                hw_claim_or_assert
 .text.hw_claim_unused_from_range
                0x10000354       0x9c CMakeFiles/blink.dir/C_/Users/20235607/Downloads/BAS_System/sdk/src/common/hardware_claim/claim.c.obj
                0x10000354                hw_claim_unused_from_range
 .text.next_striped_spin_lock_num
                0x100003f0       0x18 CMakeFiles/blink.dir/C_/Users/20235607/Downloads/BAS_System/sdk/src/rp2_common/hardware_sync/sync.c.obj
                0x100003f0                next_striped_spin_lock_num
 .text.spin_lock_claim_unused
                0x10000408       0x20 CMakeFiles/blink.dir/C_/Users/20235607/Downloads/BAS_System/sdk/src/rp2_common/hardware_sync/sync.c.obj
                0x10000408                spin_lock_claim_unused
 .text.spinlock_set_extexclall
                0x10000428       0x10 CMakeFiles/blink.dir/C_/Users/20235607/Downloads/BAS_System/sdk/src/rp2_common/hardware_sync_spin_lock/sync_spin_lock.c.obj
 .text.spin_locks_reset
                0x10000438       0x18 CMakeFiles/blink.dir/C_/Users/20235607/Downloads/BAS_System/sdk/src/rp2_common/hardware_sync_spin_lock/sync_spin_lock.c.obj
                0x10000438                spin_locks_reset
 .text.runtime_init_per_core_irq_priorities
                0x10000450       0x40 CMakeFiles/blink.dir/C_/Users/20235607/Downloads/BAS_System/sdk/src/rp2_common/hardware_irq/irq.c.obj
                0x10000450                runtime_init_per_core_irq_priorities
 .text.irq_set_enabled
                0x10000490       0x2c CMakeFiles/blink.dir/C_/Users/20235607/Downloads/BAS_System/sdk/src/rp2_common/hardware_irq/irq.c.obj
                0x10000490                irq_set_enabled
 .text.irq_is_enabled
                0x100004bc       0x20 CMakeFiles/blink.dir/C_/Users/20235607/Downloads/BAS_System/sdk/src/rp2_common/hardware_irq/irq.c.obj
                0x100004bc                irq_is_enabled
 .text.irq_set_pending
                0x100004dc       0x1c CMakeFiles/blink.dir/C_/Users/20235607/Downloads/BAS_System/sdk/src/rp2_common/hardware_irq/irq.c.obj
                0x100004dc                irq_set_pending
 .text.irq_has_shared_handler
                0x100004f8       0x20 CMakeFiles/blink.dir/C_/Users/20235607/Downloads/BAS_System/sdk/src/rp2_common/hardware_irq/irq.c.obj
                0x100004f8                irq_has_shared_handler
 .text.irq_set_exclusive_handler
                0x10000518       0x60 CMakeFiles/blink.dir/C_/Users/20235607/Downloads/BAS_System/sdk/src/rp2_common/hardware_irq/irq.c.obj
                0x10000518                irq_set_exclusive_handler
 .text.irq_add_shared_handler
                0x10000578      0x1e8 CMakeFiles/blink.dir/C_/Users/20235607/Downloads/BAS_System/sdk/src/rp2_common/hardware_irq/irq.c.obj
                0x10000578                irq_add_shared_handler
 .text.irq_add_tail_to_free_list
                0x10000760       0xbc CMakeFiles/blink.dir/C_/Users/20235607/Downloads/BAS_System/sdk/src/rp2_common/hardware_irq/irq.c.obj
                0x10000760                irq_add_tail_to_free_list
 .text.user_irq_claim_unused
                0x1000081c       0x28 CMakeFiles/blink.dir/C_/Users/20235607/Downloads/BAS_System/sdk/src/rp2_common/hardware_irq/irq.c.obj
                0x1000081c                user_irq_claim_unused
 .text.lock_init
                0x10000844        0xc CMakeFiles/blink.dir/C_/Users/20235607/Downloads/BAS_System/sdk/src/common/pico_sync/lock_core.c.obj
                0x10000844                lock_init
 .text.runtime_init_mutex
                0x10000850       0x54 CMakeFiles/blink.dir/C_/Users/20235607/Downloads/BAS_System/sdk/src/common/pico_sync/mutex.c.obj
                0x10000850                runtime_init_mutex
 .text.mutex_init
                0x100008a4       0x1c CMakeFiles/blink.dir/C_/Users/20235607/Downloads/BAS_System/sdk/src/common/pico_sync/mutex.c.obj
                0x100008a4                mutex_init
 .text.critical_section_init
                0x100008c0       0x1c CMakeFiles/blink.dir/C_/Users/20235607/Downloads/BAS_System/sdk/src/common/pico_sync/critical_section.c.obj
                0x100008c0                critical_section_init
 .text.critical_section_init_with_lock_num
                0x100008dc       0x10 CMakeFiles/blink.dir/C_/Users/20235607/Downloads/BAS_System/sdk/src/common/pico_sync/critical_section.c.obj
                0x100008dc                critical_section_init_with_lock_num
 .text.sleep_until_callback
                0x100008ec       0x3c CMakeFiles/blink.dir/C_/Users/20235607/Downloads/BAS_System/sdk/src/common/pico_time/time.c.obj
 .text.alarm_pool_irq_handler
                0x10000928      0x300 CMakeFiles/blink.dir/C_/Users/20235607/Downloads/BAS_System/sdk/src/common/pico_time/time.c.obj
 .text.runtime_init_default_alarm_pool
                0x10000c28      0x100 CMakeFiles/blink.dir/C_/Users/20235607/Downloads/BAS_System/sdk/src/common/pico_time/time.c.obj
                0x10000c28                runtime_init_default_alarm_pool
 .text.alarm_pool_get_default
                0x10000d28        0x8 CMakeFiles/blink.dir/C_/Users/20235607/Downloads/BAS_System/sdk/src/common/pico_time/time.c.obj
                0x10000d28                alarm_pool_get_default
 .text.alarm_pool_add_alarm_at
                0x10000d30       0xdc CMakeFiles/blink.dir/C_/Users/20235607/Downloads/BAS_System/sdk/src/common/pico_time/time.c.obj
                0x10000d30                alarm_pool_add_alarm_at
 .text.alarm_pool_add_alarm_at_force_in_context
                0x10000e0c       0xc4 CMakeFiles/blink.dir/C_/Users/20235607/Downloads/BAS_System/sdk/src/common/pico_time/time.c.obj
                0x10000e0c                alarm_pool_add_alarm_at_force_in_context
 .text.alarm_pool_cancel_alarm
                0x10000ed0       0x80 CMakeFiles/blink.dir/C_/Users/20235607/Downloads/BAS_System/sdk/src/common/pico_time/time.c.obj
                0x10000ed0                alarm_pool_cancel_alarm
 .text.alarm_pool_core_num
                0x10000f50        0x4 CMakeFiles/blink.dir/C_/Users/20235607/Downloads/BAS_System/sdk/src/common/pico_time/time.c.obj
                0x10000f50                alarm_pool_core_num
 .text.sleep_until
                0x10000f54       0xbc CMakeFiles/blink.dir/C_/Users/20235607/Downloads/BAS_System/sdk/src/common/pico_time/time.c.obj
                0x10000f54                sleep_until
 .text.sleep_ms
                0x10001010       0x24 CMakeFiles/blink.dir/C_/Users/20235607/Downloads/BAS_System/sdk/src/common/pico_time/time.c.obj
                0x10001010                sleep_ms
 .text.best_effort_wfe_or_timeout
                0x10001034       0xdc CMakeFiles/blink.dir/C_/Users/20235607/Downloads/BAS_System/sdk/src/common/pico_time/time.c.obj
                0x10001034                best_effort_wfe_or_timeout
 .text.timer_hardware_alarm_claim
                0x10001110       0x24 CMakeFiles/blink.dir/C_/Users/20235607/Downloads/BAS_System/sdk/src/rp2_common/hardware_timer/timer.c.obj
                0x10001110                timer_hardware_alarm_claim
 .text.timer_time_us_64
                0x10001134       0x10 CMakeFiles/blink.dir/C_/Users/20235607/Downloads/BAS_System/sdk/src/rp2_common/hardware_timer/timer.c.obj
                0x10001134                timer_time_us_64
 .text.time_us_64
                0x10001144       0x14 CMakeFiles/blink.dir/C_/Users/20235607/Downloads/BAS_System/sdk/src/rp2_common/hardware_timer/timer.c.obj
                0x10001144                time_us_64
 .text.busy_wait_until
                0x10001158       0x24 CMakeFiles/blink.dir/C_/Users/20235607/Downloads/BAS_System/sdk/src/rp2_common/hardware_timer/timer.c.obj
                0x10001158                busy_wait_until
 .text.clock_configure_undivided
                0x1000117c       0xd0 CMakeFiles/blink.dir/C_/Users/20235607/Downloads/BAS_System/sdk/src/rp2_common/hardware_clocks/clocks.c.obj
                0x1000117c                clock_configure_undivided
 .text.clock_get_hz
                0x1000124c        0xc CMakeFiles/blink.dir/C_/Users/20235607/Downloads/BAS_System/sdk/src/rp2_common/hardware_clocks/clocks.c.obj
                0x1000124c                clock_get_hz
 .text.pll_init
                0x10001258       0x8c CMakeFiles/blink.dir/C_/Users/20235607/Downloads/BAS_System/sdk/src/rp2_common/hardware_pll/pll.c.obj
                0x10001258                pll_init
 .text.watchdog_reboot
                0x100012e4       0x9c CMakeFiles/blink.dir/C_/Users/20235607/Downloads/BAS_System/sdk/src/rp2_common/hardware_watchdog/watchdog.c.obj
                0x100012e4                watchdog_reboot
 .text.tick_start
                0x10001380       0x18 CMakeFiles/blink.dir/C_/Users/20235607/Downloads/BAS_System/sdk/src/rp2_common/hardware_ticks/ticks.c.obj
                0x10001380                tick_start
 .text.rom_reboot.constprop.0.isra.0
                0x10001398       0x38 CMakeFiles/blink.dir/C_/Users/20235607/Downloads/BAS_System/sdk/src/rp2_common/pico_bootrom/bootrom.c.obj
 .text.rom_func_lookup
                0x100013d0       0x18 CMakeFiles/blink.dir/C_/Users/20235607/Downloads/BAS_System/sdk/src/rp2_common/pico_bootrom/bootrom.c.obj
                0x100013d0                rom_func_lookup
 .text.rom_reset_usb_boot_extra
                0x100013e8       0x1c CMakeFiles/blink.dir/C_/Users/20235607/Downloads/BAS_System/sdk/src/rp2_common/pico_bootrom/bootrom.c.obj
                0x100013e8                rom_reset_usb_boot_extra
 .text.runtime_init_bootrom_locking_enable
                0x10001404       0x14 CMakeFiles/blink.dir/C_/Users/20235607/Downloads/BAS_System/sdk/src/rp2_common/pico_bootrom/bootrom_lock.c.obj
                0x10001404                runtime_init_bootrom_locking_enable
 .text.runtime_init_boot_locks_reset
                0x10001418       0x1c CMakeFiles/blink.dir/C_/Users/20235607/Downloads/BAS_System/sdk/src/rp2_common/hardware_boot_lock/boot_lock.c.obj
                0x10001418                runtime_init_boot_locks_reset
 .text.xosc_init
                0x10001434       0x30 CMakeFiles/blink.dir/C_/Users/20235607/Downloads/BAS_System/sdk/src/rp2_common/hardware_xosc/xosc.c.obj
                0x10001434                xosc_init
 .text.first_per_core_initializer
                0x10001464        0x4 CMakeFiles/blink.dir/C_/Users/20235607/Downloads/BAS_System/sdk/src/rp2_common/pico_runtime/runtime.c.obj
 .text.hard_assertion_failure
                0x10001468        0xc CMakeFiles/blink.dir/C_/Users/20235607/Downloads/BAS_System/sdk/src/rp2_common/pico_runtime/runtime.c.obj
                0x10001468                hard_assertion_failure
 .text.runtime_run_initializers
                0x10001474       0x20 CMakeFiles/blink.dir/C_/Users/20235607/Downloads/BAS_System/sdk/src/rp2_common/pico_runtime/runtime.c.obj
                0x10001474                runtime_run_initializers
 .text.runtime_init_early_resets
                0x10001494       0x34 CMakeFiles/blink.dir/C_/Users/20235607/Downloads/BAS_System/sdk/src/rp2_common/pico_runtime_init/runtime_init.c.obj
                0x10001494                runtime_init_early_resets
 .text.runtime_init_usb_power_down
                0x100014c8       0x1c CMakeFiles/blink.dir/C_/Users/20235607/Downloads/BAS_System/sdk/src/rp2_common/pico_runtime_init/runtime_init.c.obj
                0x100014c8                runtime_init_usb_power_down
 .text.runtime_init_per_core_enable_coprocessors
                0x100014e4       0x1c CMakeFiles/blink.dir/C_/Users/20235607/Downloads/BAS_System/sdk/src/rp2_common/pico_runtime_init/runtime_init.c.obj
                0x100014e4                runtime_init_per_core_enable_coprocessors
 .text.runtime_init_post_clock_resets
                0x10001500       0x20 CMakeFiles/blink.dir/C_/Users/20235607/Downloads/BAS_System/sdk/src/rp2_common/pico_runtime_init/runtime_init.c.obj
                0x10001500                runtime_init_post_clock_resets
 .text.runtime_init_bootrom_reset
                0x10001520       0x14 CMakeFiles/blink.dir/C_/Users/20235607/Downloads/BAS_System/sdk/src/rp2_common/pico_runtime_init/runtime_init.c.obj
                0x10001520                runtime_init_bootrom_reset
 .text.runtime_init_per_core_bootrom_reset
                0x10001534       0x14 CMakeFiles/blink.dir/C_/Users/20235607/Downloads/BAS_System/sdk/src/rp2_common/pico_runtime_init/runtime_init.c.obj
                0x10001534                runtime_init_per_core_bootrom_reset
 .text.runtime_init_spin_locks_reset
                0x10001548        0x4 CMakeFiles/blink.dir/C_/Users/20235607/Downloads/BAS_System/sdk/src/rp2_common/pico_runtime_init/runtime_init.c.obj
                0x10001548                runtime_init_spin_locks_reset
 .text.runtime_init_install_ram_vector_table
                0x1000154c       0xd0 CMakeFiles/blink.dir/C_/Users/20235607/Downloads/BAS_System/sdk/src/rp2_common/pico_runtime_init/runtime_init.c.obj
                0x1000154c                runtime_init_install_ram_vector_table
 .text.runtime_init_clocks
                0x1000161c       0xdc CMakeFiles/blink.dir/C_/Users/20235607/Downloads/BAS_System/sdk/src/rp2_common/pico_runtime_init/runtime_init_clocks.c.obj
                0x1000161c                runtime_init_clocks
 .text.__rp2350_dcp_engaged_state_save_restore
                0x100016f8       0x3a CMakeFiles/blink.dir/C_/Users/20235607/Downloads/BAS_System/sdk/src/rp2_common/pico_double/double_aeabi_dcp.S.obj
 *fill*         0x10001732        0x2 
 .text.__wrap___aeabi_dadd
                0x10001734       0x28 CMakeFiles/blink.dir/C_/Users/20235607/Downloads/BAS_System/sdk/src/rp2_common/pico_double/double_aeabi_dcp.S.obj
                0x1000173c                __wrap___aeabi_dadd
 .text.__wrap___aeabi_dsub
                0x1000175c       0x28 CMakeFiles/blink.dir/C_/Users/20235607/Downloads/BAS_System/sdk/src/rp2_common/pico_double/double_aeabi_dcp.S.obj
                0x10001764                __wrap___aeabi_dsub
 .text.__wrap___aeabi_dmul
                0x10001784       0x4c CMakeFiles/blink.dir/C_/Users/20235607/Downloads/BAS_System/sdk/src/rp2_common/pico_double/double_aeabi_dcp.S.obj
                0x1000178c                __wrap___aeabi_dmul
 .text.__wrap___aeabi_ddiv
                0x100017d0       0x9c CMakeFiles/blink.dir/C_/Users/20235607/Downloads/BAS_System/sdk/src/rp2_common/pico_double/double_aeabi_dcp.S.obj
                0x100017d8                __wrap___aeabi_ddiv
 .text.__wrap___aeabi_i2d
                0x1000186c       0x24 CMakeFiles/blink.dir/C_/Users/20235607/Downloads/BAS_System/sdk/src/rp2_common/pico_double/double_aeabi_dcp.S.obj
                0x10001874                int2double
                0x10001874                __wrap___aeabi_i2d
 .text.__wrap___aeabi_ui2d
                0x10001890       0x24 CMakeFiles/blink.dir/C_/Users/20235607/Downloads/BAS_System/sdk/src/rp2_common/pico_double/double_aeabi_dcp.S.obj
                0x10001898                uint2double
                0x10001898                __wrap___aeabi_ui2d
 .text.__wrap___aeabi_d2iz
                0x100018b4       0x24 CMakeFiles/blink.dir/C_/Users/20235607/Downloads/BAS_System/sdk/src/rp2_common/pico_double/double_aeabi_dcp.S.obj
                0x100018bc                double2int_z
                0x100018bc                __wrap___aeabi_d2iz
 .text.__wrap___aeabi_d2uiz
                0x100018d8       0x24 CMakeFiles/blink.dir/C_/Users/20235607/Downloads/BAS_System/sdk/src/rp2_common/pico_double/double_aeabi_dcp.S.obj
                0x100018e0                double2uint
                0x100018e0                __wrap___aeabi_d2uiz
                0x100018e0                double2uint_z
 .text.__wrap___aeabi_dcmpun
                0x100018fc       0x24 CMakeFiles/blink.dir/C_/Users/20235607/Downloads/BAS_System/sdk/src/rp2_common/pico_double/double_aeabi_dcp.S.obj
                0x10001904                __wrap___aeabi_dcmpun
 .text.__wrap___aeabi_dcmplt
                0x10001920       0x28 CMakeFiles/blink.dir/C_/Users/20235607/Downloads/BAS_System/sdk/src/rp2_common/pico_double/double_aeabi_dcp.S.obj
                0x10001928                __wrap___aeabi_dcmplt
 .text.__wrap___aeabi_dcmple
                0x10001948       0x28 CMakeFiles/blink.dir/C_/Users/20235607/Downloads/BAS_System/sdk/src/rp2_common/pico_double/double_aeabi_dcp.S.obj
                0x10001950                __wrap___aeabi_dcmple
 .text.__wrap___aeabi_dcmpge
                0x10001970       0x28 CMakeFiles/blink.dir/C_/Users/20235607/Downloads/BAS_System/sdk/src/rp2_common/pico_double/double_aeabi_dcp.S.obj
                0x10001978                __wrap___aeabi_dcmpge
 .text.__wrap___aeabi_dcmpgt
                0x10001998       0x28 CMakeFiles/blink.dir/C_/Users/20235607/Downloads/BAS_System/sdk/src/rp2_common/pico_double/double_aeabi_dcp.S.obj
                0x100019a0                __wrap___aeabi_dcmpgt
 .text._out_null
                0x100019c0        0x4 CMakeFiles/blink.dir/C_/Users/20235607/Downloads/BAS_System/sdk/src/rp2_common/pico_printf/printf.c.obj
 .text._out_rev
                0x100019c4       0x88 CMakeFiles/blink.dir/C_/Users/20235607/Downloads/BAS_System/sdk/src/rp2_common/pico_printf/printf.c.obj
 .text._ntoa_format
                0x10001a4c      0x1e8 CMakeFiles/blink.dir/C_/Users/20235607/Downloads/BAS_System/sdk/src/rp2_common/pico_printf/printf.c.obj
 .text._out_char
                0x10001c34        0x8 CMakeFiles/blink.dir/C_/Users/20235607/Downloads/BAS_System/sdk/src/rp2_common/pico_printf/printf.c.obj
 .text._out_fct
                0x10001c3c        0xc CMakeFiles/blink.dir/C_/Users/20235607/Downloads/BAS_System/sdk/src/rp2_common/pico_printf/printf.c.obj
 .text._etoa    0x10001c48      0x460 CMakeFiles/blink.dir/C_/Users/20235607/Downloads/BAS_System/sdk/src/rp2_common/pico_printf/printf.c.obj
 .text._ftoa    0x100020a8      0x3d8 CMakeFiles/blink.dir/C_/Users/20235607/Downloads/BAS_System/sdk/src/rp2_common/pico_printf/printf.c.obj
 .text._vsnprintf
                0x10002480      0x9c8 CMakeFiles/blink.dir/C_/Users/20235607/Downloads/BAS_System/sdk/src/rp2_common/pico_printf/printf.c.obj
 .text.vfctprintf
                0x10002e48       0x28 CMakeFiles/blink.dir/C_/Users/20235607/Downloads/BAS_System/sdk/src/rp2_common/pico_printf/printf.c.obj
                0x10002e48                vfctprintf
 .text.weak_raw_vprintf
                0x10002e70       0x30 CMakeFiles/blink.dir/C_/Users/20235607/Downloads/BAS_System/sdk/src/rp2_common/pico_printf/printf.c.obj
                0x10002e70                weak_raw_vprintf
 .text._exit    0x10002ea0        0x4 CMakeFiles/blink.dir/C_/Users/20235607/Downloads/BAS_System/sdk/src/rp2_common/pico_clib_interface/newlib_interface.c.obj
                0x10002ea0                _exit
 .text.exit     0x10002ea4        0x8 CMakeFiles/blink.dir/C_/Users/20235607/Downloads/BAS_System/sdk/src/rp2_common/pico_clib_interface/newlib_interface.c.obj
                0x10002ea4                exit
 .text.runtime_init
                0x10002eac       0x24 CMakeFiles/blink.dir/C_/Users/20235607/Downloads/BAS_System/sdk/src/rp2_common/pico_clib_interface/newlib_interface.c.obj
                0x10002eac                runtime_init
 .text.stdio_out_chars_no_crlf
                0x10002ed0        0x8 CMakeFiles/blink.dir/C_/Users/20235607/Downloads/BAS_System/sdk/src/rp2_common/pico_stdio/stdio.c.obj
 .text.stdio_out_chars_crlf
                0x10002ed8       0xac CMakeFiles/blink.dir/C_/Users/20235607/Downloads/BAS_System/sdk/src/rp2_common/pico_stdio/stdio.c.obj
 .text.stdio_buffered_printer
                0x10002f84       0x60 CMakeFiles/blink.dir/C_/Users/20235607/Downloads/BAS_System/sdk/src/rp2_common/pico_stdio/stdio.c.obj
 .text.stdio_put_string
                0x10002fe4       0xe8 CMakeFiles/blink.dir/C_/Users/20235607/Downloads/BAS_System/sdk/src/rp2_common/pico_stdio/stdio.c.obj
                0x10002fe4                stdio_put_string
 .text.stdio_set_driver_enabled
                0x100030cc       0x28 CMakeFiles/blink.dir/C_/Users/20235607/Downloads/BAS_System/sdk/src/rp2_common/pico_stdio/stdio.c.obj
                0x100030cc                stdio_set_driver_enabled
 .text.stdio_init_all
                0x100030f4        0x4 CMakeFiles/blink.dir/C_/Users/20235607/Downloads/BAS_System/sdk/src/rp2_common/pico_stdio/stdio.c.obj
                0x100030f4                stdio_init_all
 .text.__wrap_putchar
                0x100030f8       0x7c CMakeFiles/blink.dir/C_/Users/20235607/Downloads/BAS_System/sdk/src/rp2_common/pico_stdio/stdio.c.obj
                0x100030f8                __wrap_putchar
                0x100030f8                stdio_putchar
 .text.__wrap_puts
                0x10003174       0x3c CMakeFiles/blink.dir/C_/Users/20235607/Downloads/BAS_System/sdk/src/rp2_common/pico_stdio/stdio.c.obj
                0x10003174                stdio_puts
                0x10003174                __wrap_puts
 .text.__wrap_vprintf
                0x100031b0       0xc0 CMakeFiles/blink.dir/C_/Users/20235607/Downloads/BAS_System/sdk/src/rp2_common/pico_stdio/stdio.c.obj
                0x100031b0                stdio_vprintf
                0x100031b0                __wrap_vprintf
 .text.__wrap_printf
                0x10003270       0x1c CMakeFiles/blink.dir/C_/Users/20235607/Downloads/BAS_System/sdk/src/rp2_common/pico_stdio/stdio.c.obj
                0x10003270                __wrap_printf
                0x10003270                stdio_printf
 .text.resetd_init
                0x1000328c        0x4 CMakeFiles/blink.dir/C_/Users/20235607/Downloads/BAS_System/sdk/src/rp2_common/pico_stdio_usb/reset_interface.c.obj
 .text.resetd_reset
                0x10003290        0xc CMakeFiles/blink.dir/C_/Users/20235607/Downloads/BAS_System/sdk/src/rp2_common/pico_stdio_usb/reset_interface.c.obj
 .text.resetd_open
                0x1000329c       0x28 CMakeFiles/blink.dir/C_/Users/20235607/Downloads/BAS_System/sdk/src/rp2_common/pico_stdio_usb/reset_interface.c.obj
 .text.resetd_xfer_cb
                0x100032c4        0x4 CMakeFiles/blink.dir/C_/Users/20235607/Downloads/BAS_System/sdk/src/rp2_common/pico_stdio_usb/reset_interface.c.obj
 .text.resetd_control_xfer_cb
                0x100032c8       0x54 CMakeFiles/blink.dir/C_/Users/20235607/Downloads/BAS_System/sdk/src/rp2_common/pico_stdio_usb/reset_interface.c.obj
 .text.tud_descriptor_bos_cb
                0x1000331c        0x8 CMakeFiles/blink.dir/C_/Users/20235607/Downloads/BAS_System/sdk/src/rp2_common/pico_stdio_usb/reset_interface.c.obj
                0x1000331c                tud_descriptor_bos_cb
 .text.tud_vendor_control_xfer_cb
                0x10003324       0x28 CMakeFiles/blink.dir/C_/Users/20235607/Downloads/BAS_System/sdk/src/rp2_common/pico_stdio_usb/reset_interface.c.obj
                0x10003324                tud_vendor_control_xfer_cb
 .text.usbd_app_driver_get_cb
                0x1000334c       0x10 CMakeFiles/blink.dir/C_/Users/20235607/Downloads/BAS_System/sdk/src/rp2_common/pico_stdio_usb/reset_interface.c.obj
                0x1000334c                usbd_app_driver_get_cb
 .text.tud_cdc_line_coding_cb
                0x1000335c       0x18 CMakeFiles/blink.dir/C_/Users/20235607/Downloads/BAS_System/sdk/src/rp2_common/pico_stdio_usb/reset_interface.c.obj
                0x1000335c                tud_cdc_line_coding_cb
 .text.stdio_usb_set_chars_available_callback
                0x10003374       0x14 CMakeFiles/blink.dir/C_/Users/20235607/Downloads/BAS_System/sdk/src/rp2_common/pico_stdio_usb/stdio_usb.c.obj
                0x10003374                stdio_usb_set_chars_available_callback
 .text.timer_task
                0x10003388       0x70 CMakeFiles/blink.dir/C_/Users/20235607/Downloads/BAS_System/sdk/src/rp2_common/pico_stdio_usb/stdio_usb.c.obj
 .text.usb_irq  0x100033f8        0xc CMakeFiles/blink.dir/C_/Users/20235607/Downloads/BAS_System/sdk/src/rp2_common/pico_stdio_usb/stdio_usb.c.obj
 .text.stdio_usb_in_chars
                0x10003404       0x84 CMakeFiles/blink.dir/C_/Users/20235607/Downloads/BAS_System/sdk/src/rp2_common/pico_stdio_usb/stdio_usb.c.obj
                0x10003404                stdio_usb_in_chars
 .text.stdio_usb_out_flush
                0x10003488       0x4c CMakeFiles/blink.dir/C_/Users/20235607/Downloads/BAS_System/sdk/src/rp2_common/pico_stdio_usb/stdio_usb.c.obj
 .text.stdio_usb_out_chars
                0x100034d4       0xf0 CMakeFiles/blink.dir/C_/Users/20235607/Downloads/BAS_System/sdk/src/rp2_common/pico_stdio_usb/stdio_usb.c.obj
 .text.low_priority_worker_irq
                0x100035c4       0xc8 CMakeFiles/blink.dir/C_/Users/20235607/Downloads/BAS_System/sdk/src/rp2_common/pico_stdio_usb/stdio_usb.c.obj
 .text.stdio_usb_init
                0x1000368c       0xdc CMakeFiles/blink.dir/C_/Users/20235607/Downloads/BAS_System/sdk/src/rp2_common/pico_stdio_usb/stdio_usb.c.obj
                0x1000368c                stdio_usb_init
 .text.tud_descriptor_device_cb
                0x10003768        0x8 CMakeFiles/blink.dir/C_/Users/20235607/Downloads/BAS_System/sdk/src/rp2_common/pico_stdio_usb/stdio_usb_descriptors.c.obj
                0x10003768                tud_descriptor_device_cb
 .text.tud_descriptor_configuration_cb
                0x10003770        0x8 CMakeFiles/blink.dir/C_/Users/20235607/Downloads/BAS_System/sdk/src/rp2_common/pico_stdio_usb/stdio_usb_descriptors.c.obj
                0x10003770                tud_descriptor_configuration_cb
 .text.tud_descriptor_string_cb
                0x10003778       0x78 CMakeFiles/blink.dir/C_/Users/20235607/Downloads/BAS_System/sdk/src/rp2_common/pico_stdio_usb/stdio_usb_descriptors.c.obj
                0x10003778                tud_descriptor_string_cb
 .text.startup._retrieve_unique_id_on_boot
                0x100037f0       0x30 CMakeFiles/blink.dir/C_/Users/20235607/Downloads/BAS_System/sdk/src/rp2_common/pico_unique_id/unique_id.c.obj
 .text.pico_get_unique_board_id_string
                0x10003820      0x180 CMakeFiles/blink.dir/C_/Users/20235607/Downloads/BAS_System/sdk/src/rp2_common/pico_unique_id/unique_id.c.obj
                0x10003820                pico_get_unique_board_id_string
 .text.dcd_init
                0x100039a0       0x94 CMakeFiles/blink.dir/C_/Users/20235607/Downloads/BAS_System/sdk/lib/tinyusb/src/portable/raspberrypi/rp2040/dcd_rp2040.c.obj
                0x100039a0                dcd_init
 .text.dcd_int_enable
                0x10003a34        0x8 CMakeFiles/blink.dir/C_/Users/20235607/Downloads/BAS_System/sdk/lib/tinyusb/src/portable/raspberrypi/rp2040/dcd_rp2040.c.obj
                0x10003a34                dcd_int_enable
 .text.dcd_set_address
                0x10003a3c       0x10 CMakeFiles/blink.dir/C_/Users/20235607/Downloads/BAS_System/sdk/lib/tinyusb/src/portable/raspberrypi/rp2040/dcd_rp2040.c.obj
                0x10003a3c                dcd_set_address
 .text.dcd_sof_enable
                0x10003a4c       0x1c CMakeFiles/blink.dir/C_/Users/20235607/Downloads/BAS_System/sdk/lib/tinyusb/src/portable/raspberrypi/rp2040/dcd_rp2040.c.obj
                0x10003a4c                dcd_sof_enable
 .text.dcd_edpt0_status_complete
                0x10003a68       0x1c CMakeFiles/blink.dir/C_/Users/20235607/Downloads/BAS_System/sdk/lib/tinyusb/src/portable/raspberrypi/rp2040/dcd_rp2040.c.obj
                0x10003a68                dcd_edpt0_status_complete
 .text.dcd_edpt_open
                0x10003a84      0x110 CMakeFiles/blink.dir/C_/Users/20235607/Downloads/BAS_System/sdk/lib/tinyusb/src/portable/raspberrypi/rp2040/dcd_rp2040.c.obj
                0x10003a84                dcd_edpt_open
 .text.dcd_edpt_close_all
                0x10003b94        0x4 CMakeFiles/blink.dir/C_/Users/20235607/Downloads/BAS_System/sdk/lib/tinyusb/src/portable/raspberrypi/rp2040/dcd_rp2040.c.obj
                0x10003b94                dcd_edpt_close_all
 .text.dcd_edpt_xfer
                0x10003b98       0x28 CMakeFiles/blink.dir/C_/Users/20235607/Downloads/BAS_System/sdk/lib/tinyusb/src/portable/raspberrypi/rp2040/dcd_rp2040.c.obj
                0x10003b98                dcd_edpt_xfer
 .text.dcd_edpt_stall
                0x10003bc0       0x30 CMakeFiles/blink.dir/C_/Users/20235607/Downloads/BAS_System/sdk/lib/tinyusb/src/portable/raspberrypi/rp2040/dcd_rp2040.c.obj
                0x10003bc0                dcd_edpt_stall
 .text.dcd_edpt_clear_stall
                0x10003bf0       0x2c CMakeFiles/blink.dir/C_/Users/20235607/Downloads/BAS_System/sdk/lib/tinyusb/src/portable/raspberrypi/rp2040/dcd_rp2040.c.obj
                0x10003bf0                dcd_edpt_clear_stall
 .text.rp2040_usb_init
                0x10003c1c       0x40 CMakeFiles/blink.dir/C_/Users/20235607/Downloads/BAS_System/sdk/lib/tinyusb/src/portable/raspberrypi/rp2040/rp2040_usb.c.obj
                0x10003c1c                rp2040_usb_init
 .text.hw_endpoint_xfer_start
                0x10003c5c       0x4c CMakeFiles/blink.dir/C_/Users/20235607/Downloads/BAS_System/sdk/lib/tinyusb/src/portable/raspberrypi/rp2040/rp2040_usb.c.obj
                0x10003c5c                hw_endpoint_xfer_start
 .text.configuration_reset
                0x10003ca8       0x8c CMakeFiles/blink.dir/C_/Users/20235607/Downloads/BAS_System/sdk/lib/tinyusb/src/device/usbd.c.obj
 .text.tud_event_hook_cb
                0x10003d34        0x4 CMakeFiles/blink.dir/C_/Users/20235607/Downloads/BAS_System/sdk/lib/tinyusb/src/device/usbd.c.obj
                0x10003d34                tud_event_hook_cb
 .text.tud_sof_cb
                0x10003d38        0x4 CMakeFiles/blink.dir/C_/Users/20235607/Downloads/BAS_System/sdk/lib/tinyusb/src/device/usbd.c.obj
                0x10003d38                tud_sof_cb
 .text.tud_descriptor_device_qualifier_cb
                0x10003d3c        0x4 CMakeFiles/blink.dir/C_/Users/20235607/Downloads/BAS_System/sdk/lib/tinyusb/src/device/usbd.c.obj
                0x10003d3c                tud_descriptor_device_qualifier_cb
 .text.tud_descriptor_other_speed_configuration_cb
                0x10003d40        0x4 CMakeFiles/blink.dir/C_/Users/20235607/Downloads/BAS_System/sdk/lib/tinyusb/src/device/usbd.c.obj
                0x10003d40                tud_descriptor_other_speed_configuration_cb
 .text.tud_mount_cb
                0x10003d44        0x4 CMakeFiles/blink.dir/C_/Users/20235607/Downloads/BAS_System/sdk/lib/tinyusb/src/device/usbd.c.obj
                0x10003d44                tud_mount_cb
 .text.tud_umount_cb
                0x10003d48        0x4 CMakeFiles/blink.dir/C_/Users/20235607/Downloads/BAS_System/sdk/lib/tinyusb/src/device/usbd.c.obj
                0x10003d48                tud_umount_cb
 .text.tud_suspend_cb
                0x10003d4c        0x4 CMakeFiles/blink.dir/C_/Users/20235607/Downloads/BAS_System/sdk/lib/tinyusb/src/device/usbd.c.obj
                0x10003d4c                tud_suspend_cb
 .text.tud_resume_cb
                0x10003d50        0x4 CMakeFiles/blink.dir/C_/Users/20235607/Downloads/BAS_System/sdk/lib/tinyusb/src/device/usbd.c.obj
                0x10003d50                tud_resume_cb
 .text.tud_mounted
                0x10003d54       0x10 CMakeFiles/blink.dir/C_/Users/20235607/Downloads/BAS_System/sdk/lib/tinyusb/src/device/usbd.c.obj
                0x10003d54                tud_mounted
 .text.tud_suspended
                0x10003d64       0x10 CMakeFiles/blink.dir/C_/Users/20235607/Downloads/BAS_System/sdk/lib/tinyusb/src/device/usbd.c.obj
                0x10003d64                tud_suspended
 .text.tud_rhport_init
                0x10003d74      0x110 CMakeFiles/blink.dir/C_/Users/20235607/Downloads/BAS_System/sdk/lib/tinyusb/src/device/usbd.c.obj
                0x10003d74                tud_rhport_init
 .text.tud_task_ext
                0x10003e84      0x7a4 CMakeFiles/blink.dir/C_/Users/20235607/Downloads/BAS_System/sdk/lib/tinyusb/src/device/usbd.c.obj
                0x10003e84                tud_task_ext
 .text.usbd_open_edpt_pair
                0x10004628       0x9c CMakeFiles/blink.dir/C_/Users/20235607/Downloads/BAS_System/sdk/lib/tinyusb/src/device/usbd.c.obj
                0x10004628                usbd_open_edpt_pair
 .text.usbd_edpt_open
                0x100046c4       0x44 CMakeFiles/blink.dir/C_/Users/20235607/Downloads/BAS_System/sdk/lib/tinyusb/src/device/usbd.c.obj
                0x100046c4                usbd_edpt_open
 .text.usbd_edpt_claim
                0x10004708       0x24 CMakeFiles/blink.dir/C_/Users/20235607/Downloads/BAS_System/sdk/lib/tinyusb/src/device/usbd.c.obj
                0x10004708                usbd_edpt_claim
 .text.usbd_edpt_release
                0x1000472c       0x24 CMakeFiles/blink.dir/C_/Users/20235607/Downloads/BAS_System/sdk/lib/tinyusb/src/device/usbd.c.obj
                0x1000472c                usbd_edpt_release
 .text.usbd_edpt_xfer
                0x10004750       0x70 CMakeFiles/blink.dir/C_/Users/20235607/Downloads/BAS_System/sdk/lib/tinyusb/src/device/usbd.c.obj
                0x10004750                usbd_edpt_xfer
 .text.tud_control_status
                0x100047c0       0x34 CMakeFiles/blink.dir/C_/Users/20235607/Downloads/BAS_System/sdk/lib/tinyusb/src/device/usbd_control.c.obj
                0x100047c0                tud_control_status
 .text.tud_control_xfer
                0x100047f4       0xcc CMakeFiles/blink.dir/C_/Users/20235607/Downloads/BAS_System/sdk/lib/tinyusb/src/device/usbd_control.c.obj
                0x100047f4                tud_control_xfer
 .text.usbd_control_reset
                0x100048c0       0x14 CMakeFiles/blink.dir/C_/Users/20235607/Downloads/BAS_System/sdk/lib/tinyusb/src/device/usbd_control.c.obj
                0x100048c0                usbd_control_reset
 .text.usbd_control_set_complete_callback
                0x100048d4        0xc CMakeFiles/blink.dir/C_/Users/20235607/Downloads/BAS_System/sdk/lib/tinyusb/src/device/usbd_control.c.obj
                0x100048d4                usbd_control_set_complete_callback
 .text.usbd_control_set_request
                0x100048e0       0x1c CMakeFiles/blink.dir/C_/Users/20235607/Downloads/BAS_System/sdk/lib/tinyusb/src/device/usbd_control.c.obj
                0x100048e0                usbd_control_set_request
 .text.usbd_control_xfer_cb
                0x100048fc      0x110 CMakeFiles/blink.dir/C_/Users/20235607/Downloads/BAS_System/sdk/lib/tinyusb/src/device/usbd_control.c.obj
                0x100048fc                usbd_control_xfer_cb
 .text._prep_out_transaction.isra.0
                0x10004a0c       0x78 CMakeFiles/blink.dir/C_/Users/20235607/Downloads/BAS_System/sdk/lib/tinyusb/src/class/cdc/cdc_device.c.obj
 .text.tud_cdc_n_connected
                0x10004a84       0x2c CMakeFiles/blink.dir/C_/Users/20235607/Downloads/BAS_System/sdk/lib/tinyusb/src/class/cdc/cdc_device.c.obj
                0x10004a84                tud_cdc_n_connected
 .text.tud_cdc_n_available
                0x10004ab0       0x18 CMakeFiles/blink.dir/C_/Users/20235607/Downloads/BAS_System/sdk/lib/tinyusb/src/class/cdc/cdc_device.c.obj
                0x10004ab0                tud_cdc_n_available
 .text.tud_cdc_n_read
                0x10004ac8       0x90 CMakeFiles/blink.dir/C_/Users/20235607/Downloads/BAS_System/sdk/lib/tinyusb/src/class/cdc/cdc_device.c.obj
                0x10004ac8                tud_cdc_n_read
 .text.tud_cdc_n_write_flush
                0x10004b58       0x88 CMakeFiles/blink.dir/C_/Users/20235607/Downloads/BAS_System/sdk/lib/tinyusb/src/class/cdc/cdc_device.c.obj
                0x10004b58                tud_cdc_n_write_flush
 .text.tud_cdc_n_write
                0x10004be0       0x48 CMakeFiles/blink.dir/C_/Users/20235607/Downloads/BAS_System/sdk/lib/tinyusb/src/class/cdc/cdc_device.c.obj
                0x10004be0                tud_cdc_n_write
 .text.tud_cdc_n_write_available
                0x10004c28       0x18 CMakeFiles/blink.dir/C_/Users/20235607/Downloads/BAS_System/sdk/lib/tinyusb/src/class/cdc/cdc_device.c.obj
                0x10004c28                tud_cdc_n_write_available
 .text.cdcd_init
                0x10004c40       0x70 CMakeFiles/blink.dir/C_/Users/20235607/Downloads/BAS_System/sdk/lib/tinyusb/src/class/cdc/cdc_device.c.obj
                0x10004c40                cdcd_init
 .text.cdcd_deinit
                0x10004cb0       0x20 CMakeFiles/blink.dir/C_/Users/20235607/Downloads/BAS_System/sdk/lib/tinyusb/src/class/cdc/cdc_device.c.obj
                0x10004cb0                cdcd_deinit
 .text.cdcd_reset
                0x10004cd0       0x4c CMakeFiles/blink.dir/C_/Users/20235607/Downloads/BAS_System/sdk/lib/tinyusb/src/class/cdc/cdc_device.c.obj
                0x10004cd0                cdcd_reset
 .text.cdcd_open
                0x10004d1c       0xbc CMakeFiles/blink.dir/C_/Users/20235607/Downloads/BAS_System/sdk/lib/tinyusb/src/class/cdc/cdc_device.c.obj
                0x10004d1c                cdcd_open
 .text.cdcd_control_xfer_cb
                0x10004dd8       0xc8 CMakeFiles/blink.dir/C_/Users/20235607/Downloads/BAS_System/sdk/lib/tinyusb/src/class/cdc/cdc_device.c.obj
                0x10004dd8                cdcd_control_xfer_cb
 .text.cdcd_xfer_cb
                0x10004ea0      0x100 CMakeFiles/blink.dir/C_/Users/20235607/Downloads/BAS_System/sdk/lib/tinyusb/src/class/cdc/cdc_device.c.obj
                0x10004ea0                cdcd_xfer_cb
 .text.vendord_init
                0x10004fa0       0x5c CMakeFiles/blink.dir/C_/Users/20235607/Downloads/BAS_System/sdk/lib/tinyusb/src/class/vendor/vendor_device.c.obj
                0x10004fa0                vendord_init
 .text.vendord_deinit
                0x10004ffc       0x1c CMakeFiles/blink.dir/C_/Users/20235607/Downloads/BAS_System/sdk/lib/tinyusb/src/class/vendor/vendor_device.c.obj
                0x10004ffc                vendord_deinit
 .text.vendord_reset
                0x10005018       0x24 CMakeFiles/blink.dir/C_/Users/20235607/Downloads/BAS_System/sdk/lib/tinyusb/src/class/vendor/vendor_device.c.obj
                0x10005018                vendord_reset
 .text.vendord_open
                0x1000503c       0xfc CMakeFiles/blink.dir/C_/Users/20235607/Downloads/BAS_System/sdk/lib/tinyusb/src/class/vendor/vendor_device.c.obj
                0x1000503c                vendord_open
 .text.vendord_xfer_cb
                0x10005138       0x8c CMakeFiles/blink.dir/C_/Users/20235607/Downloads/BAS_System/sdk/lib/tinyusb/src/class/vendor/vendor_device.c.obj
                0x10005138                vendord_xfer_cb
 .text.tusb_rhport_init
                0x100051c4       0x74 CMakeFiles/blink.dir/C_/Users/20235607/Downloads/BAS_System/sdk/lib/tinyusb/src/tusb.c.obj
                0x100051c4                tusb_rhport_init
 .text.tu_edpt_claim
                0x10005238       0x54 CMakeFiles/blink.dir/C_/Users/20235607/Downloads/BAS_System/sdk/lib/tinyusb/src/tusb.c.obj
                0x10005238                tu_edpt_claim
 .text.tu_edpt_release
                0x1000528c       0x38 CMakeFiles/blink.dir/C_/Users/20235607/Downloads/BAS_System/sdk/lib/tinyusb/src/tusb.c.obj
                0x1000528c                tu_edpt_release
 .text.tu_edpt_validate
                0x100052c4       0x68 CMakeFiles/blink.dir/C_/Users/20235607/Downloads/BAS_System/sdk/lib/tinyusb/src/tusb.c.obj
                0x100052c4                tu_edpt_validate
 .text.tu_edpt_bind_driver
                0x1000532c       0x58 CMakeFiles/blink.dir/C_/Users/20235607/Downloads/BAS_System/sdk/lib/tinyusb/src/tusb.c.obj
                0x1000532c                tu_edpt_bind_driver
 .text.tu_edpt_stream_init
                0x10005384       0x58 CMakeFiles/blink.dir/C_/Users/20235607/Downloads/BAS_System/sdk/lib/tinyusb/src/tusb.c.obj
                0x10005384                tu_edpt_stream_init
 .text.tu_edpt_stream_deinit
                0x100053dc        0x4 CMakeFiles/blink.dir/C_/Users/20235607/Downloads/BAS_System/sdk/lib/tinyusb/src/tusb.c.obj
                0x100053dc                tu_edpt_stream_deinit
 .text.tu_edpt_stream_write_zlp_if_needed
                0x100053e0       0x68 CMakeFiles/blink.dir/C_/Users/20235607/Downloads/BAS_System/sdk/lib/tinyusb/src/tusb.c.obj
                0x100053e0                tu_edpt_stream_write_zlp_if_needed
 .text.tu_edpt_stream_write_xfer
                0x10005448       0x74 CMakeFiles/blink.dir/C_/Users/20235607/Downloads/BAS_System/sdk/lib/tinyusb/src/tusb.c.obj
                0x10005448                tu_edpt_stream_write_xfer
 .text.tu_edpt_stream_read_xfer
                0x100054bc       0xd4 CMakeFiles/blink.dir/C_/Users/20235607/Downloads/BAS_System/sdk/lib/tinyusb/src/tusb.c.obj
                0x100054bc                tu_edpt_stream_read_xfer
 .text.tu_fifo_config
                0x10005590       0x64 CMakeFiles/blink.dir/C_/Users/20235607/Downloads/BAS_System/sdk/lib/tinyusb/src/common/tusb_fifo.c.obj
                0x10005590                tu_fifo_config
 .text.tu_fifo_count
                0x100055f4       0x20 CMakeFiles/blink.dir/C_/Users/20235607/Downloads/BAS_System/sdk/lib/tinyusb/src/common/tusb_fifo.c.obj
                0x100055f4                tu_fifo_count
 .text.tu_fifo_empty
                0x10005614       0x14 CMakeFiles/blink.dir/C_/Users/20235607/Downloads/BAS_System/sdk/lib/tinyusb/src/common/tusb_fifo.c.obj
                0x10005614                tu_fifo_empty
 .text.tu_fifo_remaining
                0x10005628       0x24 CMakeFiles/blink.dir/C_/Users/20235607/Downloads/BAS_System/sdk/lib/tinyusb/src/common/tusb_fifo.c.obj
                0x10005628                tu_fifo_remaining
 .text.tu_fifo_read
                0x1000564c       0x94 CMakeFiles/blink.dir/C_/Users/20235607/Downloads/BAS_System/sdk/lib/tinyusb/src/common/tusb_fifo.c.obj
                0x1000564c                tu_fifo_read
 .text.tu_fifo_read_n
                0x100056e0       0xd4 CMakeFiles/blink.dir/C_/Users/20235607/Downloads/BAS_System/sdk/lib/tinyusb/src/common/tusb_fifo.c.obj
                0x100056e0                tu_fifo_read_n
 .text.tu_fifo_write
                0x100057b4       0x84 CMakeFiles/blink.dir/C_/Users/20235607/Downloads/BAS_System/sdk/lib/tinyusb/src/common/tusb_fifo.c.obj
                0x100057b4                tu_fifo_write
 .text.tu_fifo_write_n
                0x10005838      0x15c CMakeFiles/blink.dir/C_/Users/20235607/Downloads/BAS_System/sdk/lib/tinyusb/src/common/tusb_fifo.c.obj
                0x10005838                tu_fifo_write_n
 .text.tu_fifo_clear
                0x10005994       0x38 CMakeFiles/blink.dir/C_/Users/20235607/Downloads/BAS_System/sdk/lib/tinyusb/src/common/tusb_fifo.c.obj
                0x10005994                tu_fifo_clear
 .text.tu_fifo_set_overwritable
                0x100059cc       0x3c CMakeFiles/blink.dir/C_/Users/20235607/Downloads/BAS_System/sdk/lib/tinyusb/src/common/tusb_fifo.c.obj
                0x100059cc                tu_fifo_set_overwritable
 .text          0x10005a08       0xec c:/progra~2/102021~1.10/bin/../lib/gcc/arm-none-eabi/10.3.1/../../../../arm-none-eabi/lib/thumb/v8-m.main+fp/softfp\libg.a(lib_a-memcpy.o)
                0x10005a08                memcpy
 .text.memset   0x10005af4       0xa4 c:/progra~2/102021~1.10/bin/../lib/gcc/arm-none-eabi/10.3.1/../../../../arm-none-eabi/lib/thumb/v8-m.main+fp/softfp\libg.a(lib_a-memset.o)
                0x10005af4                memset
 .text.strlen   0x10005b98       0x5c c:/progra~2/102021~1.10/bin/../lib/gcc/arm-none-eabi/10.3.1/../../../../arm-none-eabi/lib/thumb/v8-m.main+fp/softfp\libg.a(lib_a-strlen-stub.o)
                0x10005b98                strlen
 *(.fini)
 .fini          0x10005bf4        0x4 c:/progra~2/102021~1.10/bin/../lib/gcc/arm-none-eabi/10.3.1/thumb/v8-m.main+fp/softfp/crti.o
                0x10005bf4                _fini
 .fini.__stub   0x10005bf8       0xb0 linker stubs
 *crtbegin.o(.ctors)
 *crtbegin?.o(.ctors)
 *(EXCLUDE_FILE(*crtend.o *crtend?.o) .ctors)
 *(SORT_BY_NAME(.ctors.*))
 *(.ctors)
 *crtbegin.o(.dtors)
 *crtbegin?.o(.dtors)
 *(EXCLUDE_FILE(*crtend.o *crtend?.o) .dtors)
 *(SORT_BY_NAME(.dtors.*))
 *(.dtors)
                0x10005ca8                . = ALIGN (0x4)
                0x10005ca8                PROVIDE (__preinit_array_start = .)
 *(SORT_BY_NAME(.preinit_array.*))
 .preinit_array.00050
                0x10005ca8        0x4 CMakeFiles/blink.dir/C_/Users/20235607/Downloads/BAS_System/sdk/src/rp2_common/pico_runtime_init/runtime_init.c.obj
                0x10005ca8                __pre_init_runtime_init_bootrom_reset
 .preinit_array.00100
                0x10005cac        0x4 CMakeFiles/blink.dir/C_/Users/20235607/Downloads/BAS_System/sdk/src/rp2_common/pico_runtime_init/runtime_init.c.obj
                0x10005cac                __pre_init_runtime_init_early_resets
 .preinit_array.00101
                0x10005cb0        0x4 CMakeFiles/blink.dir/C_/Users/20235607/Downloads/BAS_System/sdk/src/rp2_common/pico_runtime_init/runtime_init.c.obj
                0x10005cb0                __pre_init_runtime_init_usb_power_down
 .preinit_array.00500
                0x10005cb4        0x4 CMakeFiles/blink.dir/C_/Users/20235607/Downloads/BAS_System/sdk/src/rp2_common/pico_runtime_init/runtime_init.c.obj
                0x10005cb4                __pre_init_runtime_init_clocks
 .preinit_array.00600
                0x10005cb8        0x4 CMakeFiles/blink.dir/C_/Users/20235607/Downloads/BAS_System/sdk/src/rp2_common/pico_runtime_init/runtime_init.c.obj
                0x10005cb8                __pre_init_runtime_init_post_clock_resets
 .preinit_array.01000
                0x10005cbc        0x4 CMakeFiles/blink.dir/C_/Users/20235607/Downloads/BAS_System/sdk/src/rp2_common/hardware_boot_lock/boot_lock.c.obj
                0x10005cbc                __pre_init_runtime_init_boot_locks_reset
 .preinit_array.01000
                0x10005cc0        0x4 CMakeFiles/blink.dir/C_/Users/20235607/Downloads/BAS_System/sdk/src/rp2_common/pico_runtime_init/runtime_init.c.obj
                0x10005cc0                __pre_init_runtime_init_spin_locks_reset
 .preinit_array.01010
                0x10005cc4        0x4 CMakeFiles/blink.dir/C_/Users/20235607/Downloads/BAS_System/sdk/src/rp2_common/pico_bootrom/bootrom_lock.c.obj
                0x10005cc4                __pre_init_runtime_init_bootrom_locking_enable
 .preinit_array.01100
                0x10005cc8        0x4 CMakeFiles/blink.dir/C_/Users/20235607/Downloads/BAS_System/sdk/src/common/pico_sync/mutex.c.obj
                0x10005cc8                __pre_init_runtime_init_mutex
 .preinit_array.10080
                0x10005ccc        0x4 CMakeFiles/blink.dir/C_/Users/20235607/Downloads/BAS_System/sdk/src/rp2_common/pico_runtime_init/runtime_init.c.obj
                0x10005ccc                __pre_init_runtime_init_install_ram_vector_table
 .preinit_array.11000
                0x10005cd0        0x4 CMakeFiles/blink.dir/C_/Users/20235607/Downloads/BAS_System/sdk/src/common/pico_time/time.c.obj
                0x10005cd0                __pre_init_runtime_init_default_alarm_pool
 .preinit_array.YYYYY
                0x10005cd4        0x4 CMakeFiles/blink.dir/C_/Users/20235607/Downloads/BAS_System/sdk/src/rp2_common/pico_runtime/runtime.c.obj
                0x10005cd4                __pre_init_first_per_core_initializer
 .preinit_array.ZZZZZ.00051
                0x10005cd8        0x4 CMakeFiles/blink.dir/C_/Users/20235607/Downloads/BAS_System/sdk/src/rp2_common/pico_runtime_init/runtime_init.c.obj
                0x10005cd8                __pre_init_runtime_init_per_core_bootrom_reset
 .preinit_array.ZZZZZ.00200
                0x10005cdc        0x4 CMakeFiles/blink.dir/C_/Users/20235607/Downloads/BAS_System/sdk/src/rp2_common/pico_runtime_init/runtime_init.c.obj
                0x10005cdc                __pre_init_runtime_init_per_core_enable_coprocessors
 .preinit_array.ZZZZZ.01000
                0x10005ce0        0x4 CMakeFiles/blink.dir/C_/Users/20235607/Downloads/BAS_System/sdk/src/rp2_common/hardware_sync_spin_lock/sync_spin_lock.c.obj
                0x10005ce0                __pre_init_spinlock_set_extexclall
 .preinit_array.ZZZZZ.01200
                0x10005ce4        0x4 CMakeFiles/blink.dir/C_/Users/20235607/Downloads/BAS_System/sdk/src/rp2_common/hardware_irq/irq.c.obj
                0x10005ce4                __pre_init_runtime_init_per_core_irq_priorities
 *(.preinit_array)
                0x10005ce8                PROVIDE (__preinit_array_end = .)
                0x10005ce8                . = ALIGN (0x4)
                0x10005ce8                PROVIDE (__init_array_start = .)
 *(SORT_BY_NAME(.init_array.*))
 .init_array.01000
                0x10005ce8        0x4 CMakeFiles/blink.dir/C_/Users/20235607/Downloads/BAS_System/sdk/src/rp2_common/pico_unique_id/unique_id.c.obj
 *(.init_array)
 .init_array    0x10005cec        0x4 c:/progra~2/102021~1.10/bin/../lib/gcc/arm-none-eabi/10.3.1/thumb/v8-m.main+fp/softfp/crtbegin.o
                0x10005cf0                PROVIDE (__init_array_end = .)
                0x10005cf0                . = ALIGN (0x4)
                [!provide]                PROVIDE (__fini_array_start = .)
 *(SORT_BY_NAME(.fini_array.*))
 *(.fini_array)
                [!provide]                PROVIDE (__fini_array_end = .)
 *(.eh_frame*)
 .eh_frame      0x10005cf0        0x0 c:/progra~2/102021~1.10/bin/../lib/gcc/arm-none-eabi/10.3.1/thumb/v8-m.main+fp/softfp/crtbegin.o
                0x10005cf0                . = ALIGN (0x4)

.glue_7         0x10005cf0        0x0
 .glue_7        0x10005cf0        0x0 linker stubs

.glue_7t        0x10005cf0        0x0
 .glue_7t       0x10005cf0        0x0 linker stubs

.vfp11_veneer   0x10005cf0        0x0
 .vfp11_veneer  0x10005cf0        0x0 linker stubs

.v4_bx          0x10005cf0        0x0
 .v4_bx         0x10005cf0        0x0 linker stubs

.iplt           0x10005cf0        0x0
 .iplt          0x10005cf0        0x0 c:/progra~2/102021~1.10/bin/../lib/gcc/arm-none-eabi/10.3.1/thumb/v8-m.main+fp/softfp/crtbegin.o

.boot2          0x10005cf0        0x0
                0x10005cf0                __boot2_start__ = .
 *(.boot2)
                0x10005cf0                __boot2_end__ = .
                0x00000001                ASSERT (((__boot2_end__ - __boot2_start__) <= 0x100), ERROR: Pico second stage bootloader must be no more than 256 bytes in size)

.rodata         0x10005cf0      0x3e8
 *(EXCLUDE_FILE(*libm.a: *libc.a:*lib_a-mem*.o *libgcc.a:) .rodata*)
 .rodata.main.str1.4
                0x10005cf0       0x17 CMakeFiles/blink.dir/blink_led.c.obj
 *fill*         0x10005d07        0x1 
 .rodata.panic.str1.4
                0x10005d08       0x12 CMakeFiles/blink.dir/C_/Users/20235607/Downloads/BAS_System/sdk/src/rp2_common/pico_platform_panic/panic.c.obj
 *fill*         0x10005d1a        0x2 
 .rodata.spin_lock_claim_unused.str1.4
                0x10005d1c       0x1b CMakeFiles/blink.dir/C_/Users/20235607/Downloads/BAS_System/sdk/src/rp2_common/hardware_sync/sync.c.obj
 *fill*         0x10005d37        0x1 
 .rodata.user_irq_claim_unused.str1.4
                0x10005d38       0x1b CMakeFiles/blink.dir/C_/Users/20235607/Downloads/BAS_System/sdk/src/rp2_common/hardware_irq/irq.c.obj
 *fill*         0x10005d53        0x1 
 .rodata.timer_hardware_alarm_claim.str1.4
                0x10005d54       0x22 CMakeFiles/blink.dir/C_/Users/20235607/Downloads/BAS_System/sdk/src/rp2_common/hardware_timer/timer.c.obj
 *fill*         0x10005d76        0x2 
 .rodata.hard_assertion_failure.str1.4
                0x10005d78        0xc CMakeFiles/blink.dir/C_/Users/20235607/Downloads/BAS_System/sdk/src/rp2_common/pico_runtime/runtime.c.obj
 .rodata.str1.4
                0x10005d84       0x3c CMakeFiles/blink.dir/C_/Users/20235607/Downloads/BAS_System/sdk/src/rp2_common/pico_standard_binary_info/standard_binary_info.c.obj
 .rodata.__bi_26
                0x10005dc0        0xc CMakeFiles/blink.dir/C_/Users/20235607/Downloads/BAS_System/sdk/src/rp2_common/pico_standard_binary_info/standard_binary_info.c.obj
 .rodata.__bi_34
                0x10005dcc        0xc CMakeFiles/blink.dir/C_/Users/20235607/Downloads/BAS_System/sdk/src/rp2_common/pico_standard_binary_info/standard_binary_info.c.obj
 .rodata.__bi_42
                0x10005dd8        0xc CMakeFiles/blink.dir/C_/Users/20235607/Downloads/BAS_System/sdk/src/rp2_common/pico_standard_binary_info/standard_binary_info.c.obj
 .rodata.__bi_48
                0x10005de4        0xc CMakeFiles/blink.dir/C_/Users/20235607/Downloads/BAS_System/sdk/src/rp2_common/pico_standard_binary_info/standard_binary_info.c.obj
 .rodata.__bi_54
                0x10005df0        0xc CMakeFiles/blink.dir/C_/Users/20235607/Downloads/BAS_System/sdk/src/rp2_common/pico_standard_binary_info/standard_binary_info.c.obj
 .rodata.__bi_78
                0x10005dfc        0xc CMakeFiles/blink.dir/C_/Users/20235607/Downloads/BAS_System/sdk/src/rp2_common/pico_standard_binary_info/standard_binary_info.c.obj
 .rodata.__bi_84
                0x10005e08        0xc CMakeFiles/blink.dir/C_/Users/20235607/Downloads/BAS_System/sdk/src/rp2_common/pico_standard_binary_info/standard_binary_info.c.obj
 .rodata._ftoa.str1.4
                0x10005e14       0x15 CMakeFiles/blink.dir/C_/Users/20235607/Downloads/BAS_System/sdk/src/rp2_common/pico_printf/printf.c.obj
 *fill*         0x10005e29        0x7 
 .rodata.pow10.0
                0x10005e30       0x50 CMakeFiles/blink.dir/C_/Users/20235607/Downloads/BAS_System/sdk/src/rp2_common/pico_printf/printf.c.obj
 .rodata.crlf_str.0
                0x10005e80        0x2 CMakeFiles/blink.dir/C_/Users/20235607/Downloads/BAS_System/sdk/src/rp2_common/pico_stdio/stdio.c.obj
 *fill*         0x10005e82        0x2 
 .rodata._resetd_driver
                0x10005e84       0x20 CMakeFiles/blink.dir/C_/Users/20235607/Downloads/BAS_System/sdk/src/rp2_common/pico_stdio_usb/reset_interface.c.obj
 .rodata.desc_bos
                0x10005ea4       0x21 CMakeFiles/blink.dir/C_/Users/20235607/Downloads/BAS_System/sdk/src/rp2_common/pico_stdio_usb/reset_interface.c.obj
                0x10005ea4                desc_bos
 *fill*         0x10005ec5        0x3 
 .rodata.desc_ms_os_20
                0x10005ec8       0xa6 CMakeFiles/blink.dir/C_/Users/20235607/Downloads/BAS_System/sdk/src/rp2_common/pico_stdio_usb/reset_interface.c.obj
 *fill*         0x10005f6e        0x2 
 .rodata.str1.4
                0x10005f70       0x13 CMakeFiles/blink.dir/C_/Users/20235607/Downloads/BAS_System/sdk/src/rp2_common/pico_stdio_usb/stdio_usb.c.obj
 *fill*         0x10005f83        0x1 
 .rodata.__bi_202.0
                0x10005f84        0xc CMakeFiles/blink.dir/C_/Users/20235607/Downloads/BAS_System/sdk/src/rp2_common/pico_stdio_usb/stdio_usb.c.obj
 .rodata.str1.4
                0x10005f90       0x2a CMakeFiles/blink.dir/C_/Users/20235607/Downloads/BAS_System/sdk/src/rp2_common/pico_stdio_usb/stdio_usb_descriptors.c.obj
 *fill*         0x10005fba        0x2 
 .rodata.usbd_desc_cfg
                0x10005fbc       0x54 CMakeFiles/blink.dir/C_/Users/20235607/Downloads/BAS_System/sdk/src/rp2_common/pico_stdio_usb/stdio_usb_descriptors.c.obj
 .rodata.usbd_desc_device
                0x10006010       0x12 CMakeFiles/blink.dir/C_/Users/20235607/Downloads/BAS_System/sdk/src/rp2_common/pico_stdio_usb/stdio_usb_descriptors.c.obj
 *fill*         0x10006022        0x2 
 .rodata.usbd_desc_str
                0x10006024       0x18 CMakeFiles/blink.dir/C_/Users/20235607/Downloads/BAS_System/sdk/src/rp2_common/pico_stdio_usb/stdio_usb_descriptors.c.obj
 .rodata.str1.4
                0x1000603c       0x14 CMakeFiles/blink.dir/C_/Users/20235607/Downloads/BAS_System/sdk/lib/tinyusb/src/portable/raspberrypi/rp2040/dcd_rp2040.c.obj
 .rodata.str1.4
                0x10006050       0x48 CMakeFiles/blink.dir/C_/Users/20235607/Downloads/BAS_System/sdk/lib/tinyusb/src/portable/raspberrypi/rp2040/rp2040_usb.c.obj
 .rodata._usbd_driver
                0x10006098       0x40 CMakeFiles/blink.dir/C_/Users/20235607/Downloads/BAS_System/sdk/lib/tinyusb/src/device/usbd.c.obj
 *(.srodata*)
                0x100060d8                . = ALIGN (0x4)
 *(SORT_BY_ALIGNMENT(SORT_BY_NAME(.flashdata*)))
                0x100060d8                . = ALIGN (0x4)

.ARM.extab
 *(.ARM.extab* .gnu.linkonce.armextab.*)
                0x100060d8                __exidx_start = .

.ARM.exidx      0x100060d8        0x8
 *(.ARM.exidx* .gnu.linkonce.armexidx.*)
 .ARM.exidx     0x100060d8        0x8 c:/progra~2/102021~1.10/bin/../lib/gcc/arm-none-eabi/10.3.1/thumb/v8-m.main+fp/softfp\libgcc.a(_udivmoddi4.o)
                0x100060e0                __exidx_end = .
                0x100060e0                . = ALIGN (0x4)
                0x100060e0                __binary_info_start = .

.binary_info    0x100060e0       0x20
 *(.binary_info.keep.*)
 .binary_info.keep.__bi_ptr26
                0x100060e0        0x4 CMakeFiles/blink.dir/C_/Users/20235607/Downloads/BAS_System/sdk/src/rp2_common/pico_standard_binary_info/standard_binary_info.c.obj
 .binary_info.keep.__bi_ptr34
                0x100060e4        0x4 CMakeFiles/blink.dir/C_/Users/20235607/Downloads/BAS_System/sdk/src/rp2_common/pico_standard_binary_info/standard_binary_info.c.obj
 .binary_info.keep.__bi_ptr42
                0x100060e8        0x4 CMakeFiles/blink.dir/C_/Users/20235607/Downloads/BAS_System/sdk/src/rp2_common/pico_standard_binary_info/standard_binary_info.c.obj
 .binary_info.keep.__bi_ptr48
                0x100060ec        0x4 CMakeFiles/blink.dir/C_/Users/20235607/Downloads/BAS_System/sdk/src/rp2_common/pico_standard_binary_info/standard_binary_info.c.obj
 .binary_info.keep.__bi_ptr54
                0x100060f0        0x4 CMakeFiles/blink.dir/C_/Users/20235607/Downloads/BAS_System/sdk/src/rp2_common/pico_standard_binary_info/standard_binary_info.c.obj
 .binary_info.keep.__bi_ptr78
                0x100060f4        0x4 CMakeFiles/blink.dir/C_/Users/20235607/Downloads/BAS_System/sdk/src/rp2_common/pico_standard_binary_info/standard_binary_info.c.obj
 .binary_info.keep.__bi_ptr84
                0x100060f8        0x4 CMakeFiles/blink.dir/C_/Users/20235607/Downloads/BAS_System/sdk/src/rp2_common/pico_standard_binary_info/standard_binary_info.c.obj
 *(.binary_info.*)
 .binary_info.__bi_ptr202
                0x100060fc        0x4 CMakeFiles/blink.dir/C_/Users/20235607/Downloads/BAS_System/sdk/src/rp2_common/pico_stdio_usb/stdio_usb.c.obj
                0x10006100                __binary_info_end = .
                0x10006100                . = ALIGN (0x4)

.ram_vector_table
                0x20000000      0x110
 *(.ram_vector_table)
 .ram_vector_table
                0x20000000      0x110 CMakeFiles/blink.dir/C_/Users/20235607/Downloads/BAS_System/sdk/src/rp2_common/pico_runtime_init/runtime_init.c.obj
                0x20000000                ram_vector_table

.uninitialized_data
                0x20000110        0x0
                0x20000110                . = ALIGN (0x4)
 *(.uninitialized_data*)

.data           0x20000110     0x10bc load address 0x10006100
                0x20000110                __data_start__ = .
 *(vtable)
 *(.time_critical*)
 .time_critical.mutex_try_enter
                0x20000110       0x54 CMakeFiles/blink.dir/C_/Users/20235607/Downloads/BAS_System/sdk/src/common/pico_sync/mutex.c.obj
                0x20000110                mutex_try_enter
 .time_critical.mutex_enter_block_until
                0x20000164       0x6c CMakeFiles/blink.dir/C_/Users/20235607/Downloads/BAS_System/sdk/src/common/pico_sync/mutex.c.obj
                0x20000164                mutex_enter_block_until
 .time_critical.mutex_try_enter_block_until
                0x200001d0       0x6c CMakeFiles/blink.dir/C_/Users/20235607/Downloads/BAS_System/sdk/src/common/pico_sync/mutex.c.obj
                0x200001d0                mutex_try_enter_block_until
 .time_critical.mutex_enter_timeout_ms
                0x2000023c       0x2c CMakeFiles/blink.dir/C_/Users/20235607/Downloads/BAS_System/sdk/src/common/pico_sync/mutex.c.obj
                0x2000023c                mutex_enter_timeout_ms
 .time_critical.mutex_exit
                0x20000268       0x3c CMakeFiles/blink.dir/C_/Users/20235607/Downloads/BAS_System/sdk/src/common/pico_sync/mutex.c.obj
                0x20000268                mutex_exit
 .time_critical.reset_non_control_endpoints
                0x200002a4       0x64 CMakeFiles/blink.dir/C_/Users/20235607/Downloads/BAS_System/sdk/lib/tinyusb/src/portable/raspberrypi/rp2040/dcd_rp2040.c.obj
 .time_critical.hw_handle_buff_status
                0x20000308       0xa0 CMakeFiles/blink.dir/C_/Users/20235607/Downloads/BAS_System/sdk/lib/tinyusb/src/portable/raspberrypi/rp2040/dcd_rp2040.c.obj
 .time_critical.dcd_rp2040_irq
                0x200003a8      0x4f8 CMakeFiles/blink.dir/C_/Users/20235607/Downloads/BAS_System/sdk/lib/tinyusb/src/portable/raspberrypi/rp2040/dcd_rp2040.c.obj
 .time_critical.prepare_ep_buffer
                0x200008a0       0xc8 CMakeFiles/blink.dir/C_/Users/20235607/Downloads/BAS_System/sdk/lib/tinyusb/src/portable/raspberrypi/rp2040/rp2040_usb.c.obj
 .time_critical.sync_ep_buffer
                0x20000968       0xb8 CMakeFiles/blink.dir/C_/Users/20235607/Downloads/BAS_System/sdk/lib/tinyusb/src/portable/raspberrypi/rp2040/rp2040_usb.c.obj
 .time_critical._hw_endpoint_xfer_sync
                0x20000a20       0x2c CMakeFiles/blink.dir/C_/Users/20235607/Downloads/BAS_System/sdk/lib/tinyusb/src/portable/raspberrypi/rp2040/rp2040_usb.c.obj
 .time_critical.e15_is_bulkin_ep
                0x20000a4c       0x28 CMakeFiles/blink.dir/C_/Users/20235607/Downloads/BAS_System/sdk/lib/tinyusb/src/portable/raspberrypi/rp2040/rp2040_usb.c.obj
 .time_critical.e15_is_critical_frame_period
                0x20000a74       0x28 CMakeFiles/blink.dir/C_/Users/20235607/Downloads/BAS_System/sdk/lib/tinyusb/src/portable/raspberrypi/rp2040/rp2040_usb.c.obj
 .time_critical.hw_endpoint_reset_transfer
                0x20000a9c        0xc CMakeFiles/blink.dir/C_/Users/20235607/Downloads/BAS_System/sdk/lib/tinyusb/src/portable/raspberrypi/rp2040/rp2040_usb.c.obj
                0x20000a9c                hw_endpoint_reset_transfer
 .time_critical._hw_endpoint_buffer_control_update32
                0x20000aa8       0x44 CMakeFiles/blink.dir/C_/Users/20235607/Downloads/BAS_System/sdk/lib/tinyusb/src/portable/raspberrypi/rp2040/rp2040_usb.c.obj
                0x20000aa8                _hw_endpoint_buffer_control_update32
 .time_critical.hw_endpoint_start_next_buffer
                0x20000aec       0x64 CMakeFiles/blink.dir/C_/Users/20235607/Downloads/BAS_System/sdk/lib/tinyusb/src/portable/raspberrypi/rp2040/rp2040_usb.c.obj
                0x20000aec                hw_endpoint_start_next_buffer
 .time_critical.hw_endpoint_xfer_continue
                0x20000b50       0x40 CMakeFiles/blink.dir/C_/Users/20235607/Downloads/BAS_System/sdk/lib/tinyusb/src/portable/raspberrypi/rp2040/rp2040_usb.c.obj
                0x20000b50                hw_endpoint_xfer_continue
 .time_critical.tinyusb
                0x20000b90      0x218 CMakeFiles/blink.dir/C_/Users/20235607/Downloads/BAS_System/sdk/lib/tinyusb/src/device/usbd.c.obj
                0x20000b90                dcd_event_handler
 *(.text*)
 .text          0x20000da8       0x30 c:/progra~2/102021~1.10/bin/../lib/gcc/arm-none-eabi/10.3.1/thumb/v8-m.main+fp/softfp\libgcc.a(_aeabi_uldivmod.o)
                0x20000da8                __aeabi_uldivmod
 .text          0x20000dd8      0x2ec c:/progra~2/102021~1.10/bin/../lib/gcc/arm-none-eabi/10.3.1/thumb/v8-m.main+fp/softfp\libgcc.a(_udivmoddi4.o)
                0x20000dd8                __udivmoddi4
 .text          0x200010c4        0x4 c:/progra~2/102021~1.10/bin/../lib/gcc/arm-none-eabi/10.3.1/thumb/v8-m.main+fp/softfp\libgcc.a(_dvmd_tls.o)
                0x200010c4                __aeabi_idiv0
                0x200010c4                __aeabi_ldiv0
 .text.__stub   0x200010c8       0x60 linker stubs
                0x20001128                . = ALIGN (0x4)
 *(.rodata*)
                0x20001128                . = ALIGN (0x4)
 *(.data*)
 .data.striped_spin_lock_num
                0x20001128        0x1 CMakeFiles/blink.dir/C_/Users/20235607/Downloads/BAS_System/sdk/src/rp2_common/hardware_sync/sync.c.obj
 *fill*         0x20001129        0x3 
 .data          0x2000112c       0x48 CMakeFiles/blink.dir/C_/Users/20235607/Downloads/BAS_System/sdk/src/rp2_common/hardware_irq/irq_handler_chain.S.obj
                0x2000112c                irq_handler_chain_slots
                0x2000115c                irq_handler_chain_first_slot
                0x20001166                irq_handler_chain_remove_tail
 .data.default_alarm_pool
                0x20001174       0x18 CMakeFiles/blink.dir/C_/Users/20235607/Downloads/BAS_System/sdk/src/common/pico_time/time.c.obj
 .data.stdio_usb
                0x2000118c       0x18 CMakeFiles/blink.dir/C_/Users/20235607/Downloads/BAS_System/sdk/src/rp2_common/pico_stdio_usb/stdio_usb.c.obj
                0x2000118c                stdio_usb
 .data._usbd_qdef
                0x200011a4       0x1c CMakeFiles/blink.dir/C_/Users/20235607/Downloads/BAS_System/sdk/lib/tinyusb/src/device/usbd.c.obj
                0x200011a4                _usbd_qdef
 .data._usbd_rhport
                0x200011c0        0x1 CMakeFiles/blink.dir/C_/Users/20235607/Downloads/BAS_System/sdk/lib/tinyusb/src/device/usbd.c.obj
 *(.sdata*)
                0x200011c4                . = ALIGN (0x4)
 *fill*         0x200011c1        0x3 
 *(.after_data.*)
                0x200011c4                . = ALIGN (0x4)
                0x200011c4                PROVIDE (__mutex_array_start = .)
 *(SORT_BY_NAME(.mutex_array.*))
 *(.mutex_array)
 .mutex_array   0x200011c4        0x8 CMakeFiles/blink.dir/C_/Users/20235607/Downloads/BAS_System/sdk/src/rp2_common/pico_stdio/stdio.c.obj
                0x200011cc                PROVIDE (__mutex_array_end = .)
 *(.jcr)
                0x200011cc                . = ALIGN (0x4)

.igot.plt       0x200011cc        0x0 load address 0x100071bc
 .igot.plt      0x200011cc        0x0 c:/progra~2/102021~1.10/bin/../lib/gcc/arm-none-eabi/10.3.1/thumb/v8-m.main+fp/softfp/crtbegin.o

.tdata          0x200011cc        0x0 load address 0x100071bc
                0x200011cc                . = ALIGN (0x4)
 *(.tdata .tdata.* .gnu.linkonce.td.*)
                0x200011cc                __tdata_end = .
                0x200011cc                PROVIDE (__data_end__ = .)
                0x10006100                __etext = LOADADDR (.data)

.tbss           0x200011cc        0x0 load address 0x100071bc
                0x200011cc                . = ALIGN (0x4)
                0x200011cc                __bss_start__ = .
                0x200011cc                __tls_base = .
 *(.tbss .tbss.* .gnu.linkonce.tb.*)
 *(.tcommon)
                0x200011cc                __tls_end = .

.bss            0x200011d0      0xc2c load address 0x100071bc
                0x200011d0                . = ALIGN (0x4)
                0x200011d0                __tbss_end = .
 *(SORT_BY_ALIGNMENT(SORT_BY_NAME(.bss*)))
 .bss.default_alarm_pool_entries
                0x200011d0      0x180 CMakeFiles/blink.dir/C_/Users/20235607/Downloads/BAS_System/sdk/src/common/pico_time/time.c.obj
 .bss.last_avail_time.1
                0x20001350        0x8 CMakeFiles/blink.dir/C_/Users/20235607/Downloads/BAS_System/sdk/src/rp2_common/pico_stdio_usb/stdio_usb.c.obj
 .bss           0x20001358       0x1c c:/progra~2/102021~1.10/bin/../lib/gcc/arm-none-eabi/10.3.1/thumb/v8-m.main+fp/softfp/crtbegin.o
 .bss._app_driver
                0x20001374        0x4 CMakeFiles/blink.dir/C_/Users/20235607/Downloads/BAS_System/sdk/lib/tinyusb/src/device/usbd.c.obj
 .bss._cdcd_epbuf
                0x20001378       0x80 CMakeFiles/blink.dir/C_/Users/20235607/Downloads/BAS_System/sdk/lib/tinyusb/src/class/cdc/cdc_device.c.obj
 .bss._cdcd_fifo_cfg
                0x200013f8        0x1 CMakeFiles/blink.dir/C_/Users/20235607/Downloads/BAS_System/sdk/lib/tinyusb/src/class/cdc/cdc_device.c.obj
 *fill*         0x200013f9        0x3 
 .bss._cdcd_itf
                0x200013fc       0xc8 CMakeFiles/blink.dir/C_/Users/20235607/Downloads/BAS_System/sdk/lib/tinyusb/src/class/cdc/cdc_device.c.obj
 .bss._ctrl_epbuf
                0x200014c4       0x40 CMakeFiles/blink.dir/C_/Users/20235607/Downloads/BAS_System/sdk/lib/tinyusb/src/device/usbd_control.c.obj
 .bss._ctrl_xfer
                0x20001504       0x14 CMakeFiles/blink.dir/C_/Users/20235607/Downloads/BAS_System/sdk/lib/tinyusb/src/device/usbd_control.c.obj
 .bss._sw_spin_locks
                0x20001518       0x20 CMakeFiles/blink.dir/C_/Users/20235607/Downloads/BAS_System/sdk/src/rp2_common/hardware_sync_spin_lock/sync_spin_lock.c.obj
                0x20001518                _sw_spin_locks
 .bss._tusb_rhport_role
                0x20001538        0x2 CMakeFiles/blink.dir/C_/Users/20235607/Downloads/BAS_System/sdk/lib/tinyusb/src/tusb.c.obj
                0x20001538                _tusb_rhport_role
 *fill*         0x2000153a        0x2 
 .bss._ubsd_mutexdef
                0x2000153c        0x8 CMakeFiles/blink.dir/C_/Users/20235607/Downloads/BAS_System/sdk/lib/tinyusb/src/device/usbd.c.obj
 .bss._usbd_dev
                0x20001544       0x54 CMakeFiles/blink.dir/C_/Users/20235607/Downloads/BAS_System/sdk/lib/tinyusb/src/device/usbd.c.obj
 .bss._usbd_mutex
                0x20001598        0x4 CMakeFiles/blink.dir/C_/Users/20235607/Downloads/BAS_System/sdk/lib/tinyusb/src/device/usbd.c.obj
 .bss._usbd_q   0x2000159c        0x4 CMakeFiles/blink.dir/C_/Users/20235607/Downloads/BAS_System/sdk/lib/tinyusb/src/device/usbd.c.obj
 .bss._usbd_qdef_buf
                0x200015a0       0xc0 CMakeFiles/blink.dir/C_/Users/20235607/Downloads/BAS_System/sdk/lib/tinyusb/src/device/usbd.c.obj
                0x200015a0                _usbd_qdef_buf
 .bss._vendord_epbuf
                0x20001660       0x80 CMakeFiles/blink.dir/C_/Users/20235607/Downloads/BAS_System/sdk/lib/tinyusb/src/class/vendor/vendor_device.c.obj
 .bss._vendord_itf
                0x200016e0      0x24c CMakeFiles/blink.dir/C_/Users/20235607/Downloads/BAS_System/sdk/lib/tinyusb/src/class/vendor/vendor_device.c.obj
 .bss.chars_available_callback
                0x2000192c        0x4 CMakeFiles/blink.dir/C_/Users/20235607/Downloads/BAS_System/sdk/src/rp2_common/pico_stdio_usb/stdio_usb.c.obj
 .bss.chars_available_param
                0x20001930        0x4 CMakeFiles/blink.dir/C_/Users/20235607/Downloads/BAS_System/sdk/src/rp2_common/pico_stdio_usb/stdio_usb.c.obj
 .bss.claimed   0x20001934        0x4 CMakeFiles/blink.dir/C_/Users/20235607/Downloads/BAS_System/sdk/src/rp2_common/hardware_sync/sync.c.obj
 .bss.claimed   0x20001938        0x2 CMakeFiles/blink.dir/C_/Users/20235607/Downloads/BAS_System/sdk/src/rp2_common/hardware_timer/timer.c.obj
 *fill*         0x2000193a        0x2 
 .bss.configured_freq
                0x2000193c       0x28 CMakeFiles/blink.dir/C_/Users/20235607/Downloads/BAS_System/sdk/src/rp2_common/hardware_clocks/clocks.c.obj
 .bss.desc_str.0
                0x20001964       0x28 CMakeFiles/blink.dir/C_/Users/20235607/Downloads/BAS_System/sdk/src/rp2_common/pico_stdio_usb/stdio_usb_descriptors.c.obj
 .bss.drivers   0x2000198c        0x4 CMakeFiles/blink.dir/C_/Users/20235607/Downloads/BAS_System/sdk/src/rp2_common/pico_stdio/stdio.c.obj
 .bss.e15_last_sof
                0x20001990        0x4 CMakeFiles/blink.dir/C_/Users/20235607/Downloads/BAS_System/sdk/lib/tinyusb/src/portable/raspberrypi/rp2040/rp2040_usb.c.obj
                0x20001990                e15_last_sof
 .bss.filter    0x20001994        0x4 CMakeFiles/blink.dir/C_/Users/20235607/Downloads/BAS_System/sdk/src/rp2_common/pico_stdio/stdio.c.obj
 .bss.hw_endpoints
                0x20001998      0x400 CMakeFiles/blink.dir/C_/Users/20235607/Downloads/BAS_System/sdk/lib/tinyusb/src/portable/raspberrypi/rp2040/dcd_rp2040.c.obj
 .bss.lazy_vsnprintf
                0x20001d98        0x4 CMakeFiles/blink.dir/C_/Users/20235607/Downloads/BAS_System/sdk/src/rp2_common/pico_printf/printf.c.obj
 .bss.load_value
                0x20001d9c        0x4 CMakeFiles/blink.dir/C_/Users/20235607/Downloads/BAS_System/sdk/src/rp2_common/hardware_watchdog/watchdog.c.obj
 .bss.next_buffer_ptr
                0x20001da0        0x4 CMakeFiles/blink.dir/C_/Users/20235607/Downloads/BAS_System/sdk/lib/tinyusb/src/portable/raspberrypi/rp2040/dcd_rp2040.c.obj
 .bss.one_shot_timer_crit_sec
                0x20001da4        0x8 CMakeFiles/blink.dir/C_/Users/20235607/Downloads/BAS_System/sdk/src/rp2_common/pico_stdio_usb/stdio_usb.c.obj
 .bss.pools     0x20001dac       0x20 CMakeFiles/blink.dir/C_/Users/20235607/Downloads/BAS_System/sdk/src/common/pico_time/time.c.obj
 .bss.retrieved_id
                0x20001dcc        0x8 CMakeFiles/blink.dir/C_/Users/20235607/Downloads/BAS_System/sdk/src/rp2_common/pico_unique_id/unique_id.c.obj
 .bss.sleep_notifier
                0x20001dd4        0x4 CMakeFiles/blink.dir/C_/Users/20235607/Downloads/BAS_System/sdk/src/common/pico_time/time.c.obj
 .bss.stdio_usb_mutex
                0x20001dd8        0x8 CMakeFiles/blink.dir/C_/Users/20235607/Downloads/BAS_System/sdk/src/rp2_common/pico_stdio_usb/stdio_usb.c.obj
 .bss.usbd_serial_str
                0x20001de0       0x11 CMakeFiles/blink.dir/C_/Users/20235607/Downloads/BAS_System/sdk/src/rp2_common/pico_stdio_usb/stdio_usb_descriptors.c.obj
 .bss._app_driver_count
                0x20001df1        0x1 CMakeFiles/blink.dir/C_/Users/20235607/Downloads/BAS_System/sdk/lib/tinyusb/src/device/usbd.c.obj
 .bss._sof_enable
                0x20001df2        0x1 CMakeFiles/blink.dir/C_/Users/20235607/Downloads/BAS_System/sdk/lib/tinyusb/src/portable/raspberrypi/rp2040/dcd_rp2040.c.obj
 .bss._usbd_queued_setup
                0x20001df3        0x1 CMakeFiles/blink.dir/C_/Users/20235607/Downloads/BAS_System/sdk/lib/tinyusb/src/device/usbd.c.obj
 .bss.irq_handler_chain_free_slot_head
                0x20001df4        0x1 CMakeFiles/blink.dir/C_/Users/20235607/Downloads/BAS_System/sdk/src/rp2_common/hardware_irq/irq.c.obj
 .bss.itf_num   0x20001df5        0x1 CMakeFiles/blink.dir/C_/Users/20235607/Downloads/BAS_System/sdk/src/rp2_common/pico_stdio_usb/reset_interface.c.obj
 .bss.low_priority_irq_num
                0x20001df6        0x1 CMakeFiles/blink.dir/C_/Users/20235607/Downloads/BAS_System/sdk/src/rp2_common/pico_stdio_usb/stdio_usb.c.obj
 .bss.one_shot_timer_pending
                0x20001df7        0x1 CMakeFiles/blink.dir/C_/Users/20235607/Downloads/BAS_System/sdk/src/rp2_common/pico_stdio_usb/stdio_usb.c.obj
 .bss.user_irq_claimed
                0x20001df8        0x1 CMakeFiles/blink.dir/C_/Users/20235607/Downloads/BAS_System/sdk/src/rp2_common/hardware_irq/irq.c.obj
 *(COMMON)
                [!provide]                PROVIDE (__global_pointer$ = (. + 0x800))
 *(.sbss*)
                0x20001dfc                . = ALIGN (0x4)
 *fill*         0x20001df9        0x3 
                0x20001dfc                __bss_end__ = .

.heap           0x20001dfc      0x800 load address 0x100071bc
                0x20001dfc                __end__ = .
                0x20001dfc                end = __end__
 *(.heap*)
 .heap          0x20001dfc      0x800 CMakeFiles/blink.dir/C_/Users/20235607/Downloads/BAS_System/sdk/src/rp2_common/pico_crt0/crt0.S.obj
                0x20080000                __HeapLimit = (ORIGIN (RAM) + LENGTH (RAM))

.scratch_x      0x20080000        0x0 load address 0x100071bc
                0x20080000                __scratch_x_start__ = .
 *(.scratch_x.*)
                0x20080000                . = ALIGN (0x4)
                0x20080000                __scratch_x_end__ = .
                0x100071bc                __scratch_x_source__ = LOADADDR (.scratch_x)

.scratch_y      0x20081000        0x0 load address 0x100071bc
                0x20081000                __scratch_y_start__ = .
 *(.scratch_y.*)
                0x20081000                . = ALIGN (0x4)
                0x20081000                __scratch_y_end__ = .
                0x100071bc                __scratch_y_source__ = LOADADDR (.scratch_y)

.stack1_dummy   0x20080000        0x0
 *(.stack1*)

.stack_dummy    0x20081000      0x800
 *(.stack*)
 .stack         0x20081000      0x800 CMakeFiles/blink.dir/C_/Users/20235607/Downloads/BAS_System/sdk/src/rp2_common/pico_crt0/crt0.S.obj

.flash_end      0x100071bc       0x14
 *(.embedded_end_block*)
 .embedded_end_block
                0x100071bc       0x14 CMakeFiles/blink.dir/C_/Users/20235607/Downloads/BAS_System/sdk/src/rp2_common/pico_crt0/crt0.S.obj
                0x100071d0                PROVIDE (__flash_binary_end = .)
                0x20080000                __StackLimit = (ORIGIN (RAM) + LENGTH (RAM))
                0x20081000                __StackOneTop = (ORIGIN (SCRATCH_X) + LENGTH (SCRATCH_X))
                0x20082000                __StackTop = (ORIGIN (SCRATCH_Y) + LENGTH (SCRATCH_Y))
                0x20081000                __StackOneBottom = (__StackOneTop - SIZEOF (.stack1_dummy))
                0x20081800                __StackBottom = (__StackTop - SIZEOF (.stack_dummy))
                0x20082000                PROVIDE (__stack = __StackTop)
                [!provide]                PROVIDE (__heap_start = __end__)
                [!provide]                PROVIDE (__heap_end = __HeapLimit)
                [!provide]                PROVIDE (__tls_align = MAX (ALIGNOF (.tdata), ALIGNOF (.tbss)))
                [!provide]                PROVIDE (__tls_size_align = (((__tls_size + __tls_align) - 0x1) & ~ ((__tls_align - 0x1))))
                [!provide]                PROVIDE (__arm32_tls_tcb_offset = MAX (0x8, __tls_align))
                [!provide]                PROVIDE (_end = __end__)
                [!provide]                PROVIDE (__llvm_libc_heap_limit = __HeapLimit)
                0x00000001                ASSERT ((__StackLimit >= __HeapLimit), region RAM overflowed)
                0x00000001                ASSERT (((__binary_info_header_end - __logical_binary_start) <= 0x400), Binary info must be in first 1024 bytes of the binary)
                0x00000001                ASSERT (((__embedded_block_end - __logical_binary_start) <= 0x1000), Embedded block must be in first 4096 bytes of the binary)
LOAD CMakeFiles/blink.dir/blink_led.c.obj
LOAD CMakeFiles/blink.dir/C_/Users/20235607/Downloads/BAS_System/sdk/src/rp2_common/pico_stdlib/stdlib.c.obj
LOAD CMakeFiles/blink.dir/C_/Users/20235607/Downloads/BAS_System/sdk/src/rp2_common/hardware_gpio/gpio.c.obj
LOAD CMakeFiles/blink.dir/C_/Users/20235607/Downloads/BAS_System/sdk/src/rp2350/pico_platform/platform.c.obj
LOAD CMakeFiles/blink.dir/C_/Users/20235607/Downloads/BAS_System/sdk/src/rp2_common/pico_platform_common/common.c.obj
LOAD CMakeFiles/blink.dir/C_/Users/20235607/Downloads/BAS_System/sdk/src/rp2_common/pico_platform_panic/panic.c.obj
LOAD CMakeFiles/blink.dir/C_/Users/20235607/Downloads/BAS_System/sdk/src/common/hardware_claim/claim.c.obj
LOAD CMakeFiles/blink.dir/C_/Users/20235607/Downloads/BAS_System/sdk/src/rp2_common/hardware_sync/sync.c.obj
LOAD CMakeFiles/blink.dir/C_/Users/20235607/Downloads/BAS_System/sdk/src/rp2_common/hardware_sync_spin_lock/sync_spin_lock.c.obj
LOAD CMakeFiles/blink.dir/C_/Users/20235607/Downloads/BAS_System/sdk/src/rp2_common/hardware_irq/irq.c.obj
LOAD CMakeFiles/blink.dir/C_/Users/20235607/Downloads/BAS_System/sdk/src/rp2_common/hardware_irq/irq_handler_chain.S.obj
LOAD CMakeFiles/blink.dir/C_/Users/20235607/Downloads/BAS_System/sdk/src/common/pico_sync/sem.c.obj
LOAD CMakeFiles/blink.dir/C_/Users/20235607/Downloads/BAS_System/sdk/src/common/pico_sync/lock_core.c.obj
LOAD CMakeFiles/blink.dir/C_/Users/20235607/Downloads/BAS_System/sdk/src/common/pico_sync/mutex.c.obj
LOAD CMakeFiles/blink.dir/C_/Users/20235607/Downloads/BAS_System/sdk/src/common/pico_sync/critical_section.c.obj
LOAD CMakeFiles/blink.dir/C_/Users/20235607/Downloads/BAS_System/sdk/src/common/pico_time/time.c.obj
LOAD CMakeFiles/blink.dir/C_/Users/20235607/Downloads/BAS_System/sdk/src/common/pico_time/timeout_helper.c.obj
LOAD CMakeFiles/blink.dir/C_/Users/20235607/Downloads/BAS_System/sdk/src/rp2_common/hardware_timer/timer.c.obj
LOAD CMakeFiles/blink.dir/C_/Users/20235607/Downloads/BAS_System/sdk/src/common/pico_util/datetime.c.obj
LOAD CMakeFiles/blink.dir/C_/Users/20235607/Downloads/BAS_System/sdk/src/common/pico_util/pheap.c.obj
LOAD CMakeFiles/blink.dir/C_/Users/20235607/Downloads/BAS_System/sdk/src/common/pico_util/queue.c.obj
LOAD CMakeFiles/blink.dir/C_/Users/20235607/Downloads/BAS_System/sdk/src/rp2_common/hardware_uart/uart.c.obj
LOAD CMakeFiles/blink.dir/C_/Users/20235607/Downloads/BAS_System/sdk/src/rp2_common/hardware_clocks/clocks.c.obj
LOAD CMakeFiles/blink.dir/C_/Users/20235607/Downloads/BAS_System/sdk/src/rp2_common/hardware_pll/pll.c.obj
LOAD CMakeFiles/blink.dir/C_/Users/20235607/Downloads/BAS_System/sdk/src/rp2_common/hardware_vreg/vreg.c.obj
LOAD CMakeFiles/blink.dir/C_/Users/20235607/Downloads/BAS_System/sdk/src/rp2_common/hardware_watchdog/watchdog.c.obj
LOAD CMakeFiles/blink.dir/C_/Users/20235607/Downloads/BAS_System/sdk/src/rp2_common/hardware_ticks/ticks.c.obj
LOAD CMakeFiles/blink.dir/C_/Users/20235607/Downloads/BAS_System/sdk/src/rp2_common/pico_bootrom/bootrom.c.obj
LOAD CMakeFiles/blink.dir/C_/Users/20235607/Downloads/BAS_System/sdk/src/rp2_common/pico_bootrom/bootrom_lock.c.obj
LOAD CMakeFiles/blink.dir/C_/Users/20235607/Downloads/BAS_System/sdk/src/rp2_common/hardware_boot_lock/boot_lock.c.obj
LOAD CMakeFiles/blink.dir/C_/Users/20235607/Downloads/BAS_System/sdk/src/rp2_common/pico_flash/flash.c.obj
LOAD CMakeFiles/blink.dir/C_/Users/20235607/Downloads/BAS_System/sdk/src/rp2_common/hardware_xosc/xosc.c.obj
LOAD CMakeFiles/blink.dir/C_/Users/20235607/Downloads/BAS_System/sdk/src/rp2_common/hardware_divider/divider.c.obj
LOAD CMakeFiles/blink.dir/C_/Users/20235607/Downloads/BAS_System/sdk/src/rp2_common/pico_runtime/runtime.c.obj
LOAD CMakeFiles/blink.dir/C_/Users/20235607/Downloads/BAS_System/sdk/src/rp2_common/pico_runtime_init/runtime_init.c.obj
LOAD CMakeFiles/blink.dir/C_/Users/20235607/Downloads/BAS_System/sdk/src/rp2_common/pico_runtime_init/runtime_init_clocks.c.obj
LOAD CMakeFiles/blink.dir/C_/Users/20235607/Downloads/BAS_System/sdk/src/rp2_common/pico_runtime_init/runtime_init_stack_guard.c.obj
LOAD CMakeFiles/blink.dir/C_/Users/20235607/Downloads/BAS_System/sdk/src/rp2_common/pico_bit_ops/bit_ops_aeabi.S.obj
LOAD CMakeFiles/blink.dir/C_/Users/20235607/Downloads/BAS_System/sdk/src/rp2_common/pico_divider/divider_compiler.c.obj
LOAD CMakeFiles/blink.dir/C_/Users/20235607/Downloads/BAS_System/sdk/src/rp2_common/pico_double/double_math.c.obj
LOAD CMakeFiles/blink.dir/C_/Users/20235607/Downloads/BAS_System/sdk/src/rp2_common/pico_double/double_aeabi_dcp.S.obj
LOAD CMakeFiles/blink.dir/C_/Users/20235607/Downloads/BAS_System/sdk/src/rp2_common/pico_double/double_fma_dcp.S.obj
LOAD CMakeFiles/blink.dir/C_/Users/20235607/Downloads/BAS_System/sdk/src/rp2_common/pico_double/double_sci_m33.S.obj
LOAD CMakeFiles/blink.dir/C_/Users/20235607/Downloads/BAS_System/sdk/src/rp2_common/pico_double/double_conv_m33.S.obj
LOAD CMakeFiles/blink.dir/C_/Users/20235607/Downloads/BAS_System/sdk/src/rp2_common/pico_float/float_math.c.obj
LOAD CMakeFiles/blink.dir/C_/Users/20235607/Downloads/BAS_System/sdk/src/rp2_common/pico_float/float_conv32_vfp.S.obj
LOAD CMakeFiles/blink.dir/C_/Users/20235607/Downloads/BAS_System/sdk/src/rp2_common/pico_float/float_common_m33.S.obj
LOAD CMakeFiles/blink.dir/C_/Users/20235607/Downloads/BAS_System/sdk/src/rp2_common/pico_float/float_sci_m33_vfp.S.obj
LOAD CMakeFiles/blink.dir/C_/Users/20235607/Downloads/BAS_System/sdk/src/rp2_common/pico_malloc/malloc.c.obj
LOAD CMakeFiles/blink.dir/C_/Users/20235607/Downloads/BAS_System/sdk/src/rp2_common/pico_atomic/atomic.c.obj
LOAD CMakeFiles/blink.dir/C_/Users/20235607/Downloads/BAS_System/sdk/src/rp2_common/pico_cxx_options/new_delete.cpp.obj
LOAD CMakeFiles/blink.dir/C_/Users/20235607/Downloads/BAS_System/sdk/src/rp2_common/pico_standard_binary_info/standard_binary_info.c.obj
LOAD CMakeFiles/blink.dir/C_/Users/20235607/Downloads/BAS_System/sdk/src/rp2_common/pico_printf/printf.c.obj
LOAD CMakeFiles/blink.dir/C_/Users/20235607/Downloads/BAS_System/sdk/src/rp2_common/pico_crt0/crt0.S.obj
LOAD CMakeFiles/blink.dir/C_/Users/20235607/Downloads/BAS_System/sdk/src/rp2_common/pico_clib_interface/newlib_interface.c.obj
LOAD CMakeFiles/blink.dir/C_/Users/20235607/Downloads/BAS_System/sdk/src/rp2_common/pico_stdio/stdio.c.obj
LOAD CMakeFiles/blink.dir/C_/Users/20235607/Downloads/BAS_System/sdk/src/rp2_common/pico_stdio_usb/reset_interface.c.obj
LOAD CMakeFiles/blink.dir/C_/Users/20235607/Downloads/BAS_System/sdk/src/rp2_common/pico_stdio_usb/stdio_usb.c.obj
LOAD CMakeFiles/blink.dir/C_/Users/20235607/Downloads/BAS_System/sdk/src/rp2_common/pico_stdio_usb/stdio_usb_descriptors.c.obj
LOAD CMakeFiles/blink.dir/C_/Users/20235607/Downloads/BAS_System/sdk/src/rp2_common/pico_unique_id/unique_id.c.obj
LOAD CMakeFiles/blink.dir/C_/Users/20235607/Downloads/BAS_System/sdk/src/rp2_common/hardware_flash/flash.c.obj
LOAD CMakeFiles/blink.dir/C_/Users/20235607/Downloads/BAS_System/sdk/src/rp2_common/hardware_xip_cache/xip_cache.c.obj
LOAD CMakeFiles/blink.dir/C_/Users/20235607/Downloads/BAS_System/sdk/lib/tinyusb/src/portable/raspberrypi/rp2040/dcd_rp2040.c.obj
LOAD CMakeFiles/blink.dir/C_/Users/20235607/Downloads/BAS_System/sdk/lib/tinyusb/src/portable/raspberrypi/rp2040/rp2040_usb.c.obj
LOAD CMakeFiles/blink.dir/C_/Users/20235607/Downloads/BAS_System/sdk/lib/tinyusb/src/device/usbd.c.obj
LOAD CMakeFiles/blink.dir/C_/Users/20235607/Downloads/BAS_System/sdk/lib/tinyusb/src/device/usbd_control.c.obj
LOAD CMakeFiles/blink.dir/C_/Users/20235607/Downloads/BAS_System/sdk/lib/tinyusb/src/class/audio/audio_device.c.obj
LOAD CMakeFiles/blink.dir/C_/Users/20235607/Downloads/BAS_System/sdk/lib/tinyusb/src/class/cdc/cdc_device.c.obj
LOAD CMakeFiles/blink.dir/C_/Users/20235607/Downloads/BAS_System/sdk/lib/tinyusb/src/class/dfu/dfu_device.c.obj
LOAD CMakeFiles/blink.dir/C_/Users/20235607/Downloads/BAS_System/sdk/lib/tinyusb/src/class/dfu/dfu_rt_device.c.obj
LOAD CMakeFiles/blink.dir/C_/Users/20235607/Downloads/BAS_System/sdk/lib/tinyusb/src/class/hid/hid_device.c.obj
LOAD CMakeFiles/blink.dir/C_/Users/20235607/Downloads/BAS_System/sdk/lib/tinyusb/src/class/midi/midi_device.c.obj
LOAD CMakeFiles/blink.dir/C_/Users/20235607/Downloads/BAS_System/sdk/lib/tinyusb/src/class/msc/msc_device.c.obj
LOAD CMakeFiles/blink.dir/C_/Users/20235607/Downloads/BAS_System/sdk/lib/tinyusb/src/class/net/ecm_rndis_device.c.obj
LOAD CMakeFiles/blink.dir/C_/Users/20235607/Downloads/BAS_System/sdk/lib/tinyusb/src/class/net/ncm_device.c.obj
LOAD CMakeFiles/blink.dir/C_/Users/20235607/Downloads/BAS_System/sdk/lib/tinyusb/src/class/usbtmc/usbtmc_device.c.obj
LOAD CMakeFiles/blink.dir/C_/Users/20235607/Downloads/BAS_System/sdk/lib/tinyusb/src/class/vendor/vendor_device.c.obj
LOAD CMakeFiles/blink.dir/C_/Users/20235607/Downloads/BAS_System/sdk/lib/tinyusb/src/class/video/video_device.c.obj
LOAD CMakeFiles/blink.dir/C_/Users/20235607/Downloads/BAS_System/sdk/lib/tinyusb/src/tusb.c.obj
LOAD CMakeFiles/blink.dir/C_/Users/20235607/Downloads/BAS_System/sdk/lib/tinyusb/src/common/tusb_fifo.c.obj
LOAD CMakeFiles/blink.dir/C_/Users/20235607/Downloads/BAS_System/sdk/src/rp2_common/pico_fix/rp2040_usb_device_enumeration/rp2040_usb_device_enumeration.c.obj
LOAD pico-sdk\src\rp2350\boot_stage2\CMakeFiles\bs2_default_library.dir\bs2_default_padded_checksummed.S.obj
LOAD c:/progra~2/102021~1.10/bin/../lib/gcc/arm-none-eabi/10.3.1/../../../../arm-none-eabi/lib/thumb/v8-m.main+fp/softfp\libstdc++.a
LOAD c:/progra~2/102021~1.10/bin/../lib/gcc/arm-none-eabi/10.3.1/../../../../arm-none-eabi/lib/thumb/v8-m.main+fp/softfp\libm.a
START GROUP
LOAD c:/progra~2/102021~1.10/bin/../lib/gcc/arm-none-eabi/10.3.1/thumb/v8-m.main+fp/softfp\libgcc.a