Archive member included to satisfy reference by file (symbol)

c:/progra~2/102021~1.10/bin/../lib/gcc/arm-none-eabi/10.3.1/../../../../arm-none-eabi/lib/thumb/v8-m.main+fp/softfp\libm.a(lib_a-wf_sqrt.o)
                              CMakeFiles/freertos_blink.dir/C_/Users/20235607/Downloads/BAS_System/sdk/src/rp2_common/pico_float/float_math.c.obj (sqrtf)
c:/progra~2/102021~1.10/bin/../lib/gcc/arm-none-eabi/10.3.1/../../../../arm-none-eabi/lib/thumb/v8-m.main+fp/softfp\libm.a(lib_a-ef_sqrt.o)
                              c:/progra~2/102021~1.10/bin/../lib/gcc/arm-none-eabi/10.3.1/../../../../arm-none-eabi/lib/thumb/v8-m.main+fp/softfp\libm.a(lib_a-wf_sqrt.o) (__ieee754_sqrtf)
c:/progra~2/102021~1.10/bin/../lib/gcc/arm-none-eabi/10.3.1/thumb/v8-m.main+fp/softfp\libgcc.a(_arm_addsubdf3.o)
                              CMakeFiles/freertos_blink.dir/C_/Users/20235607/Downloads/BAS_System/sdk/src/rp2_common/pico_float/float_math.c.obj (__aeabi_f2d)
c:/progra~2/102021~1.10/bin/../lib/gcc/arm-none-eabi/10.3.1/thumb/v8-m.main+fp/softfp\libgcc.a(_aeabi_ldivmod.o)
                              CMakeFiles/freertos_blink.dir/C_/Users/20235607/Downloads/BAS_System/sdk/src/common/pico_time/time.c.obj (__aeabi_ldivmod)
c:/progra~2/102021~1.10/bin/../lib/gcc/arm-none-eabi/10.3.1/thumb/v8-m.main+fp/softfp\libgcc.a(_aeabi_uldivmod.o)
                              CMakeFiles/freertos_blink.dir/C_/Users/20235607/Downloads/BAS_System/sdk/src/rp2_common/hardware_clocks/clocks.c.obj (__aeabi_uldivmod)
c:/progra~2/102021~1.10/bin/../lib/gcc/arm-none-eabi/10.3.1/thumb/v8-m.main+fp/softfp\libgcc.a(_udivmoddi4.o)
                              c:/progra~2/102021~1.10/bin/../lib/gcc/arm-none-eabi/10.3.1/thumb/v8-m.main+fp/softfp\libgcc.a(_aeabi_ldivmod.o) (__udivmoddi4)
c:/progra~2/102021~1.10/bin/../lib/gcc/arm-none-eabi/10.3.1/thumb/v8-m.main+fp/softfp\libgcc.a(_dvmd_tls.o)
                              c:/progra~2/102021~1.10/bin/../lib/gcc/arm-none-eabi/10.3.1/thumb/v8-m.main+fp/softfp\libgcc.a(_aeabi_ldivmod.o) (__aeabi_ldiv0)
c:/progra~2/102021~1.10/bin/../lib/gcc/arm-none-eabi/10.3.1/../../../../arm-none-eabi/lib/thumb/v8-m.main+fp/softfp\libg.a(lib_a-calloc.o)
                              CMakeFiles/freertos_blink.dir/C_/Users/20235607/Downloads/BAS_System/sdk/src/rp2_common/pico_malloc/malloc.c.obj (calloc)
c:/progra~2/102021~1.10/bin/../lib/gcc/arm-none-eabi/10.3.1/../../../../arm-none-eabi/lib/thumb/v8-m.main+fp/softfp\libg.a(lib_a-callocr.o)
                              c:/progra~2/102021~1.10/bin/../lib/gcc/arm-none-eabi/10.3.1/../../../../arm-none-eabi/lib/thumb/v8-m.main+fp/softfp\libg.a(lib_a-calloc.o) (_calloc_r)
c:/progra~2/102021~1.10/bin/../lib/gcc/arm-none-eabi/10.3.1/../../../../arm-none-eabi/lib/thumb/v8-m.main+fp/softfp\libg.a(lib_a-errno.o)
                              c:/progra~2/102021~1.10/bin/../lib/gcc/arm-none-eabi/10.3.1/../../../../arm-none-eabi/lib/thumb/v8-m.main+fp/softfp\libm.a(lib_a-wf_sqrt.o) (__errno)
c:/progra~2/102021~1.10/bin/../lib/gcc/arm-none-eabi/10.3.1/../../../../arm-none-eabi/lib/thumb/v8-m.main+fp/softfp\libg.a(lib_a-impure.o)
                              c:/progra~2/102021~1.10/bin/../lib/gcc/arm-none-eabi/10.3.1/../../../../arm-none-eabi/lib/thumb/v8-m.main+fp/softfp\libg.a(lib_a-calloc.o) (_impure_ptr)
c:/progra~2/102021~1.10/bin/../lib/gcc/arm-none-eabi/10.3.1/../../../../arm-none-eabi/lib/thumb/v8-m.main+fp/softfp\libg.a(lib_a-init.o)
                              c:/progra~2/102021~1.10/bin/../lib/gcc/arm-none-eabi/10.3.1/../../../../arm-none-eabi/lib/thumb/v8-m.main+fp/softfp/crt0.o (__libc_init_array)
c:/progra~2/102021~1.10/bin/../lib/gcc/arm-none-eabi/10.3.1/../../../../arm-none-eabi/lib/thumb/v8-m.main+fp/softfp\libg.a(lib_a-lcltime_r.o)
                              CMakeFiles/freertos_blink.dir/C_/Users/20235607/Downloads/BAS_System/sdk/src/common/pico_util/datetime.c.obj (localtime_r)
c:/progra~2/102021~1.10/bin/../lib/gcc/arm-none-eabi/10.3.1/../../../../arm-none-eabi/lib/thumb/v8-m.main+fp/softfp\libg.a(lib_a-malloc.o)
                              CMakeFiles/freertos_blink.dir/C_/Users/20235607/Downloads/BAS_System/sdk/src/rp2_common/pico_malloc/malloc.c.obj (malloc)
c:/progra~2/102021~1.10/bin/../lib/gcc/arm-none-eabi/10.3.1/../../../../arm-none-eabi/lib/thumb/v8-m.main+fp/softfp\libg.a(lib_a-mallocr.o)
                              c:/progra~2/102021~1.10/bin/../lib/gcc/arm-none-eabi/10.3.1/../../../../arm-none-eabi/lib/thumb/v8-m.main+fp/softfp\libg.a(lib_a-callocr.o) (_malloc_r)
c:/progra~2/102021~1.10/bin/../lib/gcc/arm-none-eabi/10.3.1/../../../../arm-none-eabi/lib/thumb/v8-m.main+fp/softfp\libg.a(lib_a-memcmp.o)
                              CMakeFiles/freertos_blink.dir/C_/Users/20235607/Downloads/BAS_System/sdk/src/rp2_common/pico_atomic/atomic.c.obj (memcmp)
c:/progra~2/102021~1.10/bin/../lib/gcc/arm-none-eabi/10.3.1/../../../../arm-none-eabi/lib/thumb/v8-m.main+fp/softfp\libg.a(lib_a-memcpy.o)
[...]
Memory Configuration

Name             Origin             Length             Attributes
FLASH            0x10000000         0x00400000         xr
RAM              0x20000000         0x00080000         xrw
SCRATCH_X        0x20080000         0x00001000         xrw
SCRATCH_Y        0x20081000         0x00001000         xrw
*default*        0x00000000         0xffffffff

Linker script and memory map

LOAD c:/progra~2/102021~1.10/bin/../lib/gcc/arm-none-eabi/10.3.1/thumb/v8-m.main+fp/softfp/crti.o
LOAD c:/progra~2/102021~1.10/bin/../lib/gcc/arm-none-eabi/10.3.1/thumb/v8-m.main+fp/softfp/crtbegin.o
LOAD c:/progra~2/102021~1.10/bin/../lib/gcc/arm-none-eabi/10.3.1/../../../../arm-none-eabi/lib/thumb/v8-m.main+fp/softfp/crt0.o

.flash_begin    0x10000000        0x0
                0x10000000                __flash_binary_start = .

.text           0x10000000     0x6a5c
                0x10000000                __logical_binary_start = .
 *(.vectors)
 .vectors       0x10000000      0x124 CMakeFiles/freertos_blink.dir/C_/Users/20235607/Downloads/BAS_System/sdk/src/rp2_common/pico_crt0/crt0.S.obj
                0x10000000                __VECTOR_TABLE
                0x10000000                __vectors
                0x10000110                __unhandled_user_irq
                0x10000110                isr_irq49
                0x10000110                isr_irq13
                0x10000110                isr_irq43
                0x10000110                isr_irq45
                0x10000110                isr_irq27
                0x10000110                isr_irq32
                0x10000110                isr_irq31
                0x10000110                isr_irq12
                0x10000110                isr_irq5
                0x10000110                isr_irq11
                0x10000110                isr_irq3
                0x10000110                isr_irq23
                0x10000110                isr_usagefault
                0x10000110                isr_irq48
                0x10000110                isr_irq30
                0x10000110                isr_irq18
                0x10000110                isr_irq50
                0x10000110                isr_irq33
                0x10000110                isr_irq40
                0x10000110                isr_irq28
                0x10000110                isr_irq19
                0x10000110                isr_irq36
                0x10000110                isr_irq41
                0x10000110                isr_irq0
                0x10000110                isr_irq6
                0x10000110                isr_irq26
                0x10000110                isr_irq29
                0x10000110                isr_memmanage
                0x10000110                isr_irq37
                0x10000110                isr_irq42
                0x10000110                isr_irq22
                0x10000110                isr_irq35
                0x10000110                isr_irq17
                0x10000110                isr_irq38
                0x10000110                isr_irq14
                0x10000110                __vectors_end
                0x10000110                __default_isrs_start
                0x10000110                isr_irq2
                0x10000110                isr_irq10
                0x10000110                isr_irq8
                0x10000110                isr_debugmonitor
                0x10000110                isr_irq24
                0x10000110                isr_irq46
                0x10000110                isr_irq1
                0x10000110                isr_irq47
                0x10000110                isr_irq51
                0x10000110                isr_irq7
                0x10000110                isr_irq21
                0x10000110                isr_irq39
                0x10000110                isr_irq20
                0x10000110                isr_irq15
                0x10000110                isr_irq25
                0x10000110                isr_irq34
                0x10000110                isr_irq44
                0x10000110                isr_securefault
                0x10000110                isr_irq4
                0x10000110                isr_busfault
                0x10000110                isr_irq16
                0x10000110                isr_irq9
                0x10000116                unhandled_user_irq_num_in_r0
                0x10000118                isr_invalid
                0x1000011a                isr_nmi
                0x1000011c                isr_hardfault
                0x1000011e                isr_svcall
                0x10000120                isr_pendsv
                0x10000122                isr_systick
                0x10000124                __default_isrs_end
 *(.binary_info_header)
 .binary_info_header
                0x10000124       0x14 CMakeFiles/freertos_blink.dir/C_/Users/20235607/Downloads/BAS_System/sdk/src/rp2_common/pico_crt0/crt0.S.obj
                0x10000138                __binary_info_header_end = .
 *(.embedded_block)
 .embedded_block
                0x10000138       0x14 CMakeFiles/freertos_blink.dir/C_/Users/20235607/Downloads/BAS_System/sdk/src/rp2_common/pico_crt0/crt0.S.obj
                0x1000014c                __embedded_block_end = .
 *(.reset)
 .reset         0x1000014c       0x98 CMakeFiles/freertos_blink.dir/C_/Users/20235607/Downloads/BAS_System/sdk/src/rp2_common/pico_crt0/crt0.S.obj
                0x1000014c                _entry_point
 *(.init)
 .init          0x100001e4        0x4 c:/progra~2/102021~1.10/bin/../lib/gcc/arm-none-eabi/10.3.1/thumb/v8-m.main+fp/softfp/crti.o
                0x100001e4                _init
 *libgcc.a:cmse_nonsecure_call.o()
 *(EXCLUDE_FILE(*libm.a: *libc.a:*lib_a-mem*.o *libgcc.a:) .text*)
 .text          0x100001e8       0x40 c:/progra~2/102021~1.10/bin/../lib/gcc/arm-none-eabi/10.3.1/thumb/v8-m.main+fp/softfp/crtbegin.o
 .text.blink_task
                0x10000228       0x50 CMakeFiles/freertos_blink.dir/main.c.obj
                0x10000228                blink_task
 .text.print_task
                0x10000278       0x34 CMakeFiles/freertos_blink.dir/main.c.obj
                0x10000278                print_task
 .text.startup.main
                0x100002ac       0x5c CMakeFiles/freertos_blink.dir/main.c.obj
                0x100002ac                main
 .text.gpio_init
                0x10000308       0x44 CMakeFiles/freertos_blink.dir/C_/Users/20235607/Downloads/BAS_System/sdk/src/rp2_common/hardware_gpio/gpio.c.obj
                0x10000308                gpio_init
 .text.panic    0x1000034c       0x30 CMakeFiles/freertos_blink.dir/C_/Users/20235607/Downloads/BAS_System/sdk/src/rp2_common/pico_platform_panic/panic.c.obj
                0x1000034c                panic
 .text.hw_claim_lock
                0x1000037c       0x24 CMakeFiles/freertos_blink.dir/C_/Users/20235607/Downloads/BAS_System/sdk/src/common/hardware_claim/claim.c.obj
                0x1000037c                hw_claim_lock
 .text.hw_claim_unlock
                0x100003a0       0x14 CMakeFiles/freertos_blink.dir/C_/Users/20235607/Downloads/BAS_System/sdk/src/common/hardware_claim/claim.c.obj
                0x100003a0                hw_claim_unlock
 .text.hw_claim_or_assert
                0x100003b4       0x5c CMakeFiles/freertos_blink.dir/C_/Users/20235607/Downloads/BAS_System/sdk/src/common/hardware_claim/claim.c.obj
                0x100003b4                hw_claim_or_assert
 .text.hw_claim_unused_from_range
                0x10000410       0x9c CMakeFiles/freertos_blink.dir/C_/Users/20235607/Downloads/BAS_System/sdk/src/common/hardware_claim/claim.c.obj
                0x10000410                hw_claim_unused_from_range
 .text.next_striped_spin_lock_num
                0x100004ac       0x18 CMakeFiles/freertos_blink.dir/C_/Users/20235607/Downloads/BAS_System/sdk/src/rp2_common/hardware_sync/sync.c.obj
                0x100004ac                next_striped_spin_lock_num
 .text.spin_lock_claim_unused
                0x100004c4       0x20 CMakeFiles/freertos_blink.dir/C_/Users/20235607/Downloads/BAS_System/sdk/src/rp2_common/hardware_sync/sync.c.obj
                0x100004c4                spin_lock_claim_unused
 .text.spinlock_set_extexclall
                0x100004e4       0x10 CMakeFiles/freertos_blink.dir/C_/Users/20235607/Downloads/BAS_System/sdk/src/rp2_common/hardware_sync_spin_lock/sync_spin_lock.c.obj
 .text.spin_locks_reset
                0x100004f4       0x18 CMakeFiles/freertos_blink.dir/C_/Users/20235607/Downloads/BAS_System/sdk/src/rp2_common/hardware_sync_spin_lock/sync_spin_lock.c.obj
                0x100004f4                spin_locks_reset
 .text.runtime_init_per_core_irq_priorities
                0x1000050c       0x40 CMakeFiles/freertos_blink.dir/C_/Users/20235607/Downloads/BAS_System/sdk/src/rp2_common/hardware_irq/irq.c.obj
                0x1000050c                runtime_init_per_core_irq_priorities
 .text.irq_set_enabled
                0x1000054c       0x2c CMakeFiles/freertos_blink.dir/C_/Users/20235607/Downloads/BAS_System/sdk/src/rp2_common/hardware_irq/irq.c.obj
                0x1000054c                irq_set_enabled
 .text.irq_is_enabled
                0x10000578       0x20 CMakeFiles/freertos_blink.dir/C_/Users/20235607/Downloads/BAS_System/sdk/src/rp2_common/hardware_irq/irq.c.obj
                0x10000578                irq_is_enabled
 .text.irq_set_pending
                0x10000598       0x1c CMakeFiles/freertos_blink.dir/C_/Users/20235607/Downloads/BAS_System/sdk/src/rp2_common/hardware_irq/irq.c.obj
                0x10000598                irq_set_pending
 .text.irq_has_shared_handler
                0x100005b4       0x20 CMakeFiles/freertos_blink.dir/C_/Users/20235607/Downloads/BAS_System/sdk/src/rp2_common/hardware_irq/irq.c.obj
                0x100005b4                irq_has_shared_handler
 .text.irq_set_exclusive_handler
                0x100005d4       0x60 CMakeFiles/freertos_blink.dir/C_/Users/20235607/Downloads/BAS_System/sdk/src/rp2_common/hardware_irq/irq.c.obj
                0x100005d4                irq_set_exclusive_handler
 .text.irq_add_shared_handler
                0x10000634      0x1e8 CMakeFiles/freertos_blink.dir/C_/Users/20235607/Downloads/BAS_System/sdk/src/rp2_common/hardware_irq/irq.c.obj
                0x10000634                irq_add_shared_handler
 .text.irq_set_priority
                0x1000081c       0x28 CMakeFiles/freertos_blink.dir/C_/Users/20235607/Downloads/BAS_System/sdk/src/rp2_common/hardware_irq/irq.c.obj
                0x1000081c                irq_set_priority
 .text.irq_add_tail_to_free_list
                0x10000844       0xbc CMakeFiles/freertos_blink.dir/C_/Users/20235607/Downloads/BAS_System/sdk/src/rp2_common/hardware_irq/irq.c.obj
                0x10000844                irq_add_tail_to_free_list
 .text.user_irq_claim_unused
                0x10000900       0x28 CMakeFiles/freertos_blink.dir/C_/Users/20235607/Downloads/BAS_System/sdk/src/rp2_common/hardware_irq/irq.c.obj
                0x10000900                user_irq_claim_unused
 .text.lock_init
                0x10000928        0xc CMakeFiles/freertos_blink.dir/C_/Users/20235607/Downloads/BAS_System/sdk/src/common/pico_sync/lock_core.c.obj
                0x10000928                lock_init
 .text.runtime_init_mutex
                0x10000934       0x64 CMakeFiles/freertos_blink.dir/C_/Users/20235607/Downloads/BAS_System/sdk/src/common/pico_sync/mutex.c.obj
                0x10000934                runtime_init_mutex
 .text.mutex_init
                0x10000998       0x1c CMakeFiles/freertos_blink.dir/C_/Users/20235607/Downloads/BAS_System/sdk/src/common/pico_sync/mutex.c.obj
                0x10000998                mutex_init
 .text.critical_section_init
                0x100009b4       0x1c CMakeFiles/freertos_blink.dir/C_/Users/20235607/Downloads/BAS_System/sdk/src/common/pico_sync/critical_section.c.obj
                0x100009b4                critical_section_init
 .text.critical_section_init_with_lock_num
                0x100009d0       0x10 CMakeFiles/freertos_blink.dir/C_/Users/20235607/Downloads/BAS_System/sdk/src/common/pico_sync/critical_section.c.obj
                0x100009d0                critical_section_init_with_lock_num
 .text.alarm_pool_irq_handler
                0x100009e0      0x300 CMakeFiles/freertos_blink.dir/C_/Users/20235607/Downloads/BAS_System/sdk/src/common/pico_time/time.c.obj
 .text.sleep_until_callback
                0x10000ce0       0x34 CMakeFiles/freertos_blink.dir/C_/Users/20235607/Downloads/BAS_System/sdk/src/common/pico_time/time.c.obj
 .text.runtime_init_default_alarm_pool
                0x10000d14      0x100 CMakeFiles/freertos_blink.dir/C_/Users/20235607/Downloads/BAS_System/sdk/src/common/pico_time/time.c.obj
                0x10000d14                runtime_init_default_alarm_pool
 .text.alarm_pool_get_default
                0x10000e14        0x8 CMakeFiles/freertos_blink.dir/C_/Users/20235607/Downloads/BAS_System/sdk/src/common/pico_time/time.c.obj
                0x10000e14                alarm_pool_get_default
 .text.alarm_pool_add_alarm_at
                0x10000e1c       0xdc CMakeFiles/freertos_blink.dir/C_/Users/20235607/Downloads/BAS_System/sdk/src/common/pico_time/time.c.obj
                0x10000e1c                alarm_pool_add_alarm_at
 .text.alarm_pool_add_alarm_at_force_in_context
                0x10000ef8       0xc4 CMakeFiles/freertos_blink.dir/C_/Users/20235607/Downloads/BAS_System/sdk/src/common/pico_time/time.c.obj
                0x10000ef8                alarm_pool_add_alarm_at_force_in_context
 .text.alarm_pool_cancel_alarm
                0x10000fbc       0x80 CMakeFiles/freertos_blink.dir/C_/Users/20235607/Downloads/BAS_System/sdk/src/common/pico_time/time.c.obj
                0x10000fbc                alarm_pool_cancel_alarm
 .text.alarm_pool_core_num
                0x1000103c        0x4 CMakeFiles/freertos_blink.dir/C_/Users/20235607/Downloads/BAS_System/sdk/src/common/pico_time/time.c.obj
                0x1000103c                alarm_pool_core_num
 .text.best_effort_wfe_or_timeout
                0x10001040       0xdc CMakeFiles/freertos_blink.dir/C_/Users/20235607/Downloads/BAS_System/sdk/src/common/pico_time/time.c.obj
                0x10001040                best_effort_wfe_or_timeout
 .text.timer_hardware_alarm_claim
                0x1000111c       0x24 CMakeFiles/freertos_blink.dir/C_/Users/20235607/Downloads/BAS_System/sdk/src/rp2_common/hardware_timer/timer.c.obj
                0x1000111c                timer_hardware_alarm_claim
 .text.timer_time_us_64
                0x10001140       0x10 CMakeFiles/freertos_blink.dir/C_/Users/20235607/Downloads/BAS_System/sdk/src/rp2_common/hardware_timer/timer.c.obj
                0x10001140                timer_time_us_64
 .text.time_us_64
                0x10001150       0x14 CMakeFiles/freertos_blink.dir/C_/Users/20235607/Downloads/BAS_System/sdk/src/rp2_common/hardware_timer/timer.c.obj
                0x10001150                time_us_64
 .text.clock_configure_undivided
                0x10001164       0xd0 CMakeFiles/freertos_blink.dir/C_/Users/20235607/Downloads/BAS_System/sdk/src/rp2_common/hardware_clocks/clocks.c.obj
                0x10001164                clock_configure_undivided
 .text.clock_get_hz
                0x10001234        0xc CMakeFiles/freertos_blink.dir/C_/Users/20235607/Downloads/BAS_System/sdk/src/rp2_common/hardware_clocks/clocks.c.obj
                0x10001234                clock_get_hz
 .text.pll_init
                0x10001240       0x8c CMakeFiles/freertos_blink.dir/C_/Users/20235607/Downloads/BAS_System/sdk/src/rp2_common/hardware_pll/pll.c.obj
                0x10001240                pll_init
 .text.watchdog_reboot
                0x100012cc       0x9c CMakeFiles/freertos_blink.dir/C_/Users/20235607/Downloads/BAS_System/sdk/src/rp2_common/hardware_watchdog/watchdog.c.obj
                0x100012cc                watchdog_reboot
 .text.tick_start
                0x10001368       0x18 CMakeFiles/freertos_blink.dir/C_/Users/20235607/Downloads/BAS_System/sdk/src/rp2_common/hardware_ticks/ticks.c.obj
                0x10001368                tick_start
 .text.rom_reboot.constprop.0.isra.0
                0x10001380       0x38 CMakeFiles/freertos_blink.dir/C_/Users/20235607/Downloads/BAS_System/sdk/src/rp2_common/pico_bootrom/bootrom.c.obj
 .text.rom_func_lookup
                0x100013b8       0x18 CMakeFiles/freertos_blink.dir/C_/Users/20235607/Downloads/BAS_System/sdk/src/rp2_common/pico_bootrom/bootrom.c.obj
                0x100013b8                rom_func_lookup
 .text.rom_reset_usb_boot_extra
                0x100013d0       0x1c CMakeFiles/freertos_blink.dir/C_/Users/20235607/Downloads/BAS_System/sdk/src/rp2_common/pico_bootrom/bootrom.c.obj
                0x100013d0                rom_reset_usb_boot_extra
 .text.runtime_init_bootrom_locking_enable
                0x100013ec       0x14 CMakeFiles/freertos_blink.dir/C_/Users/20235607/Downloads/BAS_System/sdk/src/rp2_common/pico_bootrom/bootrom_lock.c.obj
                0x100013ec                runtime_init_bootrom_locking_enable
 .text.runtime_init_boot_locks_reset
                0x10001400       0x1c CMakeFiles/freertos_blink.dir/C_/Users/20235607/Downloads/BAS_System/sdk/src/rp2_common/hardware_boot_lock/boot_lock.c.obj
                0x10001400                runtime_init_boot_locks_reset
 .text.xosc_init
                0x1000141c       0x30 CMakeFiles/freertos_blink.dir/C_/Users/20235607/Downloads/BAS_System/sdk/src/rp2_common/hardware_xosc/xosc.c.obj
                0x1000141c                xosc_init
 .text.first_per_core_initializer
                0x1000144c        0x4 CMakeFiles/freertos_blink.dir/C_/Users/20235607/Downloads/BAS_System/sdk/src/rp2_common/pico_runtime/runtime.c.obj
 .text.hard_assertion_failure
                0x10001450        0xc CMakeFiles/freertos_blink.dir/C_/Users/20235607/Downloads/BAS_System/sdk/src/rp2_common/pico_runtime/runtime.c.obj
                0x10001450                hard_assertion_failure
 .text.runtime_run_initializers
                0x1000145c       0x20 CMakeFiles/freertos_blink.dir/C_/Users/20235607/Downloads/BAS_System/sdk/src/rp2_common/pico_runtime/runtime.c.obj
                0x1000145c                runtime_run_initializers
 .text.runtime_init_early_resets
                0x1000147c       0x34 CMakeFiles/freertos_blink.dir/C_/Users/20235607/Downloads/BAS_System/sdk/src/rp2_common/pico_runtime_init/runtime_init.c.obj
                0x1000147c                runtime_init_early_resets
 .text.runtime_init_usb_power_down
                0x100014b0       0x1c CMakeFiles/freertos_blink.dir/C_/Users/20235607/Downloads/BAS_System/sdk/src/rp2_common/pico_runtime_init/runtime_init.c.obj
                0x100014b0                runtime_init_usb_power_down
 .text.runtime_init_per_core_enable_coprocessors
                0x100014cc       0x1c CMakeFiles/freertos_blink.dir/C_/Users/20235607/Downloads/BAS_System/sdk/src/rp2_common/pico_runtime_init/runtime_init.c.obj
                0x100014cc                runtime_init_per_core_enable_coprocessors
 .text.runtime_init_post_clock_resets
                0x100014e8       0x20 CMakeFiles/freertos_blink.dir/C_/Users/20235607/Downloads/BAS_System/sdk/src/rp2_common/pico_runtime_init/runtime_init.c.obj
                0x100014e8                runtime_init_post_clock_resets
 .text.runtime_init_bootrom_reset
                0x10001508       0x14 CMakeFiles/freertos_blink.dir/C_/Users/20235607/Downloads/BAS_System/sdk/src/rp2_common/pico_runtime_init/runtime_init.c.obj
                0x10001508                runtime_init_bootrom_reset
 .text.runtime_init_per_core_bootrom_reset
                0x1000151c       0x14 CMakeFiles/freertos_blink.dir/C_/Users/20235607/Downloads/BAS_System/sdk/src/rp2_common/pico_runtime_init/runtime_init.c.obj
                0x1000151c                runtime_init_per_core_bootrom_reset
 .text.runtime_init_spin_locks_reset
                0x10001530        0x4 CMakeFiles/freertos_blink.dir/C_/Users/20235607/Downloads/BAS_System/sdk/src/rp2_common/pico_runtime_init/runtime_init.c.obj
                0x10001530                runtime_init_spin_locks_reset
 .text.runtime_init_install_ram_vector_table
                0x10001534       0xd0 CMakeFiles/freertos_blink.dir/C_/Users/20235607/Downloads/BAS_System/sdk/src/rp2_common/pico_runtime_init/runtime_init.c.obj
                0x10001534                runtime_init_install_ram_vector_table
 .text.runtime_init_clocks
                0x10001604       0xdc CMakeFiles/freertos_blink.dir/C_/Users/20235607/Downloads/BAS_System/sdk/src/rp2_common/pico_runtime_init/runtime_init_clocks.c.obj
                0x10001604                runtime_init_clocks
 .text._out_char
                0x100016e0        0x8 CMakeFiles/freertos_blink.dir/C_/Users/20235607/Downloads/BAS_System/sdk/src/rp2_common/pico_printf/printf.c.obj
 .text.weak_raw_vprintf
                0x100016e8       0x30 CMakeFiles/freertos_blink.dir/C_/Users/20235607/Downloads/BAS_System/sdk/src/rp2_common/pico_printf/printf.c.obj
                0x100016e8                weak_raw_vprintf
 .text._exit    0x10001718        0x4 CMakeFiles/freertos_blink.dir/C_/Users/20235607/Downloads/BAS_System/sdk/src/rp2_common/pico_clib_interface/newlib_interface.c.obj
                0x10001718                _exit
 .text.exit     0x1000171c        0x8 CMakeFiles/freertos_blink.dir/C_/Users/20235607/Downloads/BAS_System/sdk/src/rp2_common/pico_clib_interface/newlib_interface.c.obj
                0x1000171c                exit
 .text.runtime_init
                0x10001724       0x24 CMakeFiles/freertos_blink.dir/C_/Users/20235607/Downloads/BAS_System/sdk/src/rp2_common/pico_clib_interface/newlib_interface.c.obj
                0x10001724                runtime_init
 .text.stdio_out_chars_no_crlf
                0x10001748        0x8 CMakeFiles/freertos_blink.dir/C_/Users/20235607/Downloads/BAS_System/sdk/src/rp2_common/pico_stdio/stdio.c.obj
 .text.stdio_out_chars_crlf
                0x10001750       0xac CMakeFiles/freertos_blink.dir/C_/Users/20235607/Downloads/BAS_System/sdk/src/rp2_common/pico_stdio/stdio.c.obj
 .text.stdio_put_string
                0x100017fc       0xe8 CMakeFiles/freertos_blink.dir/C_/Users/20235607/Downloads/BAS_System/sdk/src/rp2_common/pico_stdio/stdio.c.obj
                0x100017fc                stdio_put_string
 .text.stdio_set_driver_enabled
                0x100018e4       0x28 CMakeFiles/freertos_blink.dir/C_/Users/20235607/Downloads/BAS_System/sdk/src/rp2_common/pico_stdio/stdio.c.obj
                0x100018e4                stdio_set_driver_enabled
 .text.stdio_init_all
                0x1000190c        0x4 CMakeFiles/freertos_blink.dir/C_/Users/20235607/Downloads/BAS_System/sdk/src/rp2_common/pico_stdio/stdio.c.obj
                0x1000190c                stdio_init_all
 .text.__wrap_putchar
                0x10001910       0x7c CMakeFiles/freertos_blink.dir/C_/Users/20235607/Downloads/BAS_System/sdk/src/rp2_common/pico_stdio/stdio.c.obj
                0x10001910                __wrap_putchar
                0x10001910                stdio_putchar
 .text.__wrap_puts
                0x1000198c       0x3c CMakeFiles/freertos_blink.dir/C_/Users/20235607/Downloads/BAS_System/sdk/src/rp2_common/pico_stdio/stdio.c.obj
                0x1000198c                stdio_puts
                0x1000198c                __wrap_puts
 .text.resetd_init
                0x100019c8        0x4 CMakeFiles/freertos_blink.dir/C_/Users/20235607/Downloads/BAS_System/sdk/src/rp2_common/pico_stdio_usb/reset_interface.c.obj
 .text.resetd_reset
                0x100019cc        0xc CMakeFiles/freertos_blink.dir/C_/Users/20235607/Downloads/BAS_System/sdk/src/rp2_common/pico_stdio_usb/reset_interface.c.obj
 .text.resetd_open
                0x100019d8       0x28 CMakeFiles/freertos_blink.dir/C_/Users/20235607/Downloads/BAS_System/sdk/src/rp2_common/pico_stdio_usb/reset_interface.c.obj
 .text.resetd_xfer_cb
                0x10001a00        0x4 CMakeFiles/freertos_blink.dir/C_/Users/20235607/Downloads/BAS_System/sdk/src/rp2_common/pico_stdio_usb/reset_interface.c.obj
 .text.resetd_control_xfer_cb
                0x10001a04       0x54 CMakeFiles/freertos_blink.dir/C_/Users/20235607/Downloads/BAS_System/sdk/src/rp2_common/pico_stdio_usb/reset_interface.c.obj
 .text.tud_descriptor_bos_cb
                0x10001a58        0x8 CMakeFiles/freertos_blink.dir/C_/Users/20235607/Downloads/BAS_System/sdk/src/rp2_common/pico_stdio_usb/reset_interface.c.obj
                0x10001a58                tud_descriptor_bos_cb
 .text.tud_vendor_control_xfer_cb
                0x10001a60       0x28 CMakeFiles/freertos_blink.dir/C_/Users/20235607/Downloads/BAS_System/sdk/src/rp2_common/pico_stdio_usb/reset_interface.c.obj
                0x10001a60                tud_vendor_control_xfer_cb
 .text.usbd_app_driver_get_cb
                0x10001a88       0x10 CMakeFiles/freertos_blink.dir/C_/Users/20235607/Downloads/BAS_System/sdk/src/rp2_common/pico_stdio_usb/reset_interface.c.obj
                0x10001a88                usbd_app_driver_get_cb
 .text.tud_cdc_line_coding_cb
                0x10001a98       0x18 CMakeFiles/freertos_blink.dir/C_/Users/20235607/Downloads/BAS_System/sdk/src/rp2_common/pico_stdio_usb/reset_interface.c.obj
                0x10001a98                tud_cdc_line_coding_cb
 .text.stdio_usb_set_chars_available_callback
                0x10001ab0       0x14 CMakeFiles/freertos_blink.dir/C_/Users/20235607/Downloads/BAS_System/sdk/src/rp2_common/pico_stdio_usb/stdio_usb.c.obj
                0x10001ab0                stdio_usb_set_chars_available_callback
 .text.timer_task
                0x10001ac4       0x70 CMakeFiles/freertos_blink.dir/C_/Users/20235607/Downloads/BAS_System/sdk/src/rp2_common/pico_stdio_usb/stdio_usb.c.obj
 .text.usb_irq  0x10001b34        0xc CMakeFiles/freertos_blink.dir/C_/Users/20235607/Downloads/BAS_System/sdk/src/rp2_common/pico_stdio_usb/stdio_usb.c.obj
 .text.stdio_usb_in_chars
                0x10001b40       0x84 CMakeFiles/freertos_blink.dir/C_/Users/20235607/Downloads/BAS_System/sdk/src/rp2_common/pico_stdio_usb/stdio_usb.c.obj
                0x10001b40                stdio_usb_in_chars
 .text.stdio_usb_out_flush
                0x10001bc4       0x4c CMakeFiles/freertos_blink.dir/C_/Users/20235607/Downloads/BAS_System/sdk/src/rp2_common/pico_stdio_usb/stdio_usb.c.obj
 .text.stdio_usb_out_chars
                0x10001c10       0xf0 CMakeFiles/freertos_blink.dir/C_/Users/20235607/Downloads/BAS_System/sdk/src/rp2_common/pico_stdio_usb/stdio_usb.c.obj
 .text.low_priority_worker_irq
                0x10001d00       0xc8 CMakeFiles/freertos_blink.dir/C_/Users/20235607/Downloads/BAS_System/sdk/src/rp2_common/pico_stdio_usb/stdio_usb.c.obj
 .text.stdio_usb_init
                0x10001dc8       0xdc CMakeFiles/freertos_blink.dir/C_/Users/20235607/Downloads/BAS_System/sdk/src/rp2_common/pico_stdio_usb/stdio_usb.c.obj
                0x10001dc8                stdio_usb_init
 .text.tud_descriptor_device_cb
                0x10001ea4        0x8 CMakeFiles/freertos_blink.dir/C_/Users/20235607/Downloads/BAS_System/sdk/src/rp2_common/pico_stdio_usb/stdio_usb_descriptors.c.obj
                0x10001ea4                tud_descriptor_device_cb
 .text.tud_descriptor_configuration_cb
                0x10001eac        0x8 CMakeFiles/freertos_blink.dir/C_/Users/20235607/Downloads/BAS_System/sdk/src/rp2_common/pico_stdio_usb/stdio_usb_descriptors.c.obj
                0x10001eac                tud_descriptor_configuration_cb
 .text.tud_descriptor_string_cb
                0x10001eb4       0x78 CMakeFiles/freertos_blink.dir/C_/Users/20235607/Downloads/BAS_System/sdk/src/rp2_common/pico_stdio_usb/stdio_usb_descriptors.c.obj
                0x10001eb4                tud_descriptor_string_cb
 .text.startup._retrieve_unique_id_on_boot
                0x10001f2c       0x30 CMakeFiles/freertos_blink.dir/C_/Users/20235607/Downloads/BAS_System/sdk/src/rp2_common/pico_unique_id/unique_id.c.obj
 .text.pico_get_unique_board_id_string
                0x10001f5c      0x180 CMakeFiles/freertos_blink.dir/C_/Users/20235607/Downloads/BAS_System/sdk/src/rp2_common/pico_unique_id/unique_id.c.obj
                0x10001f5c                pico_get_unique_board_id_string
 .text.dcd_init
                0x100020dc       0x94 CMakeFiles/freertos_blink.dir/C_/Users/20235607/Downloads/BAS_System/sdk/lib/tinyusb/src/portable/raspberrypi/rp2040/dcd_rp2040.c.obj
                0x100020dc                dcd_init
 .text.dcd_int_enable
                0x10002170        0x8 CMakeFiles/freertos_blink.dir/C_/Users/20235607/Downloads/BAS_System/sdk/lib/tinyusb/src/portable/raspberrypi/rp2040/dcd_rp2040.c.obj
                0x10002170                dcd_int_enable
 .text.dcd_set_address
                0x10002178       0x10 CMakeFiles/freertos_blink.dir/C_/Users/20235607/Downloads/BAS_System/sdk/lib/tinyusb/src/portable/raspberrypi/rp2040/dcd_rp2040.c.obj
                0x10002178                dcd_set_address
 .text.dcd_sof_enable
                0x10002188       0x1c CMakeFiles/freertos_blink.dir/C_/Users/20235607/Downloads/BAS_System/sdk/lib/tinyusb/src/portable/raspberrypi/rp2040/dcd_rp2040.c.obj
                0x10002188                dcd_sof_enable
 .text.dcd_edpt0_status_complete
                0x100021a4       0x1c CMakeFiles/freertos_blink.dir/C_/Users/20235607/Downloads/BAS_System/sdk/lib/tinyusb/src/portable/raspberrypi/rp2040/dcd_rp2040.c.obj
                0x100021a4                dcd_edpt0_status_complete
 .text.dcd_edpt_open
                0x100021c0      0x110 CMakeFiles/freertos_blink.dir/C_/Users/20235607/Downloads/BAS_System/sdk/lib/tinyusb/src/portable/raspberrypi/rp2040/dcd_rp2040.c.obj
                0x100021c0                dcd_edpt_open
 .text.dcd_edpt_close_all
                0x100022d0        0x4 CMakeFiles/freertos_blink.dir/C_/Users/20235607/Downloads/BAS_System/sdk/lib/tinyusb/src/portable/raspberrypi/rp2040/dcd_rp2040.c.obj
                0x100022d0                dcd_edpt_close_all
 .text.dcd_edpt_xfer
                0x100022d4       0x28 CMakeFiles/freertos_blink.dir/C_/Users/20235607/Downloads/BAS_System/sdk/lib/tinyusb/src/portable/raspberrypi/rp2040/dcd_rp2040.c.obj
                0x100022d4                dcd_edpt_xfer
 .text.dcd_edpt_stall
                0x100022fc       0x30 CMakeFiles/freertos_blink.dir/C_/Users/20235607/Downloads/BAS_System/sdk/lib/tinyusb/src/portable/raspberrypi/rp2040/dcd_rp2040.c.obj
                0x100022fc                dcd_edpt_stall
 .text.dcd_edpt_clear_stall
                0x1000232c       0x2c CMakeFiles/freertos_blink.dir/C_/Users/20235607/Downloads/BAS_System/sdk/lib/tinyusb/src/portable/raspberrypi/rp2040/dcd_rp2040.c.obj
                0x1000232c                dcd_edpt_clear_stall
 .text.rp2040_usb_init
                0x10002358       0x40 CMakeFiles/freertos_blink.dir/C_/Users/20235607/Downloads/BAS_System/sdk/lib/tinyusb/src/portable/raspberrypi/rp2040/rp2040_usb.c.obj
                0x10002358                rp2040_usb_init
 .text.hw_endpoint_xfer_start
                0x10002398       0x4c CMakeFiles/freertos_blink.dir/C_/Users/20235607/Downloads/BAS_System/sdk/lib/tinyusb/src/portable/raspberrypi/rp2040/rp2040_usb.c.obj
                0x10002398                hw_endpoint_xfer_start
 .text.configuration_reset
                0x100023e4       0x8c CMakeFiles/freertos_blink.dir/C_/Users/20235607/Downloads/BAS_System/sdk/lib/tinyusb/src/device/usbd.c.obj
 .text.tud_event_hook_cb
                0x10002470        0x4 CMakeFiles/freertos_blink.dir/C_/Users/20235607/Downloads/BAS_System/sdk/lib/tinyusb/src/device/usbd.c.obj
                0x10002470                tud_event_hook_cb
 .text.tud_sof_cb
                0x10002474        0x4 CMakeFiles/freertos_blink.dir/C_/Users/20235607/Downloads/BAS_System/sdk/lib/tinyusb/src/device/usbd.c.obj
                0x10002474                tud_sof_cb
 .text.tud_descriptor_device_qualifier_cb
                0x10002478        0x4 CMakeFiles/freertos_blink.dir/C_/Users/20235607/Downloads/BAS_System/sdk/lib/tinyusb/src/device/usbd.c.obj
                0x10002478                tud_descriptor_device_qualifier_cb
 .text.tud_descriptor_other_speed_configuration_cb
                0x1000247c        0x4 CMakeFiles/freertos_blink.dir/C_/Users/20235607/Downloads/BAS_System/sdk/lib/tinyusb/src/device/usbd.c.obj
                0x1000247c                tud_descriptor_other_speed_configuration_cb
 .text.tud_mount_cb
                0x10002480        0x4 CMakeFiles/freertos_blink.dir/C_/Users/20235607/Downloads/BAS_System/sdk/lib/tinyusb/src/device/usbd.c.obj
                0x10002480                tud_mount_cb
 .text.tud_umount_cb
                0x10002484        0x4 CMakeFiles/freertos_blink.dir/C_/Users/20235607/Downloads/BAS_System/sdk/lib/tinyusb/src/device/usbd.c.obj
                0x10002484                tud_umount_cb
 .text.tud_suspend_cb
                0x10002488        0x4 CMakeFiles/freertos_blink.dir/C_/Users/20235607/Downloads/BAS_System/sdk/lib/tinyusb/src/device/usbd.c.obj
                0x10002488                tud_suspend_cb
 .text.tud_resume_cb
                0x1000248c        0x4 CMakeFiles/freertos_blink.dir/C_/Users/20235607/Downloads/BAS_System/sdk/lib/tinyusb/src/device/usbd.c.obj
                0x1000248c                tud_resume_cb
 .text.tud_mounted
                0x10002490       0x10 CMakeFiles/freertos_blink.dir/C_/Users/20235607/Downloads/BAS_System/sdk/lib/tinyusb/src/device/usbd.c.obj
                0x10002490                tud_mounted
 .text.tud_suspended
                0x100024a0       0x10 CMakeFiles/freertos_blink.dir/C_/Users/20235607/Downloads/BAS_System/sdk/lib/tinyusb/src/device/usbd.c.obj
                0x100024a0                tud_suspended
 .text.tud_rhport_init
                0x100024b0      0x110 CMakeFiles/freertos_blink.dir/C_/Users/20235607/Downloads/BAS_System/sdk/lib/tinyusb/src/device/usbd.c.obj
                0x100024b0                tud_rhport_init
 .text.tud_task_ext
                0x100025c0      0x7a4 CMakeFiles/freertos_blink.dir/C_/Users/20235607/Downloads/BAS_System/sdk/lib/tinyusb/src/device/usbd.c.obj
                0x100025c0                tud_task_ext
 .text.usbd_open_edpt_pair
                0x10002d64       0x9c CMakeFiles/freertos_blink.dir/C_/Users/20235607/Downloads/BAS_System/sdk/lib/tinyusb/src/device/usbd.c.obj
                0x10002d64                usbd_open_edpt_pair
 .text.usbd_edpt_open
                0x10002e00       0x44 CMakeFiles/freertos_blink.dir/C_/Users/20235607/Downloads/BAS_System/sdk/lib/tinyusb/src/device/usbd.c.obj
                0x10002e00                usbd_edpt_open
 .text.usbd_edpt_claim
                0x10002e44       0x24 CMakeFiles/freertos_blink.dir/C_/Users/20235607/Downloads/BAS_System/sdk/lib/tinyusb/src/device/usbd.c.obj
                0x10002e44                usbd_edpt_claim
 .text.usbd_edpt_release
                0x10002e68       0x24 CMakeFiles/freertos_blink.dir/C_/Users/20235607/Downloads/BAS_System/sdk/lib/tinyusb/src/device/usbd.c.obj
                0x10002e68                usbd_edpt_release
 .text.usbd_edpt_xfer
                0x10002e8c       0x70 CMakeFiles/freertos_blink.dir/C_/Users/20235607/Downloads/BAS_System/sdk/lib/tinyusb/src/device/usbd.c.obj
                0x10002e8c                usbd_edpt_xfer
 .text.tud_control_status
                0x10002efc       0x34 CMakeFiles/freertos_blink.dir/C_/Users/20235607/Downloads/BAS_System/sdk/lib/tinyusb/src/device/usbd_control.c.obj
                0x10002efc                tud_control_status
 .text.tud_control_xfer
                0x10002f30       0xcc CMakeFiles/freertos_blink.dir/C_/Users/20235607/Downloads/BAS_System/sdk/lib/tinyusb/src/device/usbd_control.c.obj
                0x10002f30                tud_control_xfer
 .text.usbd_control_reset
                0x10002ffc       0x14 CMakeFiles/freertos_blink.dir/C_/Users/20235607/Downloads/BAS_System/sdk/lib/tinyusb/src/device/usbd_control.c.obj
                0x10002ffc                usbd_control_reset
 .text.usbd_control_set_complete_callback
                0x10003010        0xc CMakeFiles/freertos_blink.dir/C_/Users/20235607/Downloads/BAS_System/sdk/lib/tinyusb/src/device/usbd_control.c.obj
                0x10003010                usbd_control_set_complete_callback
 .text.usbd_control_set_request
                0x1000301c       0x1c CMakeFiles/freertos_blink.dir/C_/Users/20235607/Downloads/BAS_System/sdk/lib/tinyusb/src/device/usbd_control.c.obj
                0x1000301c                usbd_control_set_request
 .text.usbd_control_xfer_cb
                0x10003038      0x110 CMakeFiles/freertos_blink.dir/C_/Users/20235607/Downloads/BAS_System/sdk/lib/tinyusb/src/device/usbd_control.c.obj
                0x10003038                usbd_control_xfer_cb
 .text._prep_out_transaction.isra.0
                0x10003148       0x78 CMakeFiles/freertos_blink.dir/C_/Users/20235607/Downloads/BAS_System/sdk/lib/tinyusb/src/class/cdc/cdc_device.c.obj
 .text.tud_cdc_n_connected
                0x100031c0       0x2c CMakeFiles/freertos_blink.dir/C_/Users/20235607/Downloads/BAS_System/sdk/lib/tinyusb/src/class/cdc/cdc_device.c.obj
                0x100031c0                tud_cdc_n_connected
 .text.tud_cdc_n_available
                0x100031ec       0x18 CMakeFiles/freertos_blink.dir/C_/Users/20235607/Downloads/BAS_System/sdk/lib/tinyusb/src/class/cdc/cdc_device.c.obj
                0x100031ec                tud_cdc_n_available
 .text.tud_cdc_n_read
                0x10003204       0x90 CMakeFiles/freertos_blink.dir/C_/Users/20235607/Downloads/BAS_System/sdk/lib/tinyusb/src/class/cdc/cdc_device.c.obj
                0x10003204                tud_cdc_n_read
 .text.tud_cdc_n_write_flush
                0x10003294       0x88 CMakeFiles/freertos_blink.dir/C_/Users/20235607/Downloads/BAS_System/sdk/lib/tinyusb/src/class/cdc/cdc_device.c.obj
                0x10003294                tud_cdc_n_write_flush
 .text.tud_cdc_n_write
                0x1000331c       0x48 CMakeFiles/freertos_blink.dir/C_/Users/20235607/Downloads/BAS_System/sdk/lib/tinyusb/src/class/cdc/cdc_device.c.obj
                0x1000331c                tud_cdc_n_write
 .text.tud_cdc_n_write_available
                0x10003364       0x18 CMakeFiles/freertos_blink.dir/C_/Users/20235607/Downloads/BAS_System/sdk/lib/tinyusb/src/class/cdc/cdc_device.c.obj
                0x10003364                tud_cdc_n_write_available
 .text.cdcd_init
                0x1000337c       0x70 CMakeFiles/freertos_blink.dir/C_/Users/20235607/Downloads/BAS_System/sdk/lib/tinyusb/src/class/cdc/cdc_device.c.obj
                0x1000337c                cdcd_init
 .text.cdcd_deinit
                0x100033ec       0x20 CMakeFiles/freertos_blink.dir/C_/Users/20235607/Downloads/BAS_System/sdk/lib/tinyusb/src/class/cdc/cdc_device.c.obj
                0x100033ec                cdcd_deinit
 .text.cdcd_reset
                0x1000340c       0x4c CMakeFiles/freertos_blink.dir/C_/Users/20235607/Downloads/BAS_System/sdk/lib/tinyusb/src/class/cdc/cdc_device.c.obj
                0x1000340c                cdcd_reset
 .text.cdcd_open
                0x10003458       0xbc CMakeFiles/freertos_blink.dir/C_/Users/20235607/Downloads/BAS_System/sdk/lib/tinyusb/src/class/cdc/cdc_device.c.obj
                0x10003458                cdcd_open
 .text.cdcd_control_xfer_cb
                0x10003514       0xc8 CMakeFiles/freertos_blink.dir/C_/Users/20235607/Downloads/BAS_System/sdk/lib/tinyusb/src/class/cdc/cdc_device.c.obj
                0x10003514                cdcd_control_xfer_cb
 .text.cdcd_xfer_cb
                0x100035dc      0x100 CMakeFiles/freertos_blink.dir/C_/Users/20235607/Downloads/BAS_System/sdk/lib/tinyusb/src/class/cdc/cdc_device.c.obj
                0x100035dc                cdcd_xfer_cb
 .text.vendord_init
                0x100036dc       0x5c CMakeFiles/freertos_blink.dir/C_/Users/20235607/Downloads/BAS_System/sdk/lib/tinyusb/src/class/vendor/vendor_device.c.obj
                0x100036dc                vendord_init
 .text.vendord_deinit
                0x10003738       0x1c CMakeFiles/freertos_blink.dir/C_/Users/20235607/Downloads/BAS_System/sdk/lib/tinyusb/src/class/vendor/vendor_device.c.obj
                0x10003738                vendord_deinit
 .text.vendord_reset
                0x10003754       0x24 CMakeFiles/freertos_blink.dir/C_/Users/20235607/Downloads/BAS_System/sdk/lib/tinyusb/src/class/vendor/vendor_device.c.obj
                0x10003754                vendord_reset
 .text.vendord_open
                0x10003778       0xfc CMakeFiles/freertos_blink.dir/C_/Users/20235607/Downloads/BAS_System/sdk/lib/tinyusb/src/class/vendor/vendor_device.c.obj
                0x10003778                vendord_open
 .text.vendord_xfer_cb
                0x10003874       0x8c CMakeFiles/freertos_blink.dir/C_/Users/20235607/Downloads/BAS_System/sdk/lib/tinyusb/src/class/vendor/vendor_device.c.obj
                0x10003874                vendord_xfer_cb
 .text.tusb_rhport_init
                0x10003900       0x74 CMakeFiles/freertos_blink.dir/C_/Users/20235607/Downloads/BAS_System/sdk/lib/tinyusb/src/tusb.c.obj
                0x10003900                tusb_rhport_init
 .text.tu_edpt_claim
                0x10003974       0x54 CMakeFiles/freertos_blink.dir/C_/Users/20235607/Downloads/BAS_System/sdk/lib/tinyusb/src/tusb.c.obj
                0x10003974                tu_edpt_claim
 .text.tu_edpt_release
                0x100039c8       0x38 CMakeFiles/freertos_blink.dir/C_/Users/20235607/Downloads/BAS_System/sdk/lib/tinyusb/src/tusb.c.obj
                0x100039c8                tu_edpt_release
 .text.tu_edpt_validate
                0x10003a00       0x68 CMakeFiles/freertos_blink.dir/C_/Users/20235607/Downloads/BAS_System/sdk/lib/tinyusb/src/tusb.c.obj
                0x10003a00                tu_edpt_validate
 .text.tu_edpt_bind_driver
                0x10003a68       0x58 CMakeFiles/freertos_blink.dir/C_/Users/20235607/Downloads/BAS_System/sdk/lib/tinyusb/src/tusb.c.obj
                0x10003a68                tu_edpt_bind_driver
 .text.tu_edpt_stream_init
                0x10003ac0       0x58 CMakeFiles/freertos_blink.dir/C_/Users/20235607/Downloads/BAS_System/sdk/lib/tinyusb/src/tusb.c.obj
                0x10003ac0                tu_edpt_stream_init
 .text.tu_edpt_stream_deinit
                0x10003b18        0x4 CMakeFiles/freertos_blink.dir/C_/Users/20235607/Downloads/BAS_System/sdk/lib/tinyusb/src/tusb.c.obj
                0x10003b18                tu_edpt_stream_deinit
 .text.tu_edpt_stream_write_zlp_if_needed
                0x10003b1c       0x68 CMakeFiles/freertos_blink.dir/C_/Users/20235607/Downloads/BAS_System/sdk/lib/tinyusb/src/tusb.c.obj
                0x10003b1c                tu_edpt_stream_write_zlp_if_needed
 .text.tu_edpt_stream_write_xfer
                0x10003b84       0x74 CMakeFiles/freertos_blink.dir/C_/Users/20235607/Downloads/BAS_System/sdk/lib/tinyusb/src/tusb.c.obj
                0x10003b84                tu_edpt_stream_write_xfer
 .text.tu_edpt_stream_read_xfer
                0x10003bf8       0xd4 CMakeFiles/freertos_blink.dir/C_/Users/20235607/Downloads/BAS_System/sdk/lib/tinyusb/src/tusb.c.obj
                0x10003bf8                tu_edpt_stream_read_xfer
 .text.tu_fifo_config
                0x10003ccc       0x64 CMakeFiles/freertos_blink.dir/C_/Users/20235607/Downloads/BAS_System/sdk/lib/tinyusb/src/common/tusb_fifo.c.obj
                0x10003ccc                tu_fifo_config
 .text.tu_fifo_count
                0x10003d30       0x20 CMakeFiles/freertos_blink.dir/C_/Users/20235607/Downloads/BAS_System/sdk/lib/tinyusb/src/common/tusb_fifo.c.obj
                0x10003d30                tu_fifo_count
 .text.tu_fifo_empty
                0x10003d50       0x14 CMakeFiles/freertos_blink.dir/C_/Users/20235607/Downloads/BAS_System/sdk/lib/tinyusb/src/common/tusb_fifo.c.obj
                0x10003d50                tu_fifo_empty
 .text.tu_fifo_remaining
                0x10003d64       0x24 CMakeFiles/freertos_blink.dir/C_/Users/20235607/Downloads/BAS_System/sdk/lib/tinyusb/src/common/tusb_fifo.c.obj
                0x10003d64                tu_fifo_remaining
 .text.tu_fifo_read
                0x10003d88       0x94 CMakeFiles/freertos_blink.dir/C_/Users/20235607/Downloads/BAS_System/sdk/lib/tinyusb/src/common/tusb_fifo.c.obj
                0x10003d88                tu_fifo_read
 .text.tu_fifo_read_n
                0x10003e1c       0xd4 CMakeFiles/freertos_blink.dir/C_/Users/20235607/Downloads/BAS_System/sdk/lib/tinyusb/src/common/tusb_fifo.c.obj
                0x10003e1c                tu_fifo_read_n
 .text.tu_fifo_write
                0x10003ef0       0x84 CMakeFiles/freertos_blink.dir/C_/Users/20235607/Downloads/BAS_System/sdk/lib/tinyusb/src/common/tusb_fifo.c.obj
                0x10003ef0                tu_fifo_write
 .text.tu_fifo_write_n
                0x10003f74      0x15c CMakeFiles/freertos_blink.dir/C_/Users/20235607/Downloads/BAS_System/sdk/lib/tinyusb/src/common/tusb_fifo.c.obj
                0x10003f74                tu_fifo_write_n
 .text.tu_fifo_clear
                0x100040d0       0x38 CMakeFiles/freertos_blink.dir/C_/Users/20235607/Downloads/BAS_System/sdk/lib/tinyusb/src/common/tusb_fifo.c.obj
                0x100040d0                tu_fifo_clear
 .text.tu_fifo_set_overwritable
                0x10004108       0x3c CMakeFiles/freertos_blink.dir/C_/Users/20235607/Downloads/BAS_System/sdk/lib/tinyusb/src/common/tusb_fifo.c.obj
                0x10004108                tu_fifo_set_overwritable
 .text.prvTaskExitError
                0x10004144       0x28 CMakeFiles/freertos_blink.dir/C_/Users/20235607/Downloads/BAS_System/FreeRTOS-Kernel/portable/ThirdParty/GCC/RP2350_ARM_NTZ/non_secure/port.c.obj
 .text.SysTick_Handler
                0x1000416c       0x24 CMakeFiles/freertos_blink.dir/C_/Users/20235607/Downloads/BAS_System/FreeRTOS-Kernel/portable/ThirdParty/GCC/RP2350_ARM_NTZ/non_secure/port.c.obj
                0x1000416c                SysTick_Handler
 .text.prvDoorbellInterruptHandler
                0x10004190       0x94 CMakeFiles/freertos_blink.dir/C_/Users/20235607/Downloads/BAS_System/FreeRTOS-Kernel/portable/ThirdParty/GCC/RP2350_ARM_NTZ/non_secure/port.c.obj
 .text.vPortSetupTimerInterrupt
                0x10004224       0x2c CMakeFiles/freertos_blink.dir/C_/Users/20235607/Downloads/BAS_System/FreeRTOS-Kernel/portable/ThirdParty/GCC/RP2350_ARM_NTZ/non_secure/port.c.obj
                0x10004224                vPortSetupTimerInterrupt
 .text.vPortYield
                0x10004250       0x18 CMakeFiles/freertos_blink.dir/C_/Users/20235607/Downloads/BAS_System/FreeRTOS-Kernel/portable/ThirdParty/GCC/RP2350_ARM_NTZ/non_secure/port.c.obj
                0x10004250                vPortYield
 .text.vPortEnterCritical
                0x10004268       0x1c CMakeFiles/freertos_blink.dir/C_/Users/20235607/Downloads/BAS_System/FreeRTOS-Kernel/portable/ThirdParty/GCC/RP2350_ARM_NTZ/non_secure/port.c.obj
                0x10004268                vPortEnterCritical
 .text.vPortExitCritical
                0x10004284       0x1c CMakeFiles/freertos_blink.dir/C_/Users/20235607/Downloads/BAS_System/FreeRTOS-Kernel/portable/ThirdParty/GCC/RP2350_ARM_NTZ/non_secure/port.c.obj
                0x10004284                vPortExitCritical
 .text.vPortSVCHandler_C
                0x100042a0       0x10 CMakeFiles/freertos_blink.dir/C_/Users/20235607/Downloads/BAS_System/FreeRTOS-Kernel/portable/ThirdParty/GCC/RP2350_ARM_NTZ/non_secure/port.c.obj
                0x100042a0                vPortSVCHandler_C
 .text.pxPortInitialiseStack
                0x100042b0       0x7c CMakeFiles/freertos_blink.dir/C_/Users/20235607/Downloads/BAS_System/FreeRTOS-Kernel/portable/ThirdParty/GCC/RP2350_ARM_NTZ/non_secure/port.c.obj
                0x100042b0                pxPortInitialiseStack
 .text.xPortStartScheduler
                0x1000432c      0x134 CMakeFiles/freertos_blink.dir/C_/Users/20235607/Downloads/BAS_System/FreeRTOS-Kernel/portable/ThirdParty/GCC/RP2350_ARM_NTZ/non_secure/port.c.obj
                0x1000432c                xPortStartScheduler
 .text.vPortValidateInterruptPriority
                0x10004460       0x3c CMakeFiles/freertos_blink.dir/C_/Users/20235607/Downloads/BAS_System/FreeRTOS-Kernel/portable/ThirdParty/GCC/RP2350_ARM_NTZ/non_secure/port.c.obj
                0x10004460                vPortValidateInterruptPriority
 .text.ulPortLockGetCurrentOwnerId
                0x1000449c       0x28 CMakeFiles/freertos_blink.dir/C_/Users/20235607/Downloads/BAS_System/FreeRTOS-Kernel/portable/ThirdParty/GCC/RP2350_ARM_NTZ/non_secure/port.c.obj
                0x1000449c                ulPortLockGetCurrentOwnerId
 .text.vPortLockInternalSpinUnlockWithNotify
                0x100044c4      0x100 CMakeFiles/freertos_blink.dir/C_/Users/20235607/Downloads/BAS_System/FreeRTOS-Kernel/portable/ThirdParty/GCC/RP2350_ARM_NTZ/non_secure/port.c.obj
                0x100044c4                vPortLockInternalSpinUnlockWithNotify
 .text.xPortLockInternalSpinUnlockWithBestEffortWaitOrTimeout
                0x100045c4       0xf8 CMakeFiles/freertos_blink.dir/C_/Users/20235607/Downloads/BAS_System/FreeRTOS-Kernel/portable/ThirdParty/GCC/RP2350_ARM_NTZ/non_secure/port.c.obj
                0x100045c4                xPortLockInternalSpinUnlockWithBestEffortWaitOrTimeout
 .text.startup.prvRuntimeInitializer
                0x100046bc       0x24 CMakeFiles/freertos_blink.dir/C_/Users/20235607/Downloads/BAS_System/FreeRTOS-Kernel/portable/ThirdParty/GCC/RP2350_ARM_NTZ/non_secure/port.c.obj
 .text.vRestoreContextOfFirstTask
                0x100046e0       0x2c CMakeFiles/freertos_blink.dir/C_/Users/20235607/Downloads/BAS_System/FreeRTOS-Kernel/portable/ThirdParty/GCC/RP2350_ARM_NTZ/non_secure/portasm.c.obj
                0x100046e0                vRestoreContextOfFirstTask
 .text.vStartFirstTask
                0x1000470c       0x10 CMakeFiles/freertos_blink.dir/C_/Users/20235607/Downloads/BAS_System/FreeRTOS-Kernel/portable/ThirdParty/GCC/RP2350_ARM_NTZ/non_secure/portasm.c.obj
                0x1000470c                vStartFirstTask
 .text.ulSetInterruptMask
                0x1000471c       0x18 CMakeFiles/freertos_blink.dir/C_/Users/20235607/Downloads/BAS_System/FreeRTOS-Kernel/portable/ThirdParty/GCC/RP2350_ARM_NTZ/non_secure/portasm.c.obj
                0x1000471c                ulSetInterruptMask
 .text.vClearInterruptMask
                0x10004734       0x10 CMakeFiles/freertos_blink.dir/C_/Users/20235607/Downloads/BAS_System/FreeRTOS-Kernel/portable/ThirdParty/GCC/RP2350_ARM_NTZ/non_secure/portasm.c.obj
                0x10004734                vClearInterruptMask
 .text.PendSV_Handler
                0x10004744       0x6c CMakeFiles/freertos_blink.dir/C_/Users/20235607/Downloads/BAS_System/FreeRTOS-Kernel/portable/ThirdParty/GCC/RP2350_ARM_NTZ/non_secure/portasm.c.obj
                0x10004744                PendSV_Handler
 .text.SVC_Handler
                0x100047b0       0x18 CMakeFiles/freertos_blink.dir/C_/Users/20235607/Downloads/BAS_System/FreeRTOS-Kernel/portable/ThirdParty/GCC/RP2350_ARM_NTZ/non_secure/portasm.c.obj
                0x100047b0                SVC_Handler
 .text.xEventGroupCreate
                0x100047c8       0x1c CMakeFiles/freertos_blink.dir/C_/Users/20235607/Downloads/BAS_System/FreeRTOS-Kernel/event_groups.c.obj
                0x100047c8                xEventGroupCreate
 .text.xEventGroupWaitBits
                0x100047e4       0xbc CMakeFiles/freertos_blink.dir/C_/Users/20235607/Downloads/BAS_System/FreeRTOS-Kernel/event_groups.c.obj
                0x100047e4                xEventGroupWaitBits
 .text.xEventGroupSetBits
                0x100048a0       0x74 CMakeFiles/freertos_blink.dir/C_/Users/20235607/Downloads/BAS_System/FreeRTOS-Kernel/event_groups.c.obj
                0x100048a0                xEventGroupSetBits
 .text.vEventGroupSetBitsCallback
                0x10004914       0x70 CMakeFiles/freertos_blink.dir/C_/Users/20235607/Downloads/BAS_System/FreeRTOS-Kernel/event_groups.c.obj
                0x10004914                vEventGroupSetBitsCallback
 .text.vListInitialise
                0x10004984       0x18 CMakeFiles/freertos_blink.dir/C_/Users/20235607/Downloads/BAS_System/FreeRTOS-Kernel/list.c.obj
                0x10004984                vListInitialise
 .text.vListInitialiseItem
                0x1000499c        0x8 CMakeFiles/freertos_blink.dir/C_/Users/20235607/Downloads/BAS_System/FreeRTOS-Kernel/list.c.obj
                0x1000499c                vListInitialiseItem
 .text.vListInsert
                0x100049a4       0x30 CMakeFiles/freertos_blink.dir/C_/Users/20235607/Downloads/BAS_System/FreeRTOS-Kernel/list.c.obj
                0x100049a4                vListInsert
 .text.uxListRemove
                0x100049d4       0x28 CMakeFiles/freertos_blink.dir/C_/Users/20235607/Downloads/BAS_System/FreeRTOS-Kernel/list.c.obj
                0x100049d4                uxListRemove
 .text.prvCopyDataToQueue
                0x100049fc       0x70 CMakeFiles/freertos_blink.dir/C_/Users/20235607/Downloads/BAS_System/FreeRTOS-Kernel/queue.c.obj
 .text.xQueueGenericCreate
                0x10004a6c       0x80 CMakeFiles/freertos_blink.dir/C_/Users/20235607/Downloads/BAS_System/FreeRTOS-Kernel/queue.c.obj
                0x10004a6c                xQueueGenericCreate
 .text.xQueueGenericSend
                0x10004aec      0x294 CMakeFiles/freertos_blink.dir/C_/Users/20235607/Downloads/BAS_System/FreeRTOS-Kernel/queue.c.obj
                0x10004aec                xQueueGenericSend
 .text.xQueueGenericSendFromISR
                0x10004d80       0xac CMakeFiles/freertos_blink.dir/C_/Users/20235607/Downloads/BAS_System/FreeRTOS-Kernel/queue.c.obj
                0x10004d80                xQueueGenericSendFromISR
 .text.xQueueReceive
                0x10004e2c      0x2a8 CMakeFiles/freertos_blink.dir/C_/Users/20235607/Downloads/BAS_System/FreeRTOS-Kernel/queue.c.obj
                0x10004e2c                xQueueReceive
 .text.vQueueWaitForMessageRestricted
                0x100050d4       0xc8 CMakeFiles/freertos_blink.dir/C_/Users/20235607/Downloads/BAS_System/FreeRTOS-Kernel/queue.c.obj
                0x100050d4                vQueueWaitForMessageRestricted
 .text.prvAddNewTaskToReadyList
                0x1000519c      0x134 CMakeFiles/freertos_blink.dir/C_/Users/20235607/Downloads/BAS_System/FreeRTOS-Kernel/tasks.c.obj
 .text.prvAddCurrentTaskToDelayedList
                0x100052d0       0xb4 CMakeFiles/freertos_blink.dir/C_/Users/20235607/Downloads/BAS_System/FreeRTOS-Kernel/tasks.c.obj
 .text.prvIdleTask
                0x10005384       0x5c CMakeFiles/freertos_blink.dir/C_/Users/20235607/Downloads/BAS_System/FreeRTOS-Kernel/tasks.c.obj
 .text.xTaskIncrementTick.part.0
                0x100053e0      0x1b0 CMakeFiles/freertos_blink.dir/C_/Users/20235607/Downloads/BAS_System/FreeRTOS-Kernel/tasks.c.obj
 .text.xTaskResumeAll.part.0
                0x10005590      0x190 CMakeFiles/freertos_blink.dir/C_/Users/20235607/Downloads/BAS_System/FreeRTOS-Kernel/tasks.c.obj
 .text.xTaskCreate
                0x10005720      0x158 CMakeFiles/freertos_blink.dir/C_/Users/20235607/Downloads/BAS_System/FreeRTOS-Kernel/tasks.c.obj
                0x10005720                xTaskCreate
 .text.vTaskDelay
                0x10005878       0x3c CMakeFiles/freertos_blink.dir/C_/Users/20235607/Downloads/BAS_System/FreeRTOS-Kernel/tasks.c.obj
                0x10005878                vTaskDelay
 .text.vTaskStartScheduler
                0x100058b4       0xb8 CMakeFiles/freertos_blink.dir/C_/Users/20235607/Downloads/BAS_System/FreeRTOS-Kernel/tasks.c.obj
                0x100058b4                vTaskStartScheduler
 .text.vTaskSuspendAll
                0x1000596c       0x10 CMakeFiles/freertos_blink.dir/C_/Users/20235607/Downloads/BAS_System/FreeRTOS-Kernel/tasks.c.obj
                0x1000596c                vTaskSuspendAll
 .text.xTaskResumeAll
                0x1000597c       0x1c CMakeFiles/freertos_blink.dir/C_/Users/20235607/Downloads/BAS_System/FreeRTOS-Kernel/tasks.c.obj
                0x1000597c                xTaskResumeAll
 .text.xTaskGetTickCount
                0x10005998        0xc CMakeFiles/freertos_blink.dir/C_/Users/20235607/Downloads/BAS_System/FreeRTOS-Kernel/tasks.c.obj
                0x10005998                xTaskGetTickCount
 .text.uxTaskGetNumberOfTasks
                0x100059a4        0xc CMakeFiles/freertos_blink.dir/C_/Users/20235607/Downloads/BAS_System/FreeRTOS-Kernel/tasks.c.obj
                0x100059a4                uxTaskGetNumberOfTasks
 .text.xTaskIncrementTick
                0x100059b0       0x20 CMakeFiles/freertos_blink.dir/C_/Users/20235607/Downloads/BAS_System/FreeRTOS-Kernel/tasks.c.obj
                0x100059b0                xTaskIncrementTick
 .text.vTaskSwitchContext
                0x100059d0       0x64 CMakeFiles/freertos_blink.dir/C_/Users/20235607/Downloads/BAS_System/FreeRTOS-Kernel/tasks.c.obj
                0x100059d0                vTaskSwitchContext
 .text.vTaskPlaceOnEventList
                0x10005a34       0xb8 CMakeFiles/freertos_blink.dir/C_/Users/20235607/Downloads/BAS_System/FreeRTOS-Kernel/tasks.c.obj
                0x10005a34                vTaskPlaceOnEventList
 .text.vTaskPlaceOnUnorderedEventList
                0x10005aec       0xf0 CMakeFiles/freertos_blink.dir/C_/Users/20235607/Downloads/BAS_System/FreeRTOS-Kernel/tasks.c.obj
                0x10005aec                vTaskPlaceOnUnorderedEventList
 .text.vTaskPlaceOnEventListRestricted
                0x10005bdc      0x110 CMakeFiles/freertos_blink.dir/C_/Users/20235607/Downloads/BAS_System/FreeRTOS-Kernel/tasks.c.obj
                0x10005bdc                vTaskPlaceOnEventListRestricted
 .text.xTaskRemoveFromEventList
                0x10005cec       0xe4 CMakeFiles/freertos_blink.dir/C_/Users/20235607/Downloads/BAS_System/FreeRTOS-Kernel/tasks.c.obj
                0x10005cec                xTaskRemoveFromEventList
 .text.vTaskRemoveFromUnorderedEventList
                0x10005dd0       0xc4 CMakeFiles/freertos_blink.dir/C_/Users/20235607/Downloads/BAS_System/FreeRTOS-Kernel/tasks.c.obj
                0x10005dd0                vTaskRemoveFromUnorderedEventList
 .text.vTaskInternalSetTimeOutState
                0x10005e94       0x18 CMakeFiles/freertos_blink.dir/C_/Users/20235607/Downloads/BAS_System/FreeRTOS-Kernel/tasks.c.obj
                0x10005e94                vTaskInternalSetTimeOutState
 .text.xTaskCheckForTimeOut
                0x10005eac       0x6c CMakeFiles/freertos_blink.dir/C_/Users/20235607/Downloads/BAS_System/FreeRTOS-Kernel/tasks.c.obj
                0x10005eac                xTaskCheckForTimeOut
 .text.vTaskMissedYield
                0x10005f18        0xc CMakeFiles/freertos_blink.dir/C_/Users/20235607/Downloads/BAS_System/FreeRTOS-Kernel/tasks.c.obj
                0x10005f18                vTaskMissedYield
 .text.xTaskGetCurrentTaskHandle
                0x10005f24        0xc CMakeFiles/freertos_blink.dir/C_/Users/20235607/Downloads/BAS_System/FreeRTOS-Kernel/tasks.c.obj
                0x10005f24                xTaskGetCurrentTaskHandle
 .text.xTaskGetSchedulerState
                0x10005f30       0x20 CMakeFiles/freertos_blink.dir/C_/Users/20235607/Downloads/BAS_System/FreeRTOS-Kernel/tasks.c.obj
                0x10005f30                xTaskGetSchedulerState
 .text.xTaskPriorityDisinherit
                0x10005f50       0xa8 CMakeFiles/freertos_blink.dir/C_/Users/20235607/Downloads/BAS_System/FreeRTOS-Kernel/tasks.c.obj
                0x10005f50                xTaskPriorityDisinherit
 .text.uxTaskResetEventItemValue
                0x10005ff8       0x18 CMakeFiles/freertos_blink.dir/C_/Users/20235607/Downloads/BAS_System/FreeRTOS-Kernel/tasks.c.obj
                0x10005ff8                uxTaskResetEventItemValue
 .text.prvTimerTask
                0x10006010      0x36c CMakeFiles/freertos_blink.dir/C_/Users/20235607/Downloads/BAS_System/FreeRTOS-Kernel/timers.c.obj
 .text.xTimerCreateTimerTask
                0x1000637c       0x7c CMakeFiles/freertos_blink.dir/C_/Users/20235607/Downloads/BAS_System/FreeRTOS-Kernel/timers.c.obj
                0x1000637c                xTimerCreateTimerTask
 .text.xTimerPendFunctionCallFromISR
                0x100063f8       0x30 CMakeFiles/freertos_blink.dir/C_/Users/20235607/Downloads/BAS_System/FreeRTOS-Kernel/timers.c.obj
                0x100063f8                xTimerPendFunctionCallFromISR
 .text.exception_set_exclusive_handler
                0x10006428       0x4c CMakeFiles/freertos_blink.dir/C_/Users/20235607/Downloads/BAS_System/sdk/src/rp2_common/hardware_exception/exception.c.obj
                0x10006428                exception_set_exclusive_handler
 .text.multicore_doorbell_claim_unused
                0x10006474       0xf8 CMakeFiles/freertos_blink.dir/C_/Users/20235607/Downloads/BAS_System/sdk/src/rp2_common/pico_multicore/multicore.c.obj
                0x10006474                multicore_doorbell_claim_unused
 .text.pvPortMalloc
                0x1000656c      0x140 CMakeFiles/freertos_blink.dir/C_/Users/20235607/Downloads/BAS_System/FreeRTOS-Kernel/portable/MemMang/heap_4.c.obj
                0x1000656c                pvPortMalloc
 .text.vPortFree
                0x100066ac       0xc0 CMakeFiles/freertos_blink.dir/C_/Users/20235607/Downloads/BAS_System/FreeRTOS-Kernel/portable/MemMang/heap_4.c.obj
                0x100066ac                vPortFree
 .text          0x1000676c       0xec c:/progra~2/102021~1.10/bin/../lib/gcc/arm-none-eabi/10.3.1/../../../../arm-none-eabi/lib/thumb/v8-m.main+fp/softfp\libg.a(lib_a-memcpy.o)
                0x1000676c                memcpy
 .text.memset   0x10006858       0xa4 c:/progra~2/102021~1.10/bin/../lib/gcc/arm-none-eabi/10.3.1/../../../../arm-none-eabi/lib/thumb/v8-m.main+fp/softfp\libg.a(lib_a-memset.o)
                0x10006858                memset
 .text.strlen   0x100068fc       0x5c c:/progra~2/102021~1.10/bin/../lib/gcc/arm-none-eabi/10.3.1/../../../../arm-none-eabi/lib/thumb/v8-m.main+fp/softfp\libg.a(lib_a-strlen-stub.o)
                0x100068fc                strlen
 *(.fini)
 .fini          0x10006958        0x4 c:/progra~2/102021~1.10/bin/../lib/gcc/arm-none-eabi/10.3.1/thumb/v8-m.main+fp/softfp/crti.o
                0x10006958                _fini
 *fill*         0x1000695c        0x4 
 .fini.__stub   0x10006960       0xb0 linker stubs
 *crtbegin.o(.ctors)
 *crtbegin?.o(.ctors)
 *(EXCLUDE_FILE(*crtend.o *crtend?.o) .ctors)
 *(SORT_BY_NAME(.ctors.*))
 *(.ctors)
 *crtbegin.o(.dtors)
 *crtbegin?.o(.dtors)
 *(EXCLUDE_FILE(*crtend.o *crtend?.o) .dtors)
 *(SORT_BY_NAME(.dtors.*))
 *(.dtors)
                0x10006a10                . = ALIGN (0x4)
                0x10006a10                PROVIDE (__preinit_array_start = .)
 *(SORT_BY_NAME(.preinit_array.*))
 .preinit_array.00050
                0x10006a10        0x4 CMakeFiles/freertos_blink.dir/C_/Users/20235607/Downloads/BAS_System/sdk/src/rp2_common/pico_runtime_init/runtime_init.c.obj
                0x10006a10                __pre_init_runtime_init_bootrom_reset
 .preinit_array.00100
                0x10006a14        0x4 CMakeFiles/freertos_blink.dir/C_/Users/20235607/Downloads/BAS_System/sdk/src/rp2_common/pico_runtime_init/runtime_init.c.obj
                0x10006a14                __pre_init_runtime_init_early_resets
 .preinit_array.00101
                0x10006a18        0x4 CMakeFiles/freertos_blink.dir/C_/Users/20235607/Downloads/BAS_System/sdk/src/rp2_common/pico_runtime_init/runtime_init.c.obj
                0x10006a18                __pre_init_runtime_init_usb_power_down
 .preinit_array.00500
                0x10006a1c        0x4 CMakeFiles/freertos_blink.dir/C_/Users/20235607/Downloads/BAS_System/sdk/src/rp2_common/pico_runtime_init/runtime_init.c.obj
                0x10006a1c                __pre_init_runtime_init_clocks
 .preinit_array.00600
                0x10006a20        0x4 CMakeFiles/freertos_blink.dir/C_/Users/20235607/Downloads/BAS_System/sdk/src/rp2_common/pico_runtime_init/runtime_init.c.obj
                0x10006a20                __pre_init_runtime_init_post_clock_resets
 .preinit_array.01000
                0x10006a24        0x4 CMakeFiles/freertos_blink.dir/C_/Users/20235607/Downloads/BAS_System/sdk/src/rp2_common/hardware_boot_lock/boot_lock.c.obj
                0x10006a24                __pre_init_runtime_init_boot_locks_reset
 .preinit_array.01000
                0x10006a28        0x4 CMakeFiles/freertos_blink.dir/C_/Users/20235607/Downloads/BAS_System/sdk/src/rp2_common/pico_runtime_init/runtime_init.c.obj
                0x10006a28                __pre_init_runtime_init_spin_locks_reset
 .preinit_array.01010
                0x10006a2c        0x4 CMakeFiles/freertos_blink.dir/C_/Users/20235607/Downloads/BAS_System/sdk/src/rp2_common/pico_bootrom/bootrom_lock.c.obj
                0x10006a2c                __pre_init_runtime_init_bootrom_locking_enable
 .preinit_array.01100
                0x10006a30        0x4 CMakeFiles/freertos_blink.dir/C_/Users/20235607/Downloads/BAS_System/sdk/src/common/pico_sync/mutex.c.obj
                0x10006a30                __pre_init_runtime_init_mutex
 .preinit_array.10080
                0x10006a34        0x4 CMakeFiles/freertos_blink.dir/C_/Users/20235607/Downloads/BAS_System/sdk/src/rp2_common/pico_runtime_init/runtime_init.c.obj
                0x10006a34                __pre_init_runtime_init_install_ram_vector_table
 .preinit_array.11000
                0x10006a38        0x4 CMakeFiles/freertos_blink.dir/C_/Users/20235607/Downloads/BAS_System/sdk/src/common/pico_time/time.c.obj
                0x10006a38                __pre_init_runtime_init_default_alarm_pool
 .preinit_array.YYYYY
                0x10006a3c        0x4 CMakeFiles/freertos_blink.dir/C_/Users/20235607/Downloads/BAS_System/sdk/src/rp2_common/pico_runtime/runtime.c.obj
                0x10006a3c                __pre_init_first_per_core_initializer
 .preinit_array.ZZZZZ.00051
                0x10006a40        0x4 CMakeFiles/freertos_blink.dir/C_/Users/20235607/Downloads/BAS_System/sdk/src/rp2_common/pico_runtime_init/runtime_init.c.obj
                0x10006a40                __pre_init_runtime_init_per_core_bootrom_reset
 .preinit_array.ZZZZZ.00200
                0x10006a44        0x4 CMakeFiles/freertos_blink.dir/C_/Users/20235607/Downloads/BAS_System/sdk/src/rp2_common/pico_runtime_init/runtime_init.c.obj
                0x10006a44                __pre_init_runtime_init_per_core_enable_coprocessors
 .preinit_array.ZZZZZ.01000
                0x10006a48        0x4 CMakeFiles/freertos_blink.dir/C_/Users/20235607/Downloads/BAS_System/sdk/src/rp2_common/hardware_sync_spin_lock/sync_spin_lock.c.obj
                0x10006a48                __pre_init_spinlock_set_extexclall
 .preinit_array.ZZZZZ.01200
                0x10006a4c        0x4 CMakeFiles/freertos_blink.dir/C_/Users/20235607/Downloads/BAS_System/sdk/src/rp2_common/hardware_irq/irq.c.obj
                0x10006a4c                __pre_init_runtime_init_per_core_irq_priorities
 *(.preinit_array)
                0x10006a50                PROVIDE (__preinit_array_end = .)
                0x10006a50                . = ALIGN (0x4)
                0x10006a50                PROVIDE (__init_array_start = .)
 *(SORT_BY_NAME(.init_array.*))
 .init_array.01000
                0x10006a50        0x4 CMakeFiles/freertos_blink.dir/C_/Users/20235607/Downloads/BAS_System/sdk/src/rp2_common/pico_unique_id/unique_id.c.obj
 *(.init_array)
 .init_array    0x10006a54        0x4 c:/progra~2/102021~1.10/bin/../lib/gcc/arm-none-eabi/10.3.1/thumb/v8-m.main+fp/softfp/crtbegin.o
 .init_array    0x10006a58        0x4 CMakeFiles/freertos_blink.dir/C_/Users/20235607/Downloads/BAS_System/FreeRTOS-Kernel/portable/ThirdParty/GCC/RP2350_ARM_NTZ/non_secure/port.c.obj
                0x10006a5c                PROVIDE (__init_array_end = .)
                0x10006a5c                . = ALIGN (0x4)
                [!provide]                PROVIDE (__fini_array_start = .)
 *(SORT_BY_NAME(.fini_array.*))
 *(.fini_array)
                [!provide]                PROVIDE (__fini_array_end = .)
 *(.eh_frame*)
 .eh_frame      0x10006a5c        0x0 c:/progra~2/102021~1.10/bin/../lib/gcc/arm-none-eabi/10.3.1/thumb/v8-m.main+fp/softfp/crtbegin.o
                0x10006a5c                . = ALIGN (0x4)

.glue_7         0x10006a5c        0x0
 .glue_7        0x10006a5c        0x0 linker stubs

.glue_7t        0x10006a5c        0x0
 .glue_7t       0x10006a5c        0x0 linker stubs

.vfp11_veneer   0x10006a5c        0x0
 .vfp11_veneer  0x10006a5c        0x0 linker stubs

.v4_bx          0x10006a5c        0x0
 .v4_bx         0x10006a5c        0x0 linker stubs

.iplt           0x10006a5c        0x0
 .iplt          0x10006a5c        0x0 c:/progra~2/102021~1.10/bin/../lib/gcc/arm-none-eabi/10.3.1/thumb/v8-m.main+fp/softfp/crtbegin.o

.boot2          0x10006a5c        0x0
                0x10006a5c                __boot2_start__ = .
 *(.boot2)
                0x10006a5c                __boot2_end__ = .
                0x00000001                ASSERT (((__boot2_end__ - __boot2_start__) <= 0x100), ERROR: Pico second stage bootloader must be no more than 256 bytes in size)

.rodata         0x10006a5c      0x3b0
 *(EXCLUDE_FILE(*libm.a: *libc.a:*lib_a-mem*.o *libgcc.a:) .rodata*)
 .rodata.print_task.str1.4
                0x10006a5c       0x10 CMakeFiles/freertos_blink.dir/main.c.obj
 .rodata.main.str1.4
                0x10006a6c       0x16 CMakeFiles/freertos_blink.dir/main.c.obj
 *fill*         0x10006a82        0x2 
 .rodata.panic.str1.4
                0x10006a84       0x12 CMakeFiles/freertos_blink.dir/C_/Users/20235607/Downloads/BAS_System/sdk/src/rp2_common/pico_platform_panic/panic.c.obj
 *fill*         0x10006a96        0x2 
 .rodata.spin_lock_claim_unused.str1.4
                0x10006a98       0x1b CMakeFiles/freertos_blink.dir/C_/Users/20235607/Downloads/BAS_System/sdk/src/rp2_common/hardware_sync/sync.c.obj
 *fill*         0x10006ab3        0x1 
 .rodata.user_irq_claim_unused.str1.4
                0x10006ab4       0x1b CMakeFiles/freertos_blink.dir/C_/Users/20235607/Downloads/BAS_System/sdk/src/rp2_common/hardware_irq/irq.c.obj
 *fill*         0x10006acf        0x1 
 .rodata.timer_hardware_alarm_claim.str1.4
                0x10006ad0       0x22 CMakeFiles/freertos_blink.dir/C_/Users/20235607/Downloads/BAS_System/sdk/src/rp2_common/hardware_timer/timer.c.obj
 *fill*         0x10006af2        0x2 
 .rodata.hard_assertion_failure.str1.4
                0x10006af4        0xc CMakeFiles/freertos_blink.dir/C_/Users/20235607/Downloads/BAS_System/sdk/src/rp2_common/pico_runtime/runtime.c.obj
 .rodata.str1.4
                0x10006b00       0x44 CMakeFiles/freertos_blink.dir/C_/Users/20235607/Downloads/BAS_System/sdk/src/rp2_common/pico_standard_binary_info/standard_binary_info.c.obj
 .rodata.__bi_26
                0x10006b44        0xc CMakeFiles/freertos_blink.dir/C_/Users/20235607/Downloads/BAS_System/sdk/src/rp2_common/pico_standard_binary_info/standard_binary_info.c.obj
 .rodata.__bi_34
                0x10006b50        0xc CMakeFiles/freertos_blink.dir/C_/Users/20235607/Downloads/BAS_System/sdk/src/rp2_common/pico_standard_binary_info/standard_binary_info.c.obj
 .rodata.__bi_42
                0x10006b5c        0xc CMakeFiles/freertos_blink.dir/C_/Users/20235607/Downloads/BAS_System/sdk/src/rp2_common/pico_standard_binary_info/standard_binary_info.c.obj
 .rodata.__bi_48
                0x10006b68        0xc CMakeFiles/freertos_blink.dir/C_/Users/20235607/Downloads/BAS_System/sdk/src/rp2_common/pico_standard_binary_info/standard_binary_info.c.obj
 .rodata.__bi_54
                0x10006b74        0xc CMakeFiles/freertos_blink.dir/C_/Users/20235607/Downloads/BAS_System/sdk/src/rp2_common/pico_standard_binary_info/standard_binary_info.c.obj
 .rodata.__bi_78
                0x10006b80        0xc CMakeFiles/freertos_blink.dir/C_/Users/20235607/Downloads/BAS_System/sdk/src/rp2_common/pico_standard_binary_info/standard_binary_info.c.obj
 .rodata.__bi_84
                0x10006b8c        0xc CMakeFiles/freertos_blink.dir/C_/Users/20235607/Downloads/BAS_System/sdk/src/rp2_common/pico_standard_binary_info/standard_binary_info.c.obj
 .rodata.crlf_str.0
                0x10006b98        0x2 CMakeFiles/freertos_blink.dir/C_/Users/20235607/Downloads/BAS_System/sdk/src/rp2_common/pico_stdio/stdio.c.obj
 *fill*         0x10006b9a        0x2 
 .rodata._resetd_driver
                0x10006b9c       0x20 CMakeFiles/freertos_blink.dir/C_/Users/20235607/Downloads/BAS_System/sdk/src/rp2_common/pico_stdio_usb/reset_interface.c.obj
 .rodata.desc_bos
                0x10006bbc       0x21 CMakeFiles/freertos_blink.dir/C_/Users/20235607/Downloads/BAS_System/sdk/src/rp2_common/pico_stdio_usb/reset_interface.c.obj
                0x10006bbc                desc_bos
 *fill*         0x10006bdd        0x3 
 .rodata.desc_ms_os_20
                0x10006be0       0xa6 CMakeFiles/freertos_blink.dir/C_/Users/20235607/Downloads/BAS_System/sdk/src/rp2_common/pico_stdio_usb/reset_interface.c.obj
 *fill*         0x10006c86        0x2 
 .rodata.str1.4
                0x10006c88       0x13 CMakeFiles/freertos_blink.dir/C_/Users/20235607/Downloads/BAS_System/sdk/src/rp2_common/pico_stdio_usb/stdio_usb.c.obj
 *fill*         0x10006c9b        0x1 
 .rodata.__bi_202.0
                0x10006c9c        0xc CMakeFiles/freertos_blink.dir/C_/Users/20235607/Downloads/BAS_System/sdk/src/rp2_common/pico_stdio_usb/stdio_usb.c.obj
 .rodata.str1.4
                0x10006ca8       0x2a CMakeFiles/freertos_blink.dir/C_/Users/20235607/Downloads/BAS_System/sdk/src/rp2_common/pico_stdio_usb/stdio_usb_descriptors.c.obj
 *fill*         0x10006cd2        0x2 
 .rodata.usbd_desc_cfg
                0x10006cd4       0x54 CMakeFiles/freertos_blink.dir/C_/Users/20235607/Downloads/BAS_System/sdk/src/rp2_common/pico_stdio_usb/stdio_usb_descriptors.c.obj
 .rodata.usbd_desc_device
                0x10006d28       0x12 CMakeFiles/freertos_blink.dir/C_/Users/20235607/Downloads/BAS_System/sdk/src/rp2_common/pico_stdio_usb/stdio_usb_descriptors.c.obj
 *fill*         0x10006d3a        0x2 
 .rodata.usbd_desc_str
                0x10006d3c       0x18 CMakeFiles/freertos_blink.dir/C_/Users/20235607/Downloads/BAS_System/sdk/src/rp2_common/pico_stdio_usb/stdio_usb_descriptors.c.obj
 .rodata.str1.4
                0x10006d54       0x14 CMakeFiles/freertos_blink.dir/C_/Users/20235607/Downloads/BAS_System/sdk/lib/tinyusb/src/portable/raspberrypi/rp2040/dcd_rp2040.c.obj
 .rodata.str1.4
                0x10006d68       0x48 CMakeFiles/freertos_blink.dir/C_/Users/20235607/Downloads/BAS_System/sdk/lib/tinyusb/src/portable/raspberrypi/rp2040/rp2040_usb.c.obj
 .rodata._usbd_driver
                0x10006db0       0x40 CMakeFiles/freertos_blink.dir/C_/Users/20235607/Downloads/BAS_System/sdk/lib/tinyusb/src/device/usbd.c.obj
 .rodata.xTimerCreateTimerTask.str1.4
                0x10006df0        0x8 CMakeFiles/freertos_blink.dir/C_/Users/20235607/Downloads/BAS_System/FreeRTOS-Kernel/timers.c.obj
 .rodata.multicore_doorbell_claim_unused.str1.4
                0x10006df8       0x12 CMakeFiles/freertos_blink.dir/C_/Users/20235607/Downloads/BAS_System/sdk/src/rp2_common/pico_multicore/multicore.c.obj
 *(.srodata*)
                0x10006e0c                . = ALIGN (0x4)
 *fill*         0x10006e0a        0x2 
 *(SORT_BY_ALIGNMENT(SORT_BY_NAME(.flashdata*)))
                0x10006e0c                . = ALIGN (0x4)

.ARM.extab
 *(.ARM.extab* .gnu.linkonce.armextab.*)
                0x10006e0c                __exidx_start = .

.ARM.exidx      0x10006e0c        0x8
 *(.ARM.exidx* .gnu.linkonce.armexidx.*)
 .ARM.exidx     0x10006e0c        0x8 c:/progra~2/102021~1.10/bin/../lib/gcc/arm-none-eabi/10.3.1/thumb/v8-m.main+fp/softfp\libgcc.a(_udivmoddi4.o)
                0x10006e14                __exidx_end = .
                0x10006e14                . = ALIGN (0x4)
                0x10006e14                __binary_info_start = .

.binary_info    0x10006e14       0x20
 *(.binary_info.keep.*)
 .binary_info.keep.__bi_ptr26
                0x10006e14        0x4 CMakeFiles/freertos_blink.dir/C_/Users/20235607/Downloads/BAS_System/sdk/src/rp2_common/pico_standard_binary_info/standard_binary_info.c.obj
 .binary_info.keep.__bi_ptr34
                0x10006e18        0x4 CMakeFiles/freertos_blink.dir/C_/Users/20235607/Downloads/BAS_System/sdk/src/rp2_common/pico_standard_binary_info/standard_binary_info.c.obj
 .binary_info.keep.__bi_ptr42
                0x10006e1c        0x4 CMakeFiles/freertos_blink.dir/C_/Users/20235607/Downloads/BAS_System/sdk/src/rp2_common/pico_standard_binary_info/standard_binary_info.c.obj
 .binary_info.keep.__bi_ptr48
                0x10006e20        0x4 CMakeFiles/freertos_blink.dir/C_/Users/20235607/Downloads/BAS_System/sdk/src/rp2_common/pico_standard_binary_info/standard_binary_info.c.obj
 .binary_info.keep.__bi_ptr54
                0x10006e24        0x4 CMakeFiles/freertos_blink.dir/C_/Users/20235607/Downloads/BAS_System/sdk/src/rp2_common/pico_standard_binary_info/standard_binary_info.c.obj
 .binary_info.keep.__bi_ptr78
                0x10006e28        0x4 CMakeFiles/freertos_blink.dir/C_/Users/20235607/Downloads/BAS_System/sdk/src/rp2_common/pico_standard_binary_info/standard_binary_info.c.obj
 .binary_info.keep.__bi_ptr84
                0x10006e2c        0x4 CMakeFiles/freertos_blink.dir/C_/Users/20235607/Downloads/BAS_System/sdk/src/rp2_common/pico_standard_binary_info/standard_binary_info.c.obj
 *(.binary_info.*)
 .binary_info.__bi_ptr202
                0x10006e30        0x4 CMakeFiles/freertos_blink.dir/C_/Users/20235607/Downloads/BAS_System/sdk/src/rp2_common/pico_stdio_usb/stdio_usb.c.obj
                0x10006e34                __binary_info_end = .
                0x10006e34                . = ALIGN (0x4)

.ram_vector_table
                0x20000000      0x110
 *(.ram_vector_table)
 .ram_vector_table
                0x20000000      0x110 CMakeFiles/freertos_blink.dir/C_/Users/20235607/Downloads/BAS_System/sdk/src/rp2_common/pico_runtime_init/runtime_init.c.obj
                0x20000000                ram_vector_table

.uninitialized_data
                0x20000110        0x0
                0x20000110                . = ALIGN (0x4)
 *(.uninitialized_data*)

.data           0x20000110     0x1174 load address 0x10006e34
                0x20000110                __data_start__ = .
 *(vtable)
 *(.time_critical*)
 .time_critical.mutex_try_enter
                0x20000110       0x4c CMakeFiles/freertos_blink.dir/C_/Users/20235607/Downloads/BAS_System/sdk/src/common/pico_sync/mutex.c.obj
                0x20000110                mutex_try_enter
 .time_critical.mutex_try_enter_block_until
                0x2000015c       0xb0 CMakeFiles/freertos_blink.dir/C_/Users/20235607/Downloads/BAS_System/sdk/src/common/pico_sync/mutex.c.obj
                0x2000015c                mutex_try_enter_block_until
 .time_critical.mutex_enter_timeout_ms
                0x2000020c       0x78 CMakeFiles/freertos_blink.dir/C_/Users/20235607/Downloads/BAS_System/sdk/src/common/pico_sync/mutex.c.obj
                0x2000020c                mutex_enter_timeout_ms
 .time_critical.mutex_exit
                0x20000284       0x34 CMakeFiles/freertos_blink.dir/C_/Users/20235607/Downloads/BAS_System/sdk/src/common/pico_sync/mutex.c.obj
                0x20000284                mutex_exit
 .time_critical.reset_non_control_endpoints
                0x200002b8       0x64 CMakeFiles/freertos_blink.dir/C_/Users/20235607/Downloads/BAS_System/sdk/lib/tinyusb/src/portable/raspberrypi/rp2040/dcd_rp2040.c.obj
 .time_critical.hw_handle_buff_status
                0x2000031c       0xa0 CMakeFiles/freertos_blink.dir/C_/Users/20235607/Downloads/BAS_System/sdk/lib/tinyusb/src/portable/raspberrypi/rp2040/dcd_rp2040.c.obj
 .time_critical.dcd_rp2040_irq
                0x200003bc      0x4f8 CMakeFiles/freertos_blink.dir/C_/Users/20235607/Downloads/BAS_System/sdk/lib/tinyusb/src/portable/raspberrypi/rp2040/dcd_rp2040.c.obj
 .time_critical.prepare_ep_buffer
                0x200008b4       0xc8 CMakeFiles/freertos_blink.dir/C_/Users/20235607/Downloads/BAS_System/sdk/lib/tinyusb/src/portable/raspberrypi/rp2040/rp2040_usb.c.obj
 .time_critical.sync_ep_buffer
                0x2000097c       0xb8 CMakeFiles/freertos_blink.dir/C_/Users/20235607/Downloads/BAS_System/sdk/lib/tinyusb/src/portable/raspberrypi/rp2040/rp2040_usb.c.obj
 .time_critical._hw_endpoint_xfer_sync
                0x20000a34       0x2c CMakeFiles/freertos_blink.dir/C_/Users/20235607/Downloads/BAS_System/sdk/lib/tinyusb/src/portable/raspberrypi/rp2040/rp2040_usb.c.obj
 .time_critical.e15_is_bulkin_ep
                0x20000a60       0x28 CMakeFiles/freertos_blink.dir/C_/Users/20235607/Downloads/BAS_System/sdk/lib/tinyusb/src/portable/raspberrypi/rp2040/rp2040_usb.c.obj
 .time_critical.e15_is_critical_frame_period
                0x20000a88       0x28 CMakeFiles/freertos_blink.dir/C_/Users/20235607/Downloads/BAS_System/sdk/lib/tinyusb/src/portable/raspberrypi/rp2040/rp2040_usb.c.obj
 .time_critical.hw_endpoint_reset_transfer
                0x20000ab0        0xc CMakeFiles/freertos_blink.dir/C_/Users/20235607/Downloads/BAS_System/sdk/lib/tinyusb/src/portable/raspberrypi/rp2040/rp2040_usb.c.obj
                0x20000ab0                hw_endpoint_reset_transfer
 .time_critical._hw_endpoint_buffer_control_update32
                0x20000abc       0x44 CMakeFiles/freertos_blink.dir/C_/Users/20235607/Downloads/BAS_System/sdk/lib/tinyusb/src/portable/raspberrypi/rp2040/rp2040_usb.c.obj
                0x20000abc                _hw_endpoint_buffer_control_update32
 .time_critical.hw_endpoint_start_next_buffer
                0x20000b00       0x64 CMakeFiles/freertos_blink.dir/C_/Users/20235607/Downloads/BAS_System/sdk/lib/tinyusb/src/portable/raspberrypi/rp2040/rp2040_usb.c.obj
                0x20000b00                hw_endpoint_start_next_buffer
 .time_critical.hw_endpoint_xfer_continue
                0x20000b64       0x40 CMakeFiles/freertos_blink.dir/C_/Users/20235607/Downloads/BAS_System/sdk/lib/tinyusb/src/portable/raspberrypi/rp2040/rp2040_usb.c.obj
                0x20000b64                hw_endpoint_xfer_continue
 .time_critical.tinyusb
                0x20000ba4      0x218 CMakeFiles/freertos_blink.dir/C_/Users/20235607/Downloads/BAS_System/sdk/lib/tinyusb/src/device/usbd.c.obj
                0x20000ba4                dcd_event_handler
 *(.text*)
 .text          0x20000dbc       0xa0 c:/progra~2/102021~1.10/bin/../lib/gcc/arm-none-eabi/10.3.1/thumb/v8-m.main+fp/softfp\libgcc.a(_aeabi_ldivmod.o)
                0x20000dbc                __aeabi_ldivmod
 .text          0x20000e5c      0x2ec c:/progra~2/102021~1.10/bin/../lib/gcc/arm-none-eabi/10.3.1/thumb/v8-m.main+fp/softfp\libgcc.a(_udivmoddi4.o)
                0x20000e5c                __udivmoddi4
 .text          0x20001148        0x4 c:/progra~2/102021~1.10/bin/../lib/gcc/arm-none-eabi/10.3.1/thumb/v8-m.main+fp/softfp\libgcc.a(_dvmd_tls.o)
                0x20001148                __aeabi_idiv0
                0x20001148                __aeabi_ldiv0
 *fill*         0x2000114c        0x4 
 .text.__stub   0x20001150       0x80 linker stubs
                0x200011d0                . = ALIGN (0x4)
 *(.rodata*)
                0x200011d0                . = ALIGN (0x4)
 *(.data*)
 .data.striped_spin_lock_num
                0x200011d0        0x1 CMakeFiles/freertos_blink.dir/C_/Users/20235607/Downloads/BAS_System/sdk/src/rp2_common/hardware_sync/sync.c.obj
 *fill*         0x200011d1        0x3 
 .data          0x200011d4       0x48 CMakeFiles/freertos_blink.dir/C_/Users/20235607/Downloads/BAS_System/sdk/src/rp2_common/hardware_irq/irq_handler_chain.S.obj
                0x200011d4                irq_handler_chain_slots
                0x20001204                irq_handler_chain_first_slot
                0x2000120e                irq_handler_chain_remove_tail
 .data.default_alarm_pool
                0x2000121c       0x18 CMakeFiles/freertos_blink.dir/C_/Users/20235607/Downloads/BAS_System/sdk/src/common/pico_time/time.c.obj
 .data.stdio_usb
                0x20001234       0x18 CMakeFiles/freertos_blink.dir/C_/Users/20235607/Downloads/BAS_System/sdk/src/rp2_common/pico_stdio_usb/stdio_usb.c.obj
                0x20001234                stdio_usb
 .data._usbd_qdef
                0x2000124c       0x1c CMakeFiles/freertos_blink.dir/C_/Users/20235607/Downloads/BAS_System/sdk/lib/tinyusb/src/device/usbd.c.obj
                0x2000124c                _usbd_qdef
 .data._usbd_rhport
                0x20001268        0x1 CMakeFiles/freertos_blink.dir/C_/Users/20235607/Downloads/BAS_System/sdk/lib/tinyusb/src/device/usbd.c.obj
 .data.cDoorbellNum
                0x20001269        0x1 CMakeFiles/freertos_blink.dir/C_/Users/20235607/Downloads/BAS_System/FreeRTOS-Kernel/portable/ThirdParty/GCC/RP2350_ARM_NTZ/non_secure/port.c.obj
 .data.ucPrimaryCoreNum
                0x2000126a        0x1 CMakeFiles/freertos_blink.dir/C_/Users/20235607/Downloads/BAS_System/FreeRTOS-Kernel/portable/ThirdParty/GCC/RP2350_ARM_NTZ/non_secure/port.c.obj
 *fill*         0x2000126b        0x1 
 .data.ulCriticalNesting
                0x2000126c        0x4 CMakeFiles/freertos_blink.dir/C_/Users/20235607/Downloads/BAS_System/FreeRTOS-Kernel/portable/ThirdParty/GCC/RP2350_ARM_NTZ/non_secure/port.c.obj
 .data.uxTopUsedPriority
                0x20001270        0x4 CMakeFiles/freertos_blink.dir/C_/Users/20235607/Downloads/BAS_System/FreeRTOS-Kernel/tasks.c.obj
 *(.sdata*)
                0x20001274                . = ALIGN (0x4)
 *(.after_data.*)
                0x20001274                . = ALIGN (0x4)
                0x20001274                PROVIDE (__mutex_array_start = .)
 *(SORT_BY_NAME(.mutex_array.*))
 *(.mutex_array)
 .mutex_array   0x20001274        0x8 CMakeFiles/freertos_blink.dir/C_/Users/20235607/Downloads/BAS_System/sdk/src/rp2_common/pico_malloc/malloc.c.obj
 .mutex_array   0x2000127c        0x8 CMakeFiles/freertos_blink.dir/C_/Users/20235607/Downloads/BAS_System/sdk/src/rp2_common/pico_stdio/stdio.c.obj
                0x20001284                PROVIDE (__mutex_array_end = .)
 *(.jcr)
                0x20001284                . = ALIGN (0x4)

.igot.plt       0x20001284        0x0 load address 0x10007fa8
 .igot.plt      0x20001284        0x0 c:/progra~2/102021~1.10/bin/../lib/gcc/arm-none-eabi/10.3.1/thumb/v8-m.main+fp/softfp/crtbegin.o

.tdata          0x20001284        0x0 load address 0x10007fa8
                0x20001284                . = ALIGN (0x4)
 *(.tdata .tdata.* .gnu.linkonce.td.*)
                0x20001284                __tdata_end = .
                0x20001284                PROVIDE (__data_end__ = .)
                0x10006e34                __etext = LOADADDR (.data)

.tbss           0x20001284        0x0 load address 0x10007fa8
                0x20001284                . = ALIGN (0x4)
                0x20001284                __bss_start__ = .
                0x20001284                __tls_base = .
 *(.tbss .tbss.* .gnu.linkonce.tb.*)
 *(.tcommon)
                0x20001284                __tls_end = .

.bss            0x20001288     0x4da4 load address 0x10007fa8
                0x20001288                . = ALIGN (0x4)
                0x20001288                __tbss_end = .
 *(SORT_BY_ALIGNMENT(SORT_BY_NAME(.bss*)))
 .bss.default_alarm_pool_entries
                0x20001288      0x180 CMakeFiles/freertos_blink.dir/C_/Users/20235607/Downloads/BAS_System/sdk/src/common/pico_time/time.c.obj
 .bss.last_avail_time.1
                0x20001408        0x8 CMakeFiles/freertos_blink.dir/C_/Users/20235607/Downloads/BAS_System/sdk/src/rp2_common/pico_stdio_usb/stdio_usb.c.obj
 .bss           0x20001410       0x1c c:/progra~2/102021~1.10/bin/../lib/gcc/arm-none-eabi/10.3.1/thumb/v8-m.main+fp/softfp/crtbegin.o
 .bss._app_driver
                0x2000142c        0x4 CMakeFiles/freertos_blink.dir/C_/Users/20235607/Downloads/BAS_System/sdk/lib/tinyusb/src/device/usbd.c.obj
 .bss._cdcd_epbuf
                0x20001430       0x80 CMakeFiles/freertos_blink.dir/C_/Users/20235607/Downloads/BAS_System/sdk/lib/tinyusb/src/class/cdc/cdc_device.c.obj
 .bss._cdcd_fifo_cfg
                0x200014b0        0x1 CMakeFiles/freertos_blink.dir/C_/Users/20235607/Downloads/BAS_System/sdk/lib/tinyusb/src/class/cdc/cdc_device.c.obj
 *fill*         0x200014b1        0x3 
 .bss._cdcd_itf
                0x200014b4       0xc8 CMakeFiles/freertos_blink.dir/C_/Users/20235607/Downloads/BAS_System/sdk/lib/tinyusb/src/class/cdc/cdc_device.c.obj
 .bss._ctrl_epbuf
                0x2000157c       0x40 CMakeFiles/freertos_blink.dir/C_/Users/20235607/Downloads/BAS_System/sdk/lib/tinyusb/src/device/usbd_control.c.obj
 .bss._ctrl_xfer
                0x200015bc       0x14 CMakeFiles/freertos_blink.dir/C_/Users/20235607/Downloads/BAS_System/sdk/lib/tinyusb/src/device/usbd_control.c.obj
 .bss._sw_spin_locks
                0x200015d0       0x20 CMakeFiles/freertos_blink.dir/C_/Users/20235607/Downloads/BAS_System/sdk/src/rp2_common/hardware_sync_spin_lock/sync_spin_lock.c.obj
                0x200015d0                _sw_spin_locks
 .bss._tusb_rhport_role
                0x200015f0        0x2 CMakeFiles/freertos_blink.dir/C_/Users/20235607/Downloads/BAS_System/sdk/lib/tinyusb/src/tusb.c.obj
                0x200015f0                _tusb_rhport_role
 *fill*         0x200015f2        0x2 
 .bss._ubsd_mutexdef
                0x200015f4        0x8 CMakeFiles/freertos_blink.dir/C_/Users/20235607/Downloads/BAS_System/sdk/lib/tinyusb/src/device/usbd.c.obj
 .bss._usbd_dev
                0x200015fc       0x54 CMakeFiles/freertos_blink.dir/C_/Users/20235607/Downloads/BAS_System/sdk/lib/tinyusb/src/device/usbd.c.obj
 .bss._usbd_mutex
                0x20001650        0x4 CMakeFiles/freertos_blink.dir/C_/Users/20235607/Downloads/BAS_System/sdk/lib/tinyusb/src/device/usbd.c.obj
 .bss._usbd_q   0x20001654        0x4 CMakeFiles/freertos_blink.dir/C_/Users/20235607/Downloads/BAS_System/sdk/lib/tinyusb/src/device/usbd.c.obj
 .bss._usbd_qdef_buf
                0x20001658       0xc0 CMakeFiles/freertos_blink.dir/C_/Users/20235607/Downloads/BAS_System/sdk/lib/tinyusb/src/device/usbd.c.obj
                0x20001658                _usbd_qdef_buf
 .bss._vendord_epbuf
                0x20001718       0x80 CMakeFiles/freertos_blink.dir/C_/Users/20235607/Downloads/BAS_System/sdk/lib/tinyusb/src/class/vendor/vendor_device.c.obj
 .bss._vendord_itf
                0x20001798      0x24c CMakeFiles/freertos_blink.dir/C_/Users/20235607/Downloads/BAS_System/sdk/lib/tinyusb/src/class/vendor/vendor_device.c.obj
 .bss.chars_available_callback
                0x200019e4        0x4 CMakeFiles/freertos_blink.dir/C_/Users/20235607/Downloads/BAS_System/sdk/src/rp2_common/pico_stdio_usb/stdio_usb.c.obj
 .bss.chars_available_param
                0x200019e8        0x4 CMakeFiles/freertos_blink.dir/C_/Users/20235607/Downloads/BAS_System/sdk/src/rp2_common/pico_stdio_usb/stdio_usb.c.obj
 .bss.claimed   0x200019ec        0x4 CMakeFiles/freertos_blink.dir/C_/Users/20235607/Downloads/BAS_System/sdk/src/rp2_common/hardware_sync/sync.c.obj
 .bss.claimed   0x200019f0        0x2 CMakeFiles/freertos_blink.dir/C_/Users/20235607/Downloads/BAS_System/sdk/src/rp2_common/hardware_timer/timer.c.obj
 *fill*         0x200019f2        0x2 
 .bss.configured_freq
                0x200019f4       0x28 CMakeFiles/freertos_blink.dir/C_/Users/20235607/Downloads/BAS_System/sdk/src/rp2_common/hardware_clocks/clocks.c.obj
 .bss.desc_str.0
                0x20001a1c       0x28 CMakeFiles/freertos_blink.dir/C_/Users/20235607/Downloads/BAS_System/sdk/src/rp2_common/pico_stdio_usb/stdio_usb_descriptors.c.obj
 .bss.doorbell_claimed
                0x20001a44        0x2 CMakeFiles/freertos_blink.dir/C_/Users/20235607/Downloads/BAS_System/sdk/src/rp2_common/pico_multicore/multicore.c.obj
 *fill*         0x20001a46        0x2 
 .bss.drivers   0x20001a48        0x4 CMakeFiles/freertos_blink.dir/C_/Users/20235607/Downloads/BAS_System/sdk/src/rp2_common/pico_stdio/stdio.c.obj
 .bss.e15_last_sof
                0x20001a4c        0x4 CMakeFiles/freertos_blink.dir/C_/Users/20235607/Downloads/BAS_System/sdk/lib/tinyusb/src/portable/raspberrypi/rp2040/rp2040_usb.c.obj
                0x20001a4c                e15_last_sof
 .bss.filter    0x20001a50        0x4 CMakeFiles/freertos_blink.dir/C_/Users/20235607/Downloads/BAS_System/sdk/src/rp2_common/pico_stdio/stdio.c.obj
 .bss.hw_endpoints
                0x20001a54      0x400 CMakeFiles/freertos_blink.dir/C_/Users/20235607/Downloads/BAS_System/sdk/lib/tinyusb/src/portable/raspberrypi/rp2040/dcd_rp2040.c.obj
 .bss.lazy_vsnprintf
                0x20001e54        0x4 CMakeFiles/freertos_blink.dir/C_/Users/20235607/Downloads/BAS_System/sdk/src/rp2_common/pico_printf/printf.c.obj
 .bss.load_value
                0x20001e58        0x4 CMakeFiles/freertos_blink.dir/C_/Users/20235607/Downloads/BAS_System/sdk/src/rp2_common/hardware_watchdog/watchdog.c.obj
 .bss.next_buffer_ptr
                0x20001e5c        0x4 CMakeFiles/freertos_blink.dir/C_/Users/20235607/Downloads/BAS_System/sdk/lib/tinyusb/src/portable/raspberrypi/rp2040/dcd_rp2040.c.obj
 .bss.one_shot_timer_crit_sec
                0x20001e60        0x8 CMakeFiles/freertos_blink.dir/C_/Users/20235607/Downloads/BAS_System/sdk/src/rp2_common/pico_stdio_usb/stdio_usb.c.obj
 .bss.pools     0x20001e68       0x20 CMakeFiles/freertos_blink.dir/C_/Users/20235607/Downloads/BAS_System/sdk/src/common/pico_time/time.c.obj
 .bss.pxCrossCoreSpinLock
                0x20001e88        0x4 CMakeFiles/freertos_blink.dir/C_/Users/20235607/Downloads/BAS_System/FreeRTOS-Kernel/portable/ThirdParty/GCC/RP2350_ARM_NTZ/non_secure/port.c.obj
 .bss.pxCurrentTCB
                0x20001e8c        0x4 CMakeFiles/freertos_blink.dir/C_/Users/20235607/Downloads/BAS_System/FreeRTOS-Kernel/tasks.c.obj
                0x20001e8c                pxCurrentTCB
 .bss.pxCurrentTimerList
                0x20001e90        0x4 CMakeFiles/freertos_blink.dir/C_/Users/20235607/Downloads/BAS_System/FreeRTOS-Kernel/timers.c.obj
 .bss.pxDelayedTaskList
                0x20001e94        0x4 CMakeFiles/freertos_blink.dir/C_/Users/20235607/Downloads/BAS_System/FreeRTOS-Kernel/tasks.c.obj