Archive member included to satisfy reference by file (symbol)

c:/progra~2/102021~1.10/bin/../lib/gcc/arm-none-eabi/10.3.1/../../../../arm-none-eabi/lib/thumb/v8-m.main+fp/softfp\libm.a(lib_a-wf_sqrt.o)
                              CMakeFiles/multicore.dir/C_/Users/20235607/Downloads/BAS_System/sdk/src/rp2_common/pico_float/float_math.c.obj (sqrtf)
c:/progra~2/102021~1.10/bin/../lib/gcc/arm-none-eabi/10.3.1/../../../../arm-none-eabi/lib/thumb/v8-m.main+fp/softfp\libm.a(lib_a-ef_sqrt.o)
                              c:/progra~2/102021~1.10/bin/../lib/gcc/arm-none-eabi/10.3.1/../../../../arm-none-eabi/lib/thumb/v8-m.main+fp/softfp\libm.a(lib_a-wf_sqrt.o) (__ieee754_sqrtf)
c:/progra~2/102021~1.10/bin/../lib/gcc/arm-none-eabi/10.3.1/thumb/v8-m.main+fp/softfp\libgcc.a(_arm_addsubdf3.o)
                              CMakeFiles/multicore.dir/multicore.c.obj (__aeabi_f2d)
c:/progra~2/102021~1.10/bin/../lib/gcc/arm-none-eabi/10.3.1/thumb/v8-m.main+fp/softfp\libgcc.a(_aeabi_ldivmod.o)
                              CMakeFiles/multicore.dir/C_/Users/20235607/Downloads/BAS_System/sdk/src/common/pico_time/time.c.obj (__aeabi_ldivmod)
c:/progra~2/102021~1.10/bin/../lib/gcc/arm-none-eabi/10.3.1/thumb/v8-m.main+fp/softfp\libgcc.a(_aeabi_uldivmod.o)
                              CMakeFiles/multicore.dir/C_/Users/20235607/Downloads/BAS_System/sdk/src/rp2_common/hardware_clocks/clocks.c.obj (__aeabi_uldivmod)
c:/progra~2/102021~1.10/bin/../lib/gcc/arm-none-eabi/10.3.1/thumb/v8-m.main+fp/softfp\libgcc.a(_udivmoddi4.o)
                              c:/progra~2/102021~1.10/bin/../lib/gcc/arm-none-eabi/10.3.1/thumb/v8-m.main+fp/softfp\libgcc.a(_aeabi_ldivmod.o) (__udivmoddi4)
c:/progra~2/102021~1.10/bin/../lib/gcc/arm-none-eabi/10.3.1/thumb/v8-m.main+fp/softfp\libgcc.a(_dvmd_tls.o)
                              c:/progra~2/102021~1.10/bin/../lib/gcc/arm-none-eabi/10.3.1/thumb/v8-m.main+fp/softfp\libgcc.a(_aeabi_ldivmod.o) (__aeabi_ldiv0)
c:/progra~2/102021~1.10/bin/../lib/gcc/arm-none-eabi/10.3.1/../../../../arm-none-eabi/lib/thumb/v8-m.main+fp/softfp\libg.a(lib_a-calloc.o)
                              CMakeFiles/multicore.dir/C_/Users/20235607/Downloads/BAS_System/sdk/src/rp2_common/pico_malloc/malloc.c.obj (calloc)
c:/progra~2/102021~1.10/bin/../lib/gcc/arm-none-eabi/10.3.1/../../../../arm-none-eabi/lib/thumb/v8-m.main+fp/softfp\libg.a(lib_a-callocr.o)
                              c:/progra~2/102021~1.10/bin/../lib/gcc/arm-none-eabi/10.3.1/../../../../arm-none-eabi/lib/thumb/v8-m.main+fp/softfp\libg.a(lib_a-calloc.o) (_calloc_r)
c:/progra~2/102021~1.10/bin/../lib/gcc/arm-none-eabi/10.3.1/../../../../arm-none-eabi/lib/thumb/v8-m.main+fp/softfp\libg.a(lib_a-errno.o)
                              c:/progra~2/102021~1.10/bin/../lib/gcc/arm-none-eabi/10.3.1/../../../../arm-none-eabi/lib/thumb/v8-m.main+fp/softfp\libm.a(lib_a-wf_sqrt.o) (__errno)
c:/progra~2/102021~1.10/bin/../lib/gcc/arm-none-eabi/10.3.1/../../../../arm-none-eabi/lib/thumb/v8-m.main+fp/softfp\libg.a(lib_a-impure.o)
                              c:/progra~2/102021~1.10/bin/../lib/gcc/arm-none-eabi/10.3.1/../../../../arm-none-eabi/lib/thumb/v8-m.main+fp/softfp\libg.a(lib_a-calloc.o) (_impure_ptr)
c:/progra~2/102021~1.10/bin/../lib/gcc/arm-none-eabi/10.3.1/../../../../arm-none-eabi/lib/thumb/v8-m.main+fp/softfp\libg.a(lib_a-init.o)
                              c:/progra~2/102021~1.10/bin/../lib/gcc/arm-none-eabi/10.3.1/../../../../arm-none-eabi/lib/thumb/v8-m.main+fp/softfp/crt0.o (__libc_init_array)
c:/progra~2/102021~1.10/bin/../lib/gcc/arm-none-eabi/10.3.1/../../../../arm-none-eabi/lib/thumb/v8-m.main+fp/softfp\libg.a(lib_a-lcltime_r.o)
                              CMakeFiles/multicore.dir/C_/Users/20235607/Downloads/BAS_System/sdk/src/common/pico_util/datetime.c.obj (localtime_r)
c:/progra~2/102021~1.10/bin/../lib/gcc/arm-none-eabi/10.3.1/../../../../arm-none-eabi/lib/thumb/v8-m.main+fp/softfp\libg.a(lib_a-malloc.o)
                              CMakeFiles/multicore.dir/C_/Users/20235607/Downloads/BAS_System/sdk/src/rp2_common/pico_malloc/malloc.c.obj (malloc)
c:/progra~2/102021~1.10/bin/../lib/gcc/arm-none-eabi/10.3.1/../../../../arm-none-eabi/lib/thumb/v8-m.main+fp/softfp\libg.a(lib_a-mallocr.o)
                              c:/progra~2/102021~1.10/bin/../lib/gcc/arm-none-eabi/10.3.1/../../../../arm-none-eabi/lib/thumb/v8-m.main+fp/softfp\libg.a(lib_a-callocr.o) (_malloc_r)
c:/progra~2/102021~1.10/bin/../lib/gcc/arm-none-eabi/10.3.1/../../../../arm-none-eabi/lib/thumb/v8-m.main+fp/softfp\libg.a(lib_a-memcmp.o)
                              CMakeFiles/multicore.dir/C_/Users/20235607/Downloads/BAS_System/sdk/src/rp2_common/pico_atomic/atomic.c.obj (memcmp)
c:/progra~2/102021~1.10/bin/../lib/gcc/arm-none-eabi/10.3.1/../../../../arm-none-eabi/lib/thumb/v8-m.main+fp/softfp\libg.a(lib_a-memcpy.o)
                              CMakeFiles/multicore.dir/C_/Users/20235607/Downloads/BAS_System/sdk/src/common/pico_util/queue.c.obj (memcpy)
[...]
Memory Configuration

Name             Origin             Length             Attributes
FLASH            0x10000000         0x00400000         xr
RAM              0x20000000         0x00080000         xrw
SCRATCH_X        0x20080000         0x00001000         xrw
SCRATCH_Y        0x20081000         0x00001000         xrw
*default*        0x00000000         0xffffffff

Linker script and memory map

LOAD c:/progra~2/102021~1.10/bin/../lib/gcc/arm-none-eabi/10.3.1/thumb/v8-m.main+fp/softfp/crti.o
LOAD c:/progra~2/102021~1.10/bin/../lib/gcc/arm-none-eabi/10.3.1/thumb/v8-m.main+fp/softfp/crtbegin.o
LOAD c:/progra~2/102021~1.10/bin/../lib/gcc/arm-none-eabi/10.3.1/../../../../arm-none-eabi/lib/thumb/v8-m.main+fp/softfp/crt0.o

.flash_begin    0x10000000        0x0
                0x10000000                __flash_binary_start = .

.text           0x10000000     0x5f00
                0x10000000                __logical_binary_start = .
 *(.vectors)
 .vectors       0x10000000      0x124 CMakeFiles/multicore.dir/C_/Users/20235607/Downloads/BAS_System/sdk/src/rp2_common/pico_crt0/crt0.S.obj
                0x10000000                __VECTOR_TABLE
                0x10000000                __vectors
                0x10000110                __unhandled_user_irq
                0x10000110                isr_irq49
                0x10000110                isr_irq13
                0x10000110                isr_irq43
                0x10000110                isr_irq45
                0x10000110                isr_irq27
                0x10000110                isr_irq32
                0x10000110                isr_irq31
                0x10000110                isr_irq12
                0x10000110                isr_irq5
                0x10000110                isr_irq11
                0x10000110                isr_irq3
                0x10000110                isr_irq23
                0x10000110                isr_usagefault
                0x10000110                isr_irq48
                0x10000110                isr_irq30
                0x10000110                isr_irq18
                0x10000110                isr_irq50
                0x10000110                isr_irq33
                0x10000110                isr_irq40
                0x10000110                isr_irq28
                0x10000110                isr_irq19
                0x10000110                isr_irq36
                0x10000110                isr_irq41
                0x10000110                isr_irq0
                0x10000110                isr_irq6
                0x10000110                isr_irq26
                0x10000110                isr_irq29
                0x10000110                isr_memmanage
                0x10000110                isr_irq37
                0x10000110                isr_irq42
                0x10000110                isr_irq22
                0x10000110                isr_irq35
                0x10000110                isr_irq17
                0x10000110                isr_irq38
                0x10000110                isr_irq14
                0x10000110                __vectors_end
                0x10000110                __default_isrs_start
                0x10000110                isr_irq2
                0x10000110                isr_irq10
                0x10000110                isr_irq8
                0x10000110                isr_debugmonitor
                0x10000110                isr_irq24
                0x10000110                isr_irq46
                0x10000110                isr_irq1
                0x10000110                isr_irq47
                0x10000110                isr_irq51
                0x10000110                isr_irq7
                0x10000110                isr_irq21
                0x10000110                isr_irq39
                0x10000110                isr_irq20
                0x10000110                isr_irq15
                0x10000110                isr_irq25
                0x10000110                isr_irq34
                0x10000110                isr_irq44
                0x10000110                isr_securefault
                0x10000110                isr_irq4
                0x10000110                isr_busfault
                0x10000110                isr_irq16
                0x10000110                isr_irq9
                0x10000116                unhandled_user_irq_num_in_r0
                0x10000118                isr_invalid
                0x1000011a                isr_nmi
                0x1000011c                isr_hardfault
                0x1000011e                isr_svcall
                0x10000120                isr_pendsv
                0x10000122                isr_systick
                0x10000124                __default_isrs_end
 *(.binary_info_header)
 .binary_info_header
                0x10000124       0x14 CMakeFiles/multicore.dir/C_/Users/20235607/Downloads/BAS_System/sdk/src/rp2_common/pico_crt0/crt0.S.obj
                0x10000138                __binary_info_header_end = .
 *(.embedded_block)
 .embedded_block
                0x10000138       0x14 CMakeFiles/multicore.dir/C_/Users/20235607/Downloads/BAS_System/sdk/src/rp2_common/pico_crt0/crt0.S.obj
                0x1000014c                __embedded_block_end = .
 *(.reset)
 .reset         0x1000014c       0x98 CMakeFiles/multicore.dir/C_/Users/20235607/Downloads/BAS_System/sdk/src/rp2_common/pico_crt0/crt0.S.obj
                0x1000014c                _entry_point
 *(.init)
 .init          0x100001e4        0x4 c:/progra~2/102021~1.10/bin/../lib/gcc/arm-none-eabi/10.3.1/thumb/v8-m.main+fp/softfp/crti.o
                0x100001e4                _init
 *libgcc.a:cmse_nonsecure_call.o()
 *(EXCLUDE_FILE(*libm.a: *libc.a:*lib_a-mem*.o *libgcc.a:) .text*)
 .text          0x100001e8       0x40 c:/progra~2/102021~1.10/bin/../lib/gcc/arm-none-eabi/10.3.1/thumb/v8-m.main+fp/softfp/crtbegin.o
 .text.core1_interrupt_handler
                0x10000228       0xac CMakeFiles/multicore.dir/multicore.c.obj
                0x10000228                core1_interrupt_handler
 .text.core1_entry
                0x100002d4       0x20 CMakeFiles/multicore.dir/multicore.c.obj
                0x100002d4                core1_entry
 .text.startup.main
                0x100002f4       0x54 CMakeFiles/multicore.dir/multicore.c.obj
                0x100002f4                main
 .text.panic    0x10000348       0x30 CMakeFiles/multicore.dir/C_/Users/20235607/Downloads/BAS_System/sdk/src/rp2_common/pico_platform_panic/panic.c.obj
                0x10000348                panic
 .text.hw_claim_or_assert
                0x10000378       0x5c CMakeFiles/multicore.dir/C_/Users/20235607/Downloads/BAS_System/sdk/src/common/hardware_claim/claim.c.obj
                0x10000378                hw_claim_or_assert
 .text.hw_claim_unused_from_range
                0x100003d4       0x9c CMakeFiles/multicore.dir/C_/Users/20235607/Downloads/BAS_System/sdk/src/common/hardware_claim/claim.c.obj
                0x100003d4                hw_claim_unused_from_range
 .text.next_striped_spin_lock_num
                0x10000470       0x18 CMakeFiles/multicore.dir/C_/Users/20235607/Downloads/BAS_System/sdk/src/rp2_common/hardware_sync/sync.c.obj
                0x10000470                next_striped_spin_lock_num
 .text.spin_lock_claim_unused
                0x10000488       0x20 CMakeFiles/multicore.dir/C_/Users/20235607/Downloads/BAS_System/sdk/src/rp2_common/hardware_sync/sync.c.obj
                0x10000488                spin_lock_claim_unused
 .text.spinlock_set_extexclall
                0x100004a8       0x10 CMakeFiles/multicore.dir/C_/Users/20235607/Downloads/BAS_System/sdk/src/rp2_common/hardware_sync_spin_lock/sync_spin_lock.c.obj
 .text.spin_locks_reset
                0x100004b8       0x18 CMakeFiles/multicore.dir/C_/Users/20235607/Downloads/BAS_System/sdk/src/rp2_common/hardware_sync_spin_lock/sync_spin_lock.c.obj
                0x100004b8                spin_locks_reset
 .text.runtime_init_per_core_irq_priorities
                0x100004d0       0x40 CMakeFiles/multicore.dir/C_/Users/20235607/Downloads/BAS_System/sdk/src/rp2_common/hardware_irq/irq.c.obj
                0x100004d0                runtime_init_per_core_irq_priorities
 .text.irq_set_enabled
                0x10000510       0x2c CMakeFiles/multicore.dir/C_/Users/20235607/Downloads/BAS_System/sdk/src/rp2_common/hardware_irq/irq.c.obj
                0x10000510                irq_set_enabled
 .text.irq_is_enabled
                0x1000053c       0x20 CMakeFiles/multicore.dir/C_/Users/20235607/Downloads/BAS_System/sdk/src/rp2_common/hardware_irq/irq.c.obj
                0x1000053c                irq_is_enabled
 .text.irq_set_pending
                0x1000055c       0x1c CMakeFiles/multicore.dir/C_/Users/20235607/Downloads/BAS_System/sdk/src/rp2_common/hardware_irq/irq.c.obj
                0x1000055c                irq_set_pending
 .text.irq_has_shared_handler
                0x10000578       0x20 CMakeFiles/multicore.dir/C_/Users/20235607/Downloads/BAS_System/sdk/src/rp2_common/hardware_irq/irq.c.obj
                0x10000578                irq_has_shared_handler
 .text.irq_set_exclusive_handler
                0x10000598       0x60 CMakeFiles/multicore.dir/C_/Users/20235607/Downloads/BAS_System/sdk/src/rp2_common/hardware_irq/irq.c.obj
                0x10000598                irq_set_exclusive_handler
 .text.irq_add_shared_handler
                0x100005f8      0x1e8 CMakeFiles/multicore.dir/C_/Users/20235607/Downloads/BAS_System/sdk/src/rp2_common/hardware_irq/irq.c.obj
                0x100005f8                irq_add_shared_handler
 .text.irq_add_tail_to_free_list
                0x100007e0       0xbc CMakeFiles/multicore.dir/C_/Users/20235607/Downloads/BAS_System/sdk/src/rp2_common/hardware_irq/irq.c.obj
                0x100007e0                irq_add_tail_to_free_list
 .text.user_irq_claim_unused
                0x1000089c       0x28 CMakeFiles/multicore.dir/C_/Users/20235607/Downloads/BAS_System/sdk/src/rp2_common/hardware_irq/irq.c.obj
                0x1000089c                user_irq_claim_unused
 .text.lock_init
                0x100008c4        0xc CMakeFiles/multicore.dir/C_/Users/20235607/Downloads/BAS_System/sdk/src/common/pico_sync/lock_core.c.obj
                0x100008c4                lock_init
 .text.runtime_init_mutex
                0x100008d0       0x54 CMakeFiles/multicore.dir/C_/Users/20235607/Downloads/BAS_System/sdk/src/common/pico_sync/mutex.c.obj
                0x100008d0                runtime_init_mutex
 .text.mutex_init
                0x10000924       0x1c CMakeFiles/multicore.dir/C_/Users/20235607/Downloads/BAS_System/sdk/src/common/pico_sync/mutex.c.obj
                0x10000924                mutex_init
 .text.critical_section_init
                0x10000940       0x1c CMakeFiles/multicore.dir/C_/Users/20235607/Downloads/BAS_System/sdk/src/common/pico_sync/critical_section.c.obj
                0x10000940                critical_section_init
 .text.critical_section_init_with_lock_num
                0x1000095c       0x10 CMakeFiles/multicore.dir/C_/Users/20235607/Downloads/BAS_System/sdk/src/common/pico_sync/critical_section.c.obj
                0x1000095c                critical_section_init_with_lock_num
 .text.sleep_until_callback
                0x1000096c       0x3c CMakeFiles/multicore.dir/C_/Users/20235607/Downloads/BAS_System/sdk/src/common/pico_time/time.c.obj
 .text.alarm_pool_irq_handler
                0x100009a8      0x300 CMakeFiles/multicore.dir/C_/Users/20235607/Downloads/BAS_System/sdk/src/common/pico_time/time.c.obj
 .text.runtime_init_default_alarm_pool
                0x10000ca8      0x100 CMakeFiles/multicore.dir/C_/Users/20235607/Downloads/BAS_System/sdk/src/common/pico_time/time.c.obj
                0x10000ca8                runtime_init_default_alarm_pool
 .text.alarm_pool_get_default
                0x10000da8        0x8 CMakeFiles/multicore.dir/C_/Users/20235607/Downloads/BAS_System/sdk/src/common/pico_time/time.c.obj
                0x10000da8                alarm_pool_get_default
 .text.alarm_pool_add_alarm_at
                0x10000db0       0xdc CMakeFiles/multicore.dir/C_/Users/20235607/Downloads/BAS_System/sdk/src/common/pico_time/time.c.obj
                0x10000db0                alarm_pool_add_alarm_at
 .text.alarm_pool_add_alarm_at_force_in_context
                0x10000e8c       0xc4 CMakeFiles/multicore.dir/C_/Users/20235607/Downloads/BAS_System/sdk/src/common/pico_time/time.c.obj
                0x10000e8c                alarm_pool_add_alarm_at_force_in_context
 .text.alarm_pool_cancel_alarm
                0x10000f50       0x80 CMakeFiles/multicore.dir/C_/Users/20235607/Downloads/BAS_System/sdk/src/common/pico_time/time.c.obj
                0x10000f50                alarm_pool_cancel_alarm
 .text.alarm_pool_core_num
                0x10000fd0        0x4 CMakeFiles/multicore.dir/C_/Users/20235607/Downloads/BAS_System/sdk/src/common/pico_time/time.c.obj
                0x10000fd0                alarm_pool_core_num
 .text.sleep_until
                0x10000fd4       0xbc CMakeFiles/multicore.dir/C_/Users/20235607/Downloads/BAS_System/sdk/src/common/pico_time/time.c.obj
                0x10000fd4                sleep_until
 .text.sleep_ms
                0x10001090       0x24 CMakeFiles/multicore.dir/C_/Users/20235607/Downloads/BAS_System/sdk/src/common/pico_time/time.c.obj
                0x10001090                sleep_ms
 .text.best_effort_wfe_or_timeout
                0x100010b4       0xdc CMakeFiles/multicore.dir/C_/Users/20235607/Downloads/BAS_System/sdk/src/common/pico_time/time.c.obj
                0x100010b4                best_effort_wfe_or_timeout
 .text.timer_hardware_alarm_claim
                0x10001190       0x24 CMakeFiles/multicore.dir/C_/Users/20235607/Downloads/BAS_System/sdk/src/rp2_common/hardware_timer/timer.c.obj
                0x10001190                timer_hardware_alarm_claim
 .text.timer_time_us_64
                0x100011b4       0x10 CMakeFiles/multicore.dir/C_/Users/20235607/Downloads/BAS_System/sdk/src/rp2_common/hardware_timer/timer.c.obj
                0x100011b4                timer_time_us_64
 .text.time_us_64
                0x100011c4       0x14 CMakeFiles/multicore.dir/C_/Users/20235607/Downloads/BAS_System/sdk/src/rp2_common/hardware_timer/timer.c.obj
                0x100011c4                time_us_64
 .text.busy_wait_until
                0x100011d8       0x24 CMakeFiles/multicore.dir/C_/Users/20235607/Downloads/BAS_System/sdk/src/rp2_common/hardware_timer/timer.c.obj
                0x100011d8                busy_wait_until
 .text.clock_configure_undivided
                0x100011fc       0xd0 CMakeFiles/multicore.dir/C_/Users/20235607/Downloads/BAS_System/sdk/src/rp2_common/hardware_clocks/clocks.c.obj
                0x100011fc                clock_configure_undivided
 .text.clock_get_hz
                0x100012cc        0xc CMakeFiles/multicore.dir/C_/Users/20235607/Downloads/BAS_System/sdk/src/rp2_common/hardware_clocks/clocks.c.obj
                0x100012cc                clock_get_hz
 .text.pll_init
                0x100012d8       0x8c CMakeFiles/multicore.dir/C_/Users/20235607/Downloads/BAS_System/sdk/src/rp2_common/hardware_pll/pll.c.obj
                0x100012d8                pll_init
 .text.watchdog_reboot
                0x10001364       0x9c CMakeFiles/multicore.dir/C_/Users/20235607/Downloads/BAS_System/sdk/src/rp2_common/hardware_watchdog/watchdog.c.obj
                0x10001364                watchdog_reboot
 .text.tick_start
                0x10001400       0x18 CMakeFiles/multicore.dir/C_/Users/20235607/Downloads/BAS_System/sdk/src/rp2_common/hardware_ticks/ticks.c.obj
                0x10001400                tick_start
 .text.rom_reboot.constprop.0.isra.0
                0x10001418       0x38 CMakeFiles/multicore.dir/C_/Users/20235607/Downloads/BAS_System/sdk/src/rp2_common/pico_bootrom/bootrom.c.obj
 .text.rom_func_lookup
                0x10001450       0x18 CMakeFiles/multicore.dir/C_/Users/20235607/Downloads/BAS_System/sdk/src/rp2_common/pico_bootrom/bootrom.c.obj
                0x10001450                rom_func_lookup
 .text.rom_reset_usb_boot_extra
                0x10001468       0x1c CMakeFiles/multicore.dir/C_/Users/20235607/Downloads/BAS_System/sdk/src/rp2_common/pico_bootrom/bootrom.c.obj
                0x10001468                rom_reset_usb_boot_extra
 .text.runtime_init_bootrom_locking_enable
                0x10001484       0x14 CMakeFiles/multicore.dir/C_/Users/20235607/Downloads/BAS_System/sdk/src/rp2_common/pico_bootrom/bootrom_lock.c.obj
                0x10001484                runtime_init_bootrom_locking_enable
 .text.runtime_init_boot_locks_reset
                0x10001498       0x1c CMakeFiles/multicore.dir/C_/Users/20235607/Downloads/BAS_System/sdk/src/rp2_common/hardware_boot_lock/boot_lock.c.obj
                0x10001498                runtime_init_boot_locks_reset
 .text.xosc_init
                0x100014b4       0x30 CMakeFiles/multicore.dir/C_/Users/20235607/Downloads/BAS_System/sdk/src/rp2_common/hardware_xosc/xosc.c.obj
                0x100014b4                xosc_init
 .text.first_per_core_initializer
                0x100014e4        0x4 CMakeFiles/multicore.dir/C_/Users/20235607/Downloads/BAS_System/sdk/src/rp2_common/pico_runtime/runtime.c.obj
 .text.hard_assertion_failure
                0x100014e8        0xc CMakeFiles/multicore.dir/C_/Users/20235607/Downloads/BAS_System/sdk/src/rp2_common/pico_runtime/runtime.c.obj
                0x100014e8                hard_assertion_failure
 .text.runtime_run_initializers
                0x100014f4       0x20 CMakeFiles/multicore.dir/C_/Users/20235607/Downloads/BAS_System/sdk/src/rp2_common/pico_runtime/runtime.c.obj
                0x100014f4                runtime_run_initializers
 .text.runtime_run_per_core_initializers
                0x10001514       0x20 CMakeFiles/multicore.dir/C_/Users/20235607/Downloads/BAS_System/sdk/src/rp2_common/pico_runtime/runtime.c.obj
                0x10001514                runtime_run_per_core_initializers
 .text.runtime_init_early_resets
                0x10001534       0x34 CMakeFiles/multicore.dir/C_/Users/20235607/Downloads/BAS_System/sdk/src/rp2_common/pico_runtime_init/runtime_init.c.obj
                0x10001534                runtime_init_early_resets
 .text.runtime_init_usb_power_down
                0x10001568       0x1c CMakeFiles/multicore.dir/C_/Users/20235607/Downloads/BAS_System/sdk/src/rp2_common/pico_runtime_init/runtime_init.c.obj
                0x10001568                runtime_init_usb_power_down
 .text.runtime_init_per_core_enable_coprocessors
                0x10001584       0x1c CMakeFiles/multicore.dir/C_/Users/20235607/Downloads/BAS_System/sdk/src/rp2_common/pico_runtime_init/runtime_init.c.obj
                0x10001584                runtime_init_per_core_enable_coprocessors
 .text.runtime_init_post_clock_resets
                0x100015a0       0x20 CMakeFiles/multicore.dir/C_/Users/20235607/Downloads/BAS_System/sdk/src/rp2_common/pico_runtime_init/runtime_init.c.obj
                0x100015a0                runtime_init_post_clock_resets
 .text.runtime_init_bootrom_reset
                0x100015c0       0x14 CMakeFiles/multicore.dir/C_/Users/20235607/Downloads/BAS_System/sdk/src/rp2_common/pico_runtime_init/runtime_init.c.obj
                0x100015c0                runtime_init_bootrom_reset
 .text.runtime_init_per_core_bootrom_reset
                0x100015d4       0x14 CMakeFiles/multicore.dir/C_/Users/20235607/Downloads/BAS_System/sdk/src/rp2_common/pico_runtime_init/runtime_init.c.obj
                0x100015d4                runtime_init_per_core_bootrom_reset
 .text.runtime_init_spin_locks_reset
                0x100015e8        0x4 CMakeFiles/multicore.dir/C_/Users/20235607/Downloads/BAS_System/sdk/src/rp2_common/pico_runtime_init/runtime_init.c.obj
                0x100015e8                runtime_init_spin_locks_reset
 .text.runtime_init_install_ram_vector_table
                0x100015ec       0xd0 CMakeFiles/multicore.dir/C_/Users/20235607/Downloads/BAS_System/sdk/src/rp2_common/pico_runtime_init/runtime_init.c.obj
                0x100015ec                runtime_init_install_ram_vector_table
 .text.runtime_init_clocks
                0x100016bc       0xdc CMakeFiles/multicore.dir/C_/Users/20235607/Downloads/BAS_System/sdk/src/rp2_common/pico_runtime_init/runtime_init_clocks.c.obj
                0x100016bc                runtime_init_clocks
 .text.__rp2350_dcp_engaged_state_save_restore
                0x10001798       0x3a CMakeFiles/multicore.dir/C_/Users/20235607/Downloads/BAS_System/sdk/src/rp2_common/pico_double/double_aeabi_dcp.S.obj
 *fill*         0x100017d2        0x2 
 .text.__wrap___aeabi_dadd
                0x100017d4       0x28 CMakeFiles/multicore.dir/C_/Users/20235607/Downloads/BAS_System/sdk/src/rp2_common/pico_double/double_aeabi_dcp.S.obj
                0x100017dc                __wrap___aeabi_dadd
 .text.__wrap___aeabi_dsub
                0x100017fc       0x28 CMakeFiles/multicore.dir/C_/Users/20235607/Downloads/BAS_System/sdk/src/rp2_common/pico_double/double_aeabi_dcp.S.obj
                0x10001804                __wrap___aeabi_dsub
 .text.__wrap___aeabi_dmul
                0x10001824       0x4c CMakeFiles/multicore.dir/C_/Users/20235607/Downloads/BAS_System/sdk/src/rp2_common/pico_double/double_aeabi_dcp.S.obj
                0x1000182c                __wrap___aeabi_dmul
 .text.__wrap___aeabi_ddiv
                0x10001870       0x9c CMakeFiles/multicore.dir/C_/Users/20235607/Downloads/BAS_System/sdk/src/rp2_common/pico_double/double_aeabi_dcp.S.obj
                0x10001878                __wrap___aeabi_ddiv
 .text.__wrap___aeabi_d2f
                0x1000190c       0x1c CMakeFiles/multicore.dir/C_/Users/20235607/Downloads/BAS_System/sdk/src/rp2_common/pico_double/double_aeabi_dcp.S.obj
                0x10001914                __wrap___aeabi_d2f
                0x10001914                double2float
 .text.__wrap___aeabi_i2d
                0x10001928       0x24 CMakeFiles/multicore.dir/C_/Users/20235607/Downloads/BAS_System/sdk/src/rp2_common/pico_double/double_aeabi_dcp.S.obj
                0x10001930                int2double
                0x10001930                __wrap___aeabi_i2d
 .text.__wrap___aeabi_ui2d
                0x1000194c       0x24 CMakeFiles/multicore.dir/C_/Users/20235607/Downloads/BAS_System/sdk/src/rp2_common/pico_double/double_aeabi_dcp.S.obj
                0x10001954                uint2double
                0x10001954                __wrap___aeabi_ui2d
 .text.__wrap___aeabi_d2iz
                0x10001970       0x24 CMakeFiles/multicore.dir/C_/Users/20235607/Downloads/BAS_System/sdk/src/rp2_common/pico_double/double_aeabi_dcp.S.obj
                0x10001978                double2int_z
                0x10001978                __wrap___aeabi_d2iz
 .text.__wrap___aeabi_d2uiz
                0x10001994       0x24 CMakeFiles/multicore.dir/C_/Users/20235607/Downloads/BAS_System/sdk/src/rp2_common/pico_double/double_aeabi_dcp.S.obj
                0x1000199c                double2uint
                0x1000199c                __wrap___aeabi_d2uiz
                0x1000199c                double2uint_z
 .text.__wrap___aeabi_dcmpun
                0x100019b8       0x24 CMakeFiles/multicore.dir/C_/Users/20235607/Downloads/BAS_System/sdk/src/rp2_common/pico_double/double_aeabi_dcp.S.obj
                0x100019c0                __wrap___aeabi_dcmpun
 .text.__wrap___aeabi_dcmplt
                0x100019dc       0x28 CMakeFiles/multicore.dir/C_/Users/20235607/Downloads/BAS_System/sdk/src/rp2_common/pico_double/double_aeabi_dcp.S.obj
                0x100019e4                __wrap___aeabi_dcmplt
 .text.__wrap___aeabi_dcmple
                0x10001a04       0x28 CMakeFiles/multicore.dir/C_/Users/20235607/Downloads/BAS_System/sdk/src/rp2_common/pico_double/double_aeabi_dcp.S.obj
                0x10001a0c                __wrap___aeabi_dcmple
 .text.__wrap___aeabi_dcmpge
                0x10001a2c       0x28 CMakeFiles/multicore.dir/C_/Users/20235607/Downloads/BAS_System/sdk/src/rp2_common/pico_double/double_aeabi_dcp.S.obj
                0x10001a34                __wrap___aeabi_dcmpge
 .text.__wrap___aeabi_dcmpgt
                0x10001a54       0x28 CMakeFiles/multicore.dir/C_/Users/20235607/Downloads/BAS_System/sdk/src/rp2_common/pico_double/double_aeabi_dcp.S.obj
                0x10001a5c                __wrap___aeabi_dcmpgt
 .text._out_null
                0x10001a7c        0x4 CMakeFiles/multicore.dir/C_/Users/20235607/Downloads/BAS_System/sdk/src/rp2_common/pico_printf/printf.c.obj
 .text._out_rev
                0x10001a80       0x88 CMakeFiles/multicore.dir/C_/Users/20235607/Downloads/BAS_System/sdk/src/rp2_common/pico_printf/printf.c.obj
 .text._ntoa_format
                0x10001b08      0x1e8 CMakeFiles/multicore.dir/C_/Users/20235607/Downloads/BAS_System/sdk/src/rp2_common/pico_printf/printf.c.obj
 .text._out_char
                0x10001cf0        0x8 CMakeFiles/multicore.dir/C_/Users/20235607/Downloads/BAS_System/sdk/src/rp2_common/pico_printf/printf.c.obj
 .text._out_fct
                0x10001cf8        0xc CMakeFiles/multicore.dir/C_/Users/20235607/Downloads/BAS_System/sdk/src/rp2_common/pico_printf/printf.c.obj
 *fill*         0x10001d04        0x4 
 .text._etoa    0x10001d08      0x460 CMakeFiles/multicore.dir/C_/Users/20235607/Downloads/BAS_System/sdk/src/rp2_common/pico_printf/printf.c.obj
 .text._ftoa    0x10002168      0x3d8 CMakeFiles/multicore.dir/C_/Users/20235607/Downloads/BAS_System/sdk/src/rp2_common/pico_printf/printf.c.obj
 .text._vsnprintf
                0x10002540      0x9c8 CMakeFiles/multicore.dir/C_/Users/20235607/Downloads/BAS_System/sdk/src/rp2_common/pico_printf/printf.c.obj
 .text.vfctprintf
                0x10002f08       0x28 CMakeFiles/multicore.dir/C_/Users/20235607/Downloads/BAS_System/sdk/src/rp2_common/pico_printf/printf.c.obj
                0x10002f08                vfctprintf
 .text.weak_raw_vprintf
                0x10002f30       0x30 CMakeFiles/multicore.dir/C_/Users/20235607/Downloads/BAS_System/sdk/src/rp2_common/pico_printf/printf.c.obj
                0x10002f30                weak_raw_vprintf
 .text._exit    0x10002f60        0x4 CMakeFiles/multicore.dir/C_/Users/20235607/Downloads/BAS_System/sdk/src/rp2_common/pico_clib_interface/newlib_interface.c.obj
                0x10002f60                _exit
 .text.exit     0x10002f64        0x8 CMakeFiles/multicore.dir/C_/Users/20235607/Downloads/BAS_System/sdk/src/rp2_common/pico_clib_interface/newlib_interface.c.obj
                0x10002f64                exit
 .text.runtime_init
                0x10002f6c       0x24 CMakeFiles/multicore.dir/C_/Users/20235607/Downloads/BAS_System/sdk/src/rp2_common/pico_clib_interface/newlib_interface.c.obj
                0x10002f6c                runtime_init
 .text.stdio_out_chars_no_crlf
                0x10002f90        0x8 CMakeFiles/multicore.dir/C_/Users/20235607/Downloads/BAS_System/sdk/src/rp2_common/pico_stdio/stdio.c.obj
 .text.stdio_out_chars_crlf
                0x10002f98       0xac CMakeFiles/multicore.dir/C_/Users/20235607/Downloads/BAS_System/sdk/src/rp2_common/pico_stdio/stdio.c.obj
 .text.stdio_buffered_printer
                0x10003044       0x60 CMakeFiles/multicore.dir/C_/Users/20235607/Downloads/BAS_System/sdk/src/rp2_common/pico_stdio/stdio.c.obj
 .text.stdio_put_string
                0x100030a4       0xe8 CMakeFiles/multicore.dir/C_/Users/20235607/Downloads/BAS_System/sdk/src/rp2_common/pico_stdio/stdio.c.obj
                0x100030a4                stdio_put_string
 .text.stdio_set_driver_enabled
                0x1000318c       0x28 CMakeFiles/multicore.dir/C_/Users/20235607/Downloads/BAS_System/sdk/src/rp2_common/pico_stdio/stdio.c.obj
                0x1000318c                stdio_set_driver_enabled
 .text.stdio_init_all
                0x100031b4        0x4 CMakeFiles/multicore.dir/C_/Users/20235607/Downloads/BAS_System/sdk/src/rp2_common/pico_stdio/stdio.c.obj
                0x100031b4                stdio_init_all
 .text.__wrap_putchar
                0x100031b8       0x7c CMakeFiles/multicore.dir/C_/Users/20235607/Downloads/BAS_System/sdk/src/rp2_common/pico_stdio/stdio.c.obj
                0x100031b8                __wrap_putchar
                0x100031b8                stdio_putchar
 .text.__wrap_puts
                0x10003234       0x3c CMakeFiles/multicore.dir/C_/Users/20235607/Downloads/BAS_System/sdk/src/rp2_common/pico_stdio/stdio.c.obj
                0x10003234                stdio_puts
                0x10003234                __wrap_puts
 .text.__wrap_vprintf
                0x10003270       0xc0 CMakeFiles/multicore.dir/C_/Users/20235607/Downloads/BAS_System/sdk/src/rp2_common/pico_stdio/stdio.c.obj
                0x10003270                stdio_vprintf
                0x10003270                __wrap_vprintf
 .text.__wrap_printf
                0x10003330       0x1c CMakeFiles/multicore.dir/C_/Users/20235607/Downloads/BAS_System/sdk/src/rp2_common/pico_stdio/stdio.c.obj
                0x10003330                __wrap_printf
                0x10003330                stdio_printf
 .text.resetd_init
                0x1000334c        0x4 CMakeFiles/multicore.dir/C_/Users/20235607/Downloads/BAS_System/sdk/src/rp2_common/pico_stdio_usb/reset_interface.c.obj
 .text.resetd_reset
                0x10003350        0xc CMakeFiles/multicore.dir/C_/Users/20235607/Downloads/BAS_System/sdk/src/rp2_common/pico_stdio_usb/reset_interface.c.obj
 .text.resetd_open
                0x1000335c       0x28 CMakeFiles/multicore.dir/C_/Users/20235607/Downloads/BAS_System/sdk/src/rp2_common/pico_stdio_usb/reset_interface.c.obj
 .text.resetd_xfer_cb
                0x10003384        0x4 CMakeFiles/multicore.dir/C_/Users/20235607/Downloads/BAS_System/sdk/src/rp2_common/pico_stdio_usb/reset_interface.c.obj
 .text.resetd_control_xfer_cb
                0x10003388       0x54 CMakeFiles/multicore.dir/C_/Users/20235607/Downloads/BAS_System/sdk/src/rp2_common/pico_stdio_usb/reset_interface.c.obj
 .text.tud_descriptor_bos_cb
                0x100033dc        0x8 CMakeFiles/multicore.dir/C_/Users/20235607/Downloads/BAS_System/sdk/src/rp2_common/pico_stdio_usb/reset_interface.c.obj
                0x100033dc                tud_descriptor_bos_cb
 .text.tud_vendor_control_xfer_cb
                0x100033e4       0x28 CMakeFiles/multicore.dir/C_/Users/20235607/Downloads/BAS_System/sdk/src/rp2_common/pico_stdio_usb/reset_interface.c.obj
                0x100033e4                tud_vendor_control_xfer_cb
 .text.usbd_app_driver_get_cb
                0x1000340c       0x10 CMakeFiles/multicore.dir/C_/Users/20235607/Downloads/BAS_System/sdk/src/rp2_common/pico_stdio_usb/reset_interface.c.obj
                0x1000340c                usbd_app_driver_get_cb
 .text.tud_cdc_line_coding_cb
                0x1000341c       0x18 CMakeFiles/multicore.dir/C_/Users/20235607/Downloads/BAS_System/sdk/src/rp2_common/pico_stdio_usb/reset_interface.c.obj
                0x1000341c                tud_cdc_line_coding_cb
 .text.stdio_usb_set_chars_available_callback
                0x10003434       0x14 CMakeFiles/multicore.dir/C_/Users/20235607/Downloads/BAS_System/sdk/src/rp2_common/pico_stdio_usb/stdio_usb.c.obj
                0x10003434                stdio_usb_set_chars_available_callback
 .text.timer_task
                0x10003448       0x70 CMakeFiles/multicore.dir/C_/Users/20235607/Downloads/BAS_System/sdk/src/rp2_common/pico_stdio_usb/stdio_usb.c.obj
 .text.usb_irq  0x100034b8        0xc CMakeFiles/multicore.dir/C_/Users/20235607/Downloads/BAS_System/sdk/src/rp2_common/pico_stdio_usb/stdio_usb.c.obj
 .text.stdio_usb_in_chars
                0x100034c4       0x84 CMakeFiles/multicore.dir/C_/Users/20235607/Downloads/BAS_System/sdk/src/rp2_common/pico_stdio_usb/stdio_usb.c.obj
                0x100034c4                stdio_usb_in_chars
 .text.stdio_usb_out_flush
                0x10003548       0x4c CMakeFiles/multicore.dir/C_/Users/20235607/Downloads/BAS_System/sdk/src/rp2_common/pico_stdio_usb/stdio_usb.c.obj
 .text.stdio_usb_out_chars
                0x10003594       0xf0 CMakeFiles/multicore.dir/C_/Users/20235607/Downloads/BAS_System/sdk/src/rp2_common/pico_stdio_usb/stdio_usb.c.obj
 .text.low_priority_worker_irq
                0x10003684       0xc8 CMakeFiles/multicore.dir/C_/Users/20235607/Downloads/BAS_System/sdk/src/rp2_common/pico_stdio_usb/stdio_usb.c.obj
 .text.stdio_usb_init
                0x1000374c       0xdc CMakeFiles/multicore.dir/C_/Users/20235607/Downloads/BAS_System/sdk/src/rp2_common/pico_stdio_usb/stdio_usb.c.obj
                0x1000374c                stdio_usb_init
 .text.tud_descriptor_device_cb
                0x10003828        0x8 CMakeFiles/multicore.dir/C_/Users/20235607/Downloads/BAS_System/sdk/src/rp2_common/pico_stdio_usb/stdio_usb_descriptors.c.obj
                0x10003828                tud_descriptor_device_cb
 .text.tud_descriptor_configuration_cb
                0x10003830        0x8 CMakeFiles/multicore.dir/C_/Users/20235607/Downloads/BAS_System/sdk/src/rp2_common/pico_stdio_usb/stdio_usb_descriptors.c.obj
                0x10003830                tud_descriptor_configuration_cb
 .text.tud_descriptor_string_cb
                0x10003838       0x78 CMakeFiles/multicore.dir/C_/Users/20235607/Downloads/BAS_System/sdk/src/rp2_common/pico_stdio_usb/stdio_usb_descriptors.c.obj
                0x10003838                tud_descriptor_string_cb
 .text.startup._retrieve_unique_id_on_boot
                0x100038b0       0x30 CMakeFiles/multicore.dir/C_/Users/20235607/Downloads/BAS_System/sdk/src/rp2_common/pico_unique_id/unique_id.c.obj
 .text.pico_get_unique_board_id_string
                0x100038e0      0x180 CMakeFiles/multicore.dir/C_/Users/20235607/Downloads/BAS_System/sdk/src/rp2_common/pico_unique_id/unique_id.c.obj
                0x100038e0                pico_get_unique_board_id_string
 .text.dcd_init
                0x10003a60       0x94 CMakeFiles/multicore.dir/C_/Users/20235607/Downloads/BAS_System/sdk/lib/tinyusb/src/portable/raspberrypi/rp2040/dcd_rp2040.c.obj
                0x10003a60                dcd_init
 .text.dcd_int_enable
                0x10003af4        0x8 CMakeFiles/multicore.dir/C_/Users/20235607/Downloads/BAS_System/sdk/lib/tinyusb/src/portable/raspberrypi/rp2040/dcd_rp2040.c.obj
                0x10003af4                dcd_int_enable
 .text.dcd_set_address
                0x10003afc       0x10 CMakeFiles/multicore.dir/C_/Users/20235607/Downloads/BAS_System/sdk/lib/tinyusb/src/portable/raspberrypi/rp2040/dcd_rp2040.c.obj
                0x10003afc                dcd_set_address
 .text.dcd_sof_enable
                0x10003b0c       0x1c CMakeFiles/multicore.dir/C_/Users/20235607/Downloads/BAS_System/sdk/lib/tinyusb/src/portable/raspberrypi/rp2040/dcd_rp2040.c.obj
                0x10003b0c                dcd_sof_enable
 .text.dcd_edpt0_status_complete
                0x10003b28       0x1c CMakeFiles/multicore.dir/C_/Users/20235607/Downloads/BAS_System/sdk/lib/tinyusb/src/portable/raspberrypi/rp2040/dcd_rp2040.c.obj
                0x10003b28                dcd_edpt0_status_complete
 .text.dcd_edpt_open
                0x10003b44      0x110 CMakeFiles/multicore.dir/C_/Users/20235607/Downloads/BAS_System/sdk/lib/tinyusb/src/portable/raspberrypi/rp2040/dcd_rp2040.c.obj
                0x10003b44                dcd_edpt_open
 .text.dcd_edpt_close_all
                0x10003c54        0x4 CMakeFiles/multicore.dir/C_/Users/20235607/Downloads/BAS_System/sdk/lib/tinyusb/src/portable/raspberrypi/rp2040/dcd_rp2040.c.obj
                0x10003c54                dcd_edpt_close_all
 .text.dcd_edpt_xfer
                0x10003c58       0x28 CMakeFiles/multicore.dir/C_/Users/20235607/Downloads/BAS_System/sdk/lib/tinyusb/src/portable/raspberrypi/rp2040/dcd_rp2040.c.obj
                0x10003c58                dcd_edpt_xfer
 .text.dcd_edpt_stall
                0x10003c80       0x30 CMakeFiles/multicore.dir/C_/Users/20235607/Downloads/BAS_System/sdk/lib/tinyusb/src/portable/raspberrypi/rp2040/dcd_rp2040.c.obj
                0x10003c80                dcd_edpt_stall
 .text.dcd_edpt_clear_stall
                0x10003cb0       0x2c CMakeFiles/multicore.dir/C_/Users/20235607/Downloads/BAS_System/sdk/lib/tinyusb/src/portable/raspberrypi/rp2040/dcd_rp2040.c.obj
                0x10003cb0                dcd_edpt_clear_stall
 .text.rp2040_usb_init
                0x10003cdc       0x40 CMakeFiles/multicore.dir/C_/Users/20235607/Downloads/BAS_System/sdk/lib/tinyusb/src/portable/raspberrypi/rp2040/rp2040_usb.c.obj
                0x10003cdc                rp2040_usb_init
 .text.hw_endpoint_xfer_start
                0x10003d1c       0x4c CMakeFiles/multicore.dir/C_/Users/20235607/Downloads/BAS_System/sdk/lib/tinyusb/src/portable/raspberrypi/rp2040/rp2040_usb.c.obj
                0x10003d1c                hw_endpoint_xfer_start
 .text.configuration_reset
                0x10003d68       0x8c CMakeFiles/multicore.dir/C_/Users/20235607/Downloads/BAS_System/sdk/lib/tinyusb/src/device/usbd.c.obj
 .text.tud_event_hook_cb
                0x10003df4        0x4 CMakeFiles/multicore.dir/C_/Users/20235607/Downloads/BAS_System/sdk/lib/tinyusb/src/device/usbd.c.obj
                0x10003df4                tud_event_hook_cb
 .text.tud_sof_cb
                0x10003df8        0x4 CMakeFiles/multicore.dir/C_/Users/20235607/Downloads/BAS_System/sdk/lib/tinyusb/src/device/usbd.c.obj
                0x10003df8                tud_sof_cb
 .text.tud_descriptor_device_qualifier_cb
                0x10003dfc        0x4 CMakeFiles/multicore.dir/C_/Users/20235607/Downloads/BAS_System/sdk/lib/tinyusb/src/device/usbd.c.obj
                0x10003dfc                tud_descriptor_device_qualifier_cb
 .text.tud_descriptor_other_speed_configuration_cb
                0x10003e00        0x4 CMakeFiles/multicore.dir/C_/Users/20235607/Downloads/BAS_System/sdk/lib/tinyusb/src/device/usbd.c.obj
                0x10003e00                tud_descriptor_other_speed_configuration_cb
 .text.tud_mount_cb
                0x10003e04        0x4 CMakeFiles/multicore.dir/C_/Users/20235607/Downloads/BAS_System/sdk/lib/tinyusb/src/device/usbd.c.obj
                0x10003e04                tud_mount_cb
 .text.tud_umount_cb
                0x10003e08        0x4 CMakeFiles/multicore.dir/C_/Users/20235607/Downloads/BAS_System/sdk/lib/tinyusb/src/device/usbd.c.obj
                0x10003e08                tud_umount_cb
 .text.tud_suspend_cb
                0x10003e0c        0x4 CMakeFiles/multicore.dir/C_/Users/20235607/Downloads/BAS_System/sdk/lib/tinyusb/src/device/usbd.c.obj
                0x10003e0c                tud_suspend_cb
 .text.tud_resume_cb
                0x10003e10        0x4 CMakeFiles/multicore.dir/C_/Users/20235607/Downloads/BAS_System/sdk/lib/tinyusb/src/device/usbd.c.obj
                0x10003e10                tud_resume_cb
 .text.tud_mounted
                0x10003e14       0x10 CMakeFiles/multicore.dir/C_/Users/20235607/Downloads/BAS_System/sdk/lib/tinyusb/src/device/usbd.c.obj
                0x10003e14                tud_mounted
 .text.tud_suspended
                0x10003e24       0x10 CMakeFiles/multicore.dir/C_/Users/20235607/Downloads/BAS_System/sdk/lib/tinyusb/src/device/usbd.c.obj
                0x10003e24                tud_suspended
 .text.tud_rhport_init
                0x10003e34      0x110 CMakeFiles/multicore.dir/C_/Users/20235607/Downloads/BAS_System/sdk/lib/tinyusb/src/device/usbd.c.obj
                0x10003e34                tud_rhport_init
 .text.tud_task_ext
                0x10003f44      0x7a4 CMakeFiles/multicore.dir/C_/Users/20235607/Downloads/BAS_System/sdk/lib/tinyusb/src/device/usbd.c.obj
                0x10003f44                tud_task_ext
 .text.usbd_open_edpt_pair
                0x100046e8       0x9c CMakeFiles/multicore.dir/C_/Users/20235607/Downloads/BAS_System/sdk/lib/tinyusb/src/device/usbd.c.obj
                0x100046e8                usbd_open_edpt_pair
 .text.usbd_edpt_open
                0x10004784       0x44 CMakeFiles/multicore.dir/C_/Users/20235607/Downloads/BAS_System/sdk/lib/tinyusb/src/device/usbd.c.obj
                0x10004784                usbd_edpt_open
 .text.usbd_edpt_claim
                0x100047c8       0x24 CMakeFiles/multicore.dir/C_/Users/20235607/Downloads/BAS_System/sdk/lib/tinyusb/src/device/usbd.c.obj
                0x100047c8                usbd_edpt_claim
 .text.usbd_edpt_release
                0x100047ec       0x24 CMakeFiles/multicore.dir/C_/Users/20235607/Downloads/BAS_System/sdk/lib/tinyusb/src/device/usbd.c.obj
                0x100047ec                usbd_edpt_release
 .text.usbd_edpt_xfer
                0x10004810       0x70 CMakeFiles/multicore.dir/C_/Users/20235607/Downloads/BAS_System/sdk/lib/tinyusb/src/device/usbd.c.obj
                0x10004810                usbd_edpt_xfer
 .text.tud_control_status
                0x10004880       0x34 CMakeFiles/multicore.dir/C_/Users/20235607/Downloads/BAS_System/sdk/lib/tinyusb/src/device/usbd_control.c.obj
                0x10004880                tud_control_status
 .text.tud_control_xfer
                0x100048b4       0xcc CMakeFiles/multicore.dir/C_/Users/20235607/Downloads/BAS_System/sdk/lib/tinyusb/src/device/usbd_control.c.obj
                0x100048b4                tud_control_xfer
 .text.usbd_control_reset
                0x10004980       0x14 CMakeFiles/multicore.dir/C_/Users/20235607/Downloads/BAS_System/sdk/lib/tinyusb/src/device/usbd_control.c.obj
                0x10004980                usbd_control_reset
 .text.usbd_control_set_complete_callback
                0x10004994        0xc CMakeFiles/multicore.dir/C_/Users/20235607/Downloads/BAS_System/sdk/lib/tinyusb/src/device/usbd_control.c.obj
                0x10004994                usbd_control_set_complete_callback
 .text.usbd_control_set_request
                0x100049a0       0x1c CMakeFiles/multicore.dir/C_/Users/20235607/Downloads/BAS_System/sdk/lib/tinyusb/src/device/usbd_control.c.obj
                0x100049a0                usbd_control_set_request
 .text.usbd_control_xfer_cb
                0x100049bc      0x110 CMakeFiles/multicore.dir/C_/Users/20235607/Downloads/BAS_System/sdk/lib/tinyusb/src/device/usbd_control.c.obj
                0x100049bc                usbd_control_xfer_cb
 .text._prep_out_transaction.isra.0
                0x10004acc       0x78 CMakeFiles/multicore.dir/C_/Users/20235607/Downloads/BAS_System/sdk/lib/tinyusb/src/class/cdc/cdc_device.c.obj
 .text.tud_cdc_n_connected
                0x10004b44       0x2c CMakeFiles/multicore.dir/C_/Users/20235607/Downloads/BAS_System/sdk/lib/tinyusb/src/class/cdc/cdc_device.c.obj
                0x10004b44                tud_cdc_n_connected
 .text.tud_cdc_n_available
                0x10004b70       0x18 CMakeFiles/multicore.dir/C_/Users/20235607/Downloads/BAS_System/sdk/lib/tinyusb/src/class/cdc/cdc_device.c.obj
                0x10004b70                tud_cdc_n_available
 .text.tud_cdc_n_read
                0x10004b88       0x90 CMakeFiles/multicore.dir/C_/Users/20235607/Downloads/BAS_System/sdk/lib/tinyusb/src/class/cdc/cdc_device.c.obj
                0x10004b88                tud_cdc_n_read
 .text.tud_cdc_n_write_flush
                0x10004c18       0x88 CMakeFiles/multicore.dir/C_/Users/20235607/Downloads/BAS_System/sdk/lib/tinyusb/src/class/cdc/cdc_device.c.obj
                0x10004c18                tud_cdc_n_write_flush
 .text.tud_cdc_n_write
                0x10004ca0       0x48 CMakeFiles/multicore.dir/C_/Users/20235607/Downloads/BAS_System/sdk/lib/tinyusb/src/class/cdc/cdc_device.c.obj
                0x10004ca0                tud_cdc_n_write
 .text.tud_cdc_n_write_available
                0x10004ce8       0x18 CMakeFiles/multicore.dir/C_/Users/20235607/Downloads/BAS_System/sdk/lib/tinyusb/src/class/cdc/cdc_device.c.obj
                0x10004ce8                tud_cdc_n_write_available
 .text.cdcd_init
                0x10004d00       0x70 CMakeFiles/multicore.dir/C_/Users/20235607/Downloads/BAS_System/sdk/lib/tinyusb/src/class/cdc/cdc_device.c.obj
                0x10004d00                cdcd_init
 .text.cdcd_deinit
                0x10004d70       0x20 CMakeFiles/multicore.dir/C_/Users/20235607/Downloads/BAS_System/sdk/lib/tinyusb/src/class/cdc/cdc_device.c.obj
                0x10004d70                cdcd_deinit
 .text.cdcd_reset
                0x10004d90       0x4c CMakeFiles/multicore.dir/C_/Users/20235607/Downloads/BAS_System/sdk/lib/tinyusb/src/class/cdc/cdc_device.c.obj
                0x10004d90                cdcd_reset
 .text.cdcd_open
                0x10004ddc       0xbc CMakeFiles/multicore.dir/C_/Users/20235607/Downloads/BAS_System/sdk/lib/tinyusb/src/class/cdc/cdc_device.c.obj
                0x10004ddc                cdcd_open
 .text.cdcd_control_xfer_cb
                0x10004e98       0xc8 CMakeFiles/multicore.dir/C_/Users/20235607/Downloads/BAS_System/sdk/lib/tinyusb/src/class/cdc/cdc_device.c.obj
                0x10004e98                cdcd_control_xfer_cb
 .text.cdcd_xfer_cb
                0x10004f60      0x100 CMakeFiles/multicore.dir/C_/Users/20235607/Downloads/BAS_System/sdk/lib/tinyusb/src/class/cdc/cdc_device.c.obj
                0x10004f60                cdcd_xfer_cb
 .text.vendord_init
                0x10005060       0x5c CMakeFiles/multicore.dir/C_/Users/20235607/Downloads/BAS_System/sdk/lib/tinyusb/src/class/vendor/vendor_device.c.obj
                0x10005060                vendord_init
 .text.vendord_deinit
                0x100050bc       0x1c CMakeFiles/multicore.dir/C_/Users/20235607/Downloads/BAS_System/sdk/lib/tinyusb/src/class/vendor/vendor_device.c.obj
                0x100050bc                vendord_deinit
 .text.vendord_reset
                0x100050d8       0x24 CMakeFiles/multicore.dir/C_/Users/20235607/Downloads/BAS_System/sdk/lib/tinyusb/src/class/vendor/vendor_device.c.obj
                0x100050d8                vendord_reset
 .text.vendord_open
                0x100050fc       0xfc CMakeFiles/multicore.dir/C_/Users/20235607/Downloads/BAS_System/sdk/lib/tinyusb/src/class/vendor/vendor_device.c.obj
                0x100050fc                vendord_open
 .text.vendord_xfer_cb
                0x100051f8       0x8c CMakeFiles/multicore.dir/C_/Users/20235607/Downloads/BAS_System/sdk/lib/tinyusb/src/class/vendor/vendor_device.c.obj
                0x100051f8                vendord_xfer_cb
 .text.tusb_rhport_init
                0x10005284       0x74 CMakeFiles/multicore.dir/C_/Users/20235607/Downloads/BAS_System/sdk/lib/tinyusb/src/tusb.c.obj
                0x10005284                tusb_rhport_init
 .text.tu_edpt_claim
                0x100052f8       0x54 CMakeFiles/multicore.dir/C_/Users/20235607/Downloads/BAS_System/sdk/lib/tinyusb/src/tusb.c.obj
                0x100052f8                tu_edpt_claim
 .text.tu_edpt_release
                0x1000534c       0x38 CMakeFiles/multicore.dir/C_/Users/20235607/Downloads/BAS_System/sdk/lib/tinyusb/src/tusb.c.obj
                0x1000534c                tu_edpt_release
 .text.tu_edpt_validate
                0x10005384       0x68 CMakeFiles/multicore.dir/C_/Users/20235607/Downloads/BAS_System/sdk/lib/tinyusb/src/tusb.c.obj
                0x10005384                tu_edpt_validate
 .text.tu_edpt_bind_driver
                0x100053ec       0x58 CMakeFiles/multicore.dir/C_/Users/20235607/Downloads/BAS_System/sdk/lib/tinyusb/src/tusb.c.obj
                0x100053ec                tu_edpt_bind_driver
 .text.tu_edpt_stream_init
                0x10005444       0x58 CMakeFiles/multicore.dir/C_/Users/20235607/Downloads/BAS_System/sdk/lib/tinyusb/src/tusb.c.obj
                0x10005444                tu_edpt_stream_init
 .text.tu_edpt_stream_deinit
                0x1000549c        0x4 CMakeFiles/multicore.dir/C_/Users/20235607/Downloads/BAS_System/sdk/lib/tinyusb/src/tusb.c.obj
                0x1000549c                tu_edpt_stream_deinit
 .text.tu_edpt_stream_write_zlp_if_needed
                0x100054a0       0x68 CMakeFiles/multicore.dir/C_/Users/20235607/Downloads/BAS_System/sdk/lib/tinyusb/src/tusb.c.obj
                0x100054a0                tu_edpt_stream_write_zlp_if_needed
 .text.tu_edpt_stream_write_xfer
                0x10005508       0x74 CMakeFiles/multicore.dir/C_/Users/20235607/Downloads/BAS_System/sdk/lib/tinyusb/src/tusb.c.obj
                0x10005508                tu_edpt_stream_write_xfer
 .text.tu_edpt_stream_read_xfer
                0x1000557c       0xd4 CMakeFiles/multicore.dir/C_/Users/20235607/Downloads/BAS_System/sdk/lib/tinyusb/src/tusb.c.obj
                0x1000557c                tu_edpt_stream_read_xfer
 .text.tu_fifo_config
                0x10005650       0x64 CMakeFiles/multicore.dir/C_/Users/20235607/Downloads/BAS_System/sdk/lib/tinyusb/src/common/tusb_fifo.c.obj
                0x10005650                tu_fifo_config
 .text.tu_fifo_count
                0x100056b4       0x20 CMakeFiles/multicore.dir/C_/Users/20235607/Downloads/BAS_System/sdk/lib/tinyusb/src/common/tusb_fifo.c.obj
                0x100056b4                tu_fifo_count
 .text.tu_fifo_empty
                0x100056d4       0x14 CMakeFiles/multicore.dir/C_/Users/20235607/Downloads/BAS_System/sdk/lib/tinyusb/src/common/tusb_fifo.c.obj
                0x100056d4                tu_fifo_empty
 .text.tu_fifo_remaining
                0x100056e8       0x24 CMakeFiles/multicore.dir/C_/Users/20235607/Downloads/BAS_System/sdk/lib/tinyusb/src/common/tusb_fifo.c.obj
                0x100056e8                tu_fifo_remaining
 .text.tu_fifo_read
                0x1000570c       0x94 CMakeFiles/multicore.dir/C_/Users/20235607/Downloads/BAS_System/sdk/lib/tinyusb/src/common/tusb_fifo.c.obj
                0x1000570c                tu_fifo_read
 .text.tu_fifo_read_n
                0x100057a0       0xd4 CMakeFiles/multicore.dir/C_/Users/20235607/Downloads/BAS_System/sdk/lib/tinyusb/src/common/tusb_fifo.c.obj
                0x100057a0                tu_fifo_read_n
 .text.tu_fifo_write
                0x10005874       0x84 CMakeFiles/multicore.dir/C_/Users/20235607/Downloads/BAS_System/sdk/lib/tinyusb/src/common/tusb_fifo.c.obj
                0x10005874                tu_fifo_write
 .text.tu_fifo_write_n
                0x100058f8      0x15c CMakeFiles/multicore.dir/C_/Users/20235607/Downloads/BAS_System/sdk/lib/tinyusb/src/common/tusb_fifo.c.obj
                0x100058f8                tu_fifo_write_n
 .text.tu_fifo_clear
                0x10005a54       0x38 CMakeFiles/multicore.dir/C_/Users/20235607/Downloads/BAS_System/sdk/lib/tinyusb/src/common/tusb_fifo.c.obj
                0x10005a54                tu_fifo_clear
 .text.tu_fifo_set_overwritable
                0x10005a8c       0x3c CMakeFiles/multicore.dir/C_/Users/20235607/Downloads/BAS_System/sdk/lib/tinyusb/src/common/tusb_fifo.c.obj
                0x10005a8c                tu_fifo_set_overwritable
 .text.adc_init
                0x10005ac8       0x30 CMakeFiles/multicore.dir/C_/Users/20235607/Downloads/BAS_System/sdk/src/rp2_common/hardware_adc/adc.c.obj
                0x10005ac8                adc_init
 .text.core1_trampoline
                0x10005af8        0x4 CMakeFiles/multicore.dir/C_/Users/20235607/Downloads/BAS_System/sdk/src/rp2_common/pico_multicore/multicore.c.obj
 .text.core1_wrapper
                0x10005afc       0x10 CMakeFiles/multicore.dir/C_/Users/20235607/Downloads/BAS_System/sdk/src/rp2_common/pico_multicore/multicore.c.obj
                0x10005afc                core1_wrapper
 .text.multicore_fifo_push_blocking
                0x10005b0c       0x10 CMakeFiles/multicore.dir/C_/Users/20235607/Downloads/BAS_System/sdk/src/rp2_common/pico_multicore/multicore.c.obj
                0x10005b0c                multicore_fifo_push_blocking
 .text.multicore_fifo_pop_blocking
                0x10005b1c       0x1c CMakeFiles/multicore.dir/C_/Users/20235607/Downloads/BAS_System/sdk/src/rp2_common/pico_multicore/multicore.c.obj
                0x10005b1c                multicore_fifo_pop_blocking
 .text.multicore_launch_core1_raw
                0x10005b38       0x88 CMakeFiles/multicore.dir/C_/Users/20235607/Downloads/BAS_System/sdk/src/rp2_common/pico_multicore/multicore.c.obj
                0x10005b38                multicore_launch_core1_raw
 .text.multicore_launch_core1
                0x10005bc0       0x44 CMakeFiles/multicore.dir/C_/Users/20235607/Downloads/BAS_System/sdk/src/rp2_common/pico_multicore/multicore.c.obj
                0x10005bc0                multicore_launch_core1
 .text          0x10005c04       0xec c:/progra~2/102021~1.10/bin/../lib/gcc/arm-none-eabi/10.3.1/../../../../arm-none-eabi/lib/thumb/v8-m.main+fp/softfp\libg.a(lib_a-memcpy.o)
                0x10005c04                memcpy
 .text.memset   0x10005cf0       0xa4 c:/progra~2/102021~1.10/bin/../lib/gcc/arm-none-eabi/10.3.1/../../../../arm-none-eabi/lib/thumb/v8-m.main+fp/softfp\libg.a(lib_a-memset.o)
                0x10005cf0                memset
 .text.strlen   0x10005d94       0x5c c:/progra~2/102021~1.10/bin/../lib/gcc/arm-none-eabi/10.3.1/../../../../arm-none-eabi/lib/thumb/v8-m.main+fp/softfp\libg.a(lib_a-strlen-stub.o)
                0x10005d94                strlen
 *(.fini)
 .fini          0x10005df0        0x4 c:/progra~2/102021~1.10/bin/../lib/gcc/arm-none-eabi/10.3.1/thumb/v8-m.main+fp/softfp/crti.o
                0x10005df0                _fini
 *fill*         0x10005df4        0x4 
 .fini.__stub   0x10005df8       0xc0 linker stubs
 *crtbegin.o(.ctors)
 *crtbegin?.o(.ctors)
 *(EXCLUDE_FILE(*crtend.o *crtend?.o) .ctors)
 *(SORT_BY_NAME(.ctors.*))
 *(.ctors)
 *crtbegin.o(.dtors)
 *crtbegin?.o(.dtors)
 *(EXCLUDE_FILE(*crtend.o *crtend?.o) .dtors)
 *(SORT_BY_NAME(.dtors.*))
 *(.dtors)
                0x10005eb8                . = ALIGN (0x4)
                0x10005eb8                PROVIDE (__preinit_array_start = .)
 *(SORT_BY_NAME(.preinit_array.*))
 .preinit_array.00050
                0x10005eb8        0x4 CMakeFiles/multicore.dir/C_/Users/20235607/Downloads/BAS_System/sdk/src/rp2_common/pico_runtime_init/runtime_init.c.obj
                0x10005eb8                __pre_init_runtime_init_bootrom_reset
 .preinit_array.00100
                0x10005ebc        0x4 CMakeFiles/multicore.dir/C_/Users/20235607/Downloads/BAS_System/sdk/src/rp2_common/pico_runtime_init/runtime_init.c.obj
                0x10005ebc                __pre_init_runtime_init_early_resets
 .preinit_array.00101
                0x10005ec0        0x4 CMakeFiles/multicore.dir/C_/Users/20235607/Downloads/BAS_System/sdk/src/rp2_common/pico_runtime_init/runtime_init.c.obj
                0x10005ec0                __pre_init_runtime_init_usb_power_down
 .preinit_array.00500
                0x10005ec4        0x4 CMakeFiles/multicore.dir/C_/Users/20235607/Downloads/BAS_System/sdk/src/rp2_common/pico_runtime_init/runtime_init.c.obj
                0x10005ec4                __pre_init_runtime_init_clocks
 .preinit_array.00600
                0x10005ec8        0x4 CMakeFiles/multicore.dir/C_/Users/20235607/Downloads/BAS_System/sdk/src/rp2_common/pico_runtime_init/runtime_init.c.obj
                0x10005ec8                __pre_init_runtime_init_post_clock_resets
 .preinit_array.01000
                0x10005ecc        0x4 CMakeFiles/multicore.dir/C_/Users/20235607/Downloads/BAS_System/sdk/src/rp2_common/hardware_boot_lock/boot_lock.c.obj
                0x10005ecc                __pre_init_runtime_init_boot_locks_reset
 .preinit_array.01000
                0x10005ed0        0x4 CMakeFiles/multicore.dir/C_/Users/20235607/Downloads/BAS_System/sdk/src/rp2_common/pico_runtime_init/runtime_init.c.obj
                0x10005ed0                __pre_init_runtime_init_spin_locks_reset
 .preinit_array.01010
                0x10005ed4        0x4 CMakeFiles/multicore.dir/C_/Users/20235607/Downloads/BAS_System/sdk/src/rp2_common/pico_bootrom/bootrom_lock.c.obj
                0x10005ed4                __pre_init_runtime_init_bootrom_locking_enable
 .preinit_array.01100
                0x10005ed8        0x4 CMakeFiles/multicore.dir/C_/Users/20235607/Downloads/BAS_System/sdk/src/common/pico_sync/mutex.c.obj
                0x10005ed8                __pre_init_runtime_init_mutex
 .preinit_array.10080
                0x10005edc        0x4 CMakeFiles/multicore.dir/C_/Users/20235607/Downloads/BAS_System/sdk/src/rp2_common/pico_runtime_init/runtime_init.c.obj
                0x10005edc                __pre_init_runtime_init_install_ram_vector_table
 .preinit_array.11000
                0x10005ee0        0x4 CMakeFiles/multicore.dir/C_/Users/20235607/Downloads/BAS_System/sdk/src/common/pico_time/time.c.obj
                0x10005ee0                __pre_init_runtime_init_default_alarm_pool
 .preinit_array.YYYYY
                0x10005ee4        0x4 CMakeFiles/multicore.dir/C_/Users/20235607/Downloads/BAS_System/sdk/src/rp2_common/pico_runtime/runtime.c.obj
                0x10005ee4                __pre_init_first_per_core_initializer
 .preinit_array.ZZZZZ.00051
                0x10005ee8        0x4 CMakeFiles/multicore.dir/C_/Users/20235607/Downloads/BAS_System/sdk/src/rp2_common/pico_runtime_init/runtime_init.c.obj
                0x10005ee8                __pre_init_runtime_init_per_core_bootrom_reset
 .preinit_array.ZZZZZ.00200
                0x10005eec        0x4 CMakeFiles/multicore.dir/C_/Users/20235607/Downloads/BAS_System/sdk/src/rp2_common/pico_runtime_init/runtime_init.c.obj
                0x10005eec                __pre_init_runtime_init_per_core_enable_coprocessors
 .preinit_array.ZZZZZ.01000
                0x10005ef0        0x4 CMakeFiles/multicore.dir/C_/Users/20235607/Downloads/BAS_System/sdk/src/rp2_common/hardware_sync_spin_lock/sync_spin_lock.c.obj
                0x10005ef0                __pre_init_spinlock_set_extexclall
 .preinit_array.ZZZZZ.01200
                0x10005ef4        0x4 CMakeFiles/multicore.dir/C_/Users/20235607/Downloads/BAS_System/sdk/src/rp2_common/hardware_irq/irq.c.obj
                0x10005ef4                __pre_init_runtime_init_per_core_irq_priorities
 *(.preinit_array)
                0x10005ef8                PROVIDE (__preinit_array_end = .)
                0x10005ef8                . = ALIGN (0x4)
                0x10005ef8                PROVIDE (__init_array_start = .)
 *(SORT_BY_NAME(.init_array.*))
 .init_array.01000
                0x10005ef8        0x4 CMakeFiles/multicore.dir/C_/Users/20235607/Downloads/BAS_System/sdk/src/rp2_common/pico_unique_id/unique_id.c.obj
 *(.init_array)
 .init_array    0x10005efc        0x4 c:/progra~2/102021~1.10/bin/../lib/gcc/arm-none-eabi/10.3.1/thumb/v8-m.main+fp/softfp/crtbegin.o
                0x10005f00                PROVIDE (__init_array_end = .)
                0x10005f00                . = ALIGN (0x4)
                [!provide]                PROVIDE (__fini_array_start = .)
 *(SORT_BY_NAME(.fini_array.*))
 *(.fini_array)
                [!provide]                PROVIDE (__fini_array_end = .)
 *(.eh_frame*)
 .eh_frame      0x10005f00        0x0 c:/progra~2/102021~1.10/bin/../lib/gcc/arm-none-eabi/10.3.1/thumb/v8-m.main+fp/softfp/crtbegin.o
                0x10005f00                . = ALIGN (0x4)

.glue_7         0x10005f00        0x0
 .glue_7        0x10005f00        0x0 linker stubs

.glue_7t        0x10005f00        0x0
 .glue_7t       0x10005f00        0x0 linker stubs

.vfp11_veneer   0x10005f00        0x0
 .vfp11_veneer  0x10005f00        0x0 linker stubs

.v4_bx          0x10005f00        0x0
 .v4_bx         0x10005f00        0x0 linker stubs

.iplt           0x10005f00        0x0
 .iplt          0x10005f00        0x0 c:/progra~2/102021~1.10/bin/../lib/gcc/arm-none-eabi/10.3.1/thumb/v8-m.main+fp/softfp/crtbegin.o

.boot2          0x10005f00        0x0
                0x10005f00                __boot2_start__ = .
 *(.boot2)
                0x10005f00                __boot2_end__ = .
                0x00000001                ASSERT (((__boot2_end__ - __boot2_start__) <= 0x100), ERROR: Pico second stage bootloader must be no more than 256 bytes in size)

.rodata         0x10005f00      0x3e8
 *(EXCLUDE_FILE(*libm.a: *libc.a:*lib_a-mem*.o *libgcc.a:) .rodata*)
 .rodata.core1_interrupt_handler.str1.4
                0x10005f00       0x15 CMakeFiles/multicore.dir/multicore.c.obj
 *fill*         0x10005f15        0x3 
 .rodata.panic.str1.4
                0x10005f18       0x12 CMakeFiles/multicore.dir/C_/Users/20235607/Downloads/BAS_System/sdk/src/rp2_common/pico_platform_panic/panic.c.obj
 *fill*         0x10005f2a        0x2 
 .rodata.spin_lock_claim_unused.str1.4
                0x10005f2c       0x1b CMakeFiles/multicore.dir/C_/Users/20235607/Downloads/BAS_System/sdk/src/rp2_common/hardware_sync/sync.c.obj
 *fill*         0x10005f47        0x1 
 .rodata.user_irq_claim_unused.str1.4
                0x10005f48       0x1b CMakeFiles/multicore.dir/C_/Users/20235607/Downloads/BAS_System/sdk/src/rp2_common/hardware_irq/irq.c.obj
 *fill*         0x10005f63        0x1 
 .rodata.timer_hardware_alarm_claim.str1.4
                0x10005f64       0x22 CMakeFiles/multicore.dir/C_/Users/20235607/Downloads/BAS_System/sdk/src/rp2_common/hardware_timer/timer.c.obj
 *fill*         0x10005f86        0x2 
 .rodata.hard_assertion_failure.str1.4
                0x10005f88        0xc CMakeFiles/multicore.dir/C_/Users/20235607/Downloads/BAS_System/sdk/src/rp2_common/pico_runtime/runtime.c.obj
 .rodata.str1.4
                0x10005f94       0x40 CMakeFiles/multicore.dir/C_/Users/20235607/Downloads/BAS_System/sdk/src/rp2_common/pico_standard_binary_info/standard_binary_info.c.obj
 .rodata.__bi_26
                0x10005fd4        0xc CMakeFiles/multicore.dir/C_/Users/20235607/Downloads/BAS_System/sdk/src/rp2_common/pico_standard_binary_info/standard_binary_info.c.obj
 .rodata.__bi_34
                0x10005fe0        0xc CMakeFiles/multicore.dir/C_/Users/20235607/Downloads/BAS_System/sdk/src/rp2_common/pico_standard_binary_info/standard_binary_info.c.obj
 .rodata.__bi_42
                0x10005fec        0xc CMakeFiles/multicore.dir/C_/Users/20235607/Downloads/BAS_System/sdk/src/rp2_common/pico_standard_binary_info/standard_binary_info.c.obj
 .rodata.__bi_48
                0x10005ff8        0xc CMakeFiles/multicore.dir/C_/Users/20235607/Downloads/BAS_System/sdk/src/rp2_common/pico_standard_binary_info/standard_binary_info.c.obj
 .rodata.__bi_54
                0x10006004        0xc CMakeFiles/multicore.dir/C_/Users/20235607/Downloads/BAS_System/sdk/src/rp2_common/pico_standard_binary_info/standard_binary_info.c.obj
 .rodata.__bi_78
                0x10006010        0xc CMakeFiles/multicore.dir/C_/Users/20235607/Downloads/BAS_System/sdk/src/rp2_common/pico_standard_binary_info/standard_binary_info.c.obj
 .rodata.__bi_84
                0x1000601c        0xc CMakeFiles/multicore.dir/C_/Users/20235607/Downloads/BAS_System/sdk/src/rp2_common/pico_standard_binary_info/standard_binary_info.c.obj
 .rodata._ftoa.str1.4
                0x10006028       0x15 CMakeFiles/multicore.dir/C_/Users/20235607/Downloads/BAS_System/sdk/src/rp2_common/pico_printf/printf.c.obj
 *fill*         0x1000603d        0x3 
 .rodata.pow10.0
                0x10006040       0x50 CMakeFiles/multicore.dir/C_/Users/20235607/Downloads/BAS_System/sdk/src/rp2_common/pico_printf/printf.c.obj
 .rodata.crlf_str.0
                0x10006090        0x2 CMakeFiles/multicore.dir/C_/Users/20235607/Downloads/BAS_System/sdk/src/rp2_common/pico_stdio/stdio.c.obj
 *fill*         0x10006092        0x2 
 .rodata._resetd_driver
                0x10006094       0x20 CMakeFiles/multicore.dir/C_/Users/20235607/Downloads/BAS_System/sdk/src/rp2_common/pico_stdio_usb/reset_interface.c.obj
 .rodata.desc_bos
                0x100060b4       0x21 CMakeFiles/multicore.dir/C_/Users/20235607/Downloads/BAS_System/sdk/src/rp2_common/pico_stdio_usb/reset_interface.c.obj
                0x100060b4                desc_bos
 *fill*         0x100060d5        0x3 
 .rodata.desc_ms_os_20
                0x100060d8       0xa6 CMakeFiles/multicore.dir/C_/Users/20235607/Downloads/BAS_System/sdk/src/rp2_common/pico_stdio_usb/reset_interface.c.obj
 *fill*         0x1000617e        0x2 
 .rodata.str1.4
                0x10006180       0x13 CMakeFiles/multicore.dir/C_/Users/20235607/Downloads/BAS_System/sdk/src/rp2_common/pico_stdio_usb/stdio_usb.c.obj
 *fill*         0x10006193        0x1 
 .rodata.__bi_202.0
                0x10006194        0xc CMakeFiles/multicore.dir/C_/Users/20235607/Downloads/BAS_System/sdk/src/rp2_common/pico_stdio_usb/stdio_usb.c.obj
 .rodata.str1.4
                0x100061a0       0x2a CMakeFiles/multicore.dir/C_/Users/20235607/Downloads/BAS_System/sdk/src/rp2_common/pico_stdio_usb/stdio_usb_descriptors.c.obj
 *fill*         0x100061ca        0x2 
 .rodata.usbd_desc_cfg
                0x100061cc       0x54 CMakeFiles/multicore.dir/C_/Users/20235607/Downloads/BAS_System/sdk/src/rp2_common/pico_stdio_usb/stdio_usb_descriptors.c.obj
 .rodata.usbd_desc_device
                0x10006220       0x12 CMakeFiles/multicore.dir/C_/Users/20235607/Downloads/BAS_System/sdk/src/rp2_common/pico_stdio_usb/stdio_usb_descriptors.c.obj
 *fill*         0x10006232        0x2 
 .rodata.usbd_desc_str
                0x10006234       0x18 CMakeFiles/multicore.dir/C_/Users/20235607/Downloads/BAS_System/sdk/src/rp2_common/pico_stdio_usb/stdio_usb_descriptors.c.obj
 .rodata.str1.4
                0x1000624c       0x14 CMakeFiles/multicore.dir/C_/Users/20235607/Downloads/BAS_System/sdk/lib/tinyusb/src/portable/raspberrypi/rp2040/dcd_rp2040.c.obj
 .rodata.str1.4
                0x10006260       0x48 CMakeFiles/multicore.dir/C_/Users/20235607/Downloads/BAS_System/sdk/lib/tinyusb/src/portable/raspberrypi/rp2040/rp2040_usb.c.obj
 .rodata._usbd_driver
                0x100062a8       0x40 CMakeFiles/multicore.dir/C_/Users/20235607/Downloads/BAS_System/sdk/lib/tinyusb/src/device/usbd.c.obj
 *(.srodata*)
                0x100062e8                . = ALIGN (0x4)
 *(SORT_BY_ALIGNMENT(SORT_BY_NAME(.flashdata*)))
                0x100062e8                . = ALIGN (0x4)

.ARM.extab
 *(.ARM.extab* .gnu.linkonce.armextab.*)
                0x100062e8                __exidx_start = .

.ARM.exidx      0x100062e8        0x8
 *(.ARM.exidx* .gnu.linkonce.armexidx.*)
 .ARM.exidx     0x100062e8        0x8 c:/progra~2/102021~1.10/bin/../lib/gcc/arm-none-eabi/10.3.1/thumb/v8-m.main+fp/softfp\libgcc.a(_udivmoddi4.o)
                0x100062f0                __exidx_end = .
                0x100062f0                . = ALIGN (0x4)
                0x100062f0                __binary_info_start = .

.binary_info    0x100062f0       0x20
 *(.binary_info.keep.*)
 .binary_info.keep.__bi_ptr26
                0x100062f0        0x4 CMakeFiles/multicore.dir/C_/Users/20235607/Downloads/BAS_System/sdk/src/rp2_common/pico_standard_binary_info/standard_binary_info.c.obj
 .binary_info.keep.__bi_ptr34
                0x100062f4        0x4 CMakeFiles/multicore.dir/C_/Users/20235607/Downloads/BAS_System/sdk/src/rp2_common/pico_standard_binary_info/standard_binary_info.c.obj
 .binary_info.keep.__bi_ptr42
                0x100062f8        0x4 CMakeFiles/multicore.dir/C_/Users/20235607/Downloads/BAS_System/sdk/src/rp2_common/pico_standard_binary_info/standard_binary_info.c.obj
 .binary_info.keep.__bi_ptr48
                0x100062fc        0x4 CMakeFiles/multicore.dir/C_/Users/20235607/Downloads/BAS_System/sdk/src/rp2_common/pico_standard_binary_info/standard_binary_info.c.obj
 .binary_info.keep.__bi_ptr54
                0x10006300        0x4 CMakeFiles/multicore.dir/C_/Users/20235607/Downloads/BAS_System/sdk/src/rp2_common/pico_standard_binary_info/standard_binary_info.c.obj
 .binary_info.keep.__bi_ptr78
                0x10006304        0x4 CMakeFiles/multicore.dir/C_/Users/20235607/Downloads/BAS_System/sdk/src/rp2_common/pico_standard_binary_info/standard_binary_info.c.obj
 .binary_info.keep.__bi_ptr84
                0x10006308        0x4 CMakeFiles/multicore.dir/C_/Users/20235607/Downloads/BAS_System/sdk/src/rp2_common/pico_standard_binary_info/standard_binary_info.c.obj
 *(.binary_info.*)
 .binary_info.__bi_ptr202
                0x1000630c        0x4 CMakeFiles/multicore.dir/C_/Users/20235607/Downloads/BAS_System/sdk/src/rp2_common/pico_stdio_usb/stdio_usb.c.obj
                0x10006310                __binary_info_end = .
                0x10006310                . = ALIGN (0x4)

.ram_vector_table
                0x20000000      0x110
 *(.ram_vector_table)
 .ram_vector_table
                0x20000000      0x110 CMakeFiles/multicore.dir/C_/Users/20235607/Downloads/BAS_System/sdk/src/rp2_common/pico_runtime_init/runtime_init.c.obj
                0x20000000                ram_vector_table

.uninitialized_data
                0x20000110        0x0
                0x20000110                . = ALIGN (0x4)
 *(.uninitialized_data*)

.data           0x20000110     0x143c load address 0x10006310
                0x20000110                __data_start__ = .
 *(vtable)
 *(.time_critical*)
 .time_critical.mutex_try_enter
                0x20000110       0x54 CMakeFiles/multicore.dir/C_/Users/20235607/Downloads/BAS_System/sdk/src/common/pico_sync/mutex.c.obj
                0x20000110                mutex_try_enter
 .time_critical.mutex_enter_block_until
                0x20000164       0x6c CMakeFiles/multicore.dir/C_/Users/20235607/Downloads/BAS_System/sdk/src/common/pico_sync/mutex.c.obj
                0x20000164                mutex_enter_block_until
 .time_critical.mutex_try_enter_block_until
                0x200001d0       0x6c CMakeFiles/multicore.dir/C_/Users/20235607/Downloads/BAS_System/sdk/src/common/pico_sync/mutex.c.obj
                0x200001d0                mutex_try_enter_block_until
 .time_critical.mutex_enter_timeout_ms
                0x2000023c       0x2c CMakeFiles/multicore.dir/C_/Users/20235607/Downloads/BAS_System/sdk/src/common/pico_sync/mutex.c.obj
                0x2000023c                mutex_enter_timeout_ms
 .time_critical.mutex_exit
                0x20000268       0x3c CMakeFiles/multicore.dir/C_/Users/20235607/Downloads/BAS_System/sdk/src/common/pico_sync/mutex.c.obj
                0x20000268                mutex_exit
 .time_critical.reset_non_control_endpoints
                0x200002a4       0x64 CMakeFiles/multicore.dir/C_/Users/20235607/Downloads/BAS_System/sdk/lib/tinyusb/src/portable/raspberrypi/rp2040/dcd_rp2040.c.obj
 .time_critical.hw_handle_buff_status
                0x20000308       0xa0 CMakeFiles/multicore.dir/C_/Users/20235607/Downloads/BAS_System/sdk/lib/tinyusb/src/portable/raspberrypi/rp2040/dcd_rp2040.c.obj
 .time_critical.dcd_rp2040_irq
                0x200003a8      0x4f8 CMakeFiles/multicore.dir/C_/Users/20235607/Downloads/BAS_System/sdk/lib/tinyusb/src/portable/raspberrypi/rp2040/dcd_rp2040.c.obj
 .time_critical.prepare_ep_buffer
                0x200008a0       0xc8 CMakeFiles/multicore.dir/C_/Users/20235607/Downloads/BAS_System/sdk/lib/tinyusb/src/portable/raspberrypi/rp2040/rp2040_usb.c.obj
 .time_critical.sync_ep_buffer
                0x20000968       0xb8 CMakeFiles/multicore.dir/C_/Users/20235607/Downloads/BAS_System/sdk/lib/tinyusb/src/portable/raspberrypi/rp2040/rp2040_usb.c.obj
 .time_critical._hw_endpoint_xfer_sync
                0x20000a20       0x2c CMakeFiles/multicore.dir/C_/Users/20235607/Downloads/BAS_System/sdk/lib/tinyusb/src/portable/raspberrypi/rp2040/rp2040_usb.c.obj
 .time_critical.e15_is_bulkin_ep
                0x20000a4c       0x28 CMakeFiles/multicore.dir/C_/Users/20235607/Downloads/BAS_System/sdk/lib/tinyusb/src/portable/raspberrypi/rp2040/rp2040_usb.c.obj
 .time_critical.e15_is_critical_frame_period
                0x20000a74       0x28 CMakeFiles/multicore.dir/C_/Users/20235607/Downloads/BAS_System/sdk/lib/tinyusb/src/portable/raspberrypi/rp2040/rp2040_usb.c.obj
 .time_critical.hw_endpoint_reset_transfer
                0x20000a9c        0xc CMakeFiles/multicore.dir/C_/Users/20235607/Downloads/BAS_System/sdk/lib/tinyusb/src/portable/raspberrypi/rp2040/rp2040_usb.c.obj
                0x20000a9c                hw_endpoint_reset_transfer
 .time_critical._hw_endpoint_buffer_control_update32
                0x20000aa8       0x44 CMakeFiles/multicore.dir/C_/Users/20235607/Downloads/BAS_System/sdk/lib/tinyusb/src/portable/raspberrypi/rp2040/rp2040_usb.c.obj
                0x20000aa8                _hw_endpoint_buffer_control_update32
 .time_critical.hw_endpoint_start_next_buffer
                0x20000aec       0x64 CMakeFiles/multicore.dir/C_/Users/20235607/Downloads/BAS_System/sdk/lib/tinyusb/src/portable/raspberrypi/rp2040/rp2040_usb.c.obj
                0x20000aec                hw_endpoint_start_next_buffer
 .time_critical.hw_endpoint_xfer_continue
                0x20000b50       0x40 CMakeFiles/multicore.dir/C_/Users/20235607/Downloads/BAS_System/sdk/lib/tinyusb/src/portable/raspberrypi/rp2040/rp2040_usb.c.obj
                0x20000b50                hw_endpoint_xfer_continue
 .time_critical.tinyusb
                0x20000b90      0x218 CMakeFiles/multicore.dir/C_/Users/20235607/Downloads/BAS_System/sdk/lib/tinyusb/src/device/usbd.c.obj
                0x20000b90                dcd_event_handler
 *(.text*)
 .text          0x20000da8      0x378 c:/progra~2/102021~1.10/bin/../lib/gcc/arm-none-eabi/10.3.1/thumb/v8-m.main+fp/softfp\libgcc.a(_arm_addsubdf3.o)
                0x20000da8                __aeabi_drsub
                0x20000db0                __aeabi_dsub
                0x20000db0                __subdf3
                0x20000db4                __aeabi_dadd
                0x20000db4                __adddf3
                0x2000102c                __floatunsidf
                0x2000102c                __aeabi_ui2d
                0x2000104c                __floatsidf
                0x2000104c                __aeabi_i2d
                0x20001070                __aeabi_f2d
                0x20001070                __extendsfdf2
                0x200010b4                __floatundidf
                0x200010b4                __aeabi_ul2d
                0x200010c4                __floatdidf
                0x200010c4                __aeabi_l2d
 .text          0x20001120       0x30 c:/progra~2/102021~1.10/bin/../lib/gcc/arm-none-eabi/10.3.1/thumb/v8-m.main+fp/softfp\libgcc.a(_aeabi_uldivmod.o)
                0x20001120                __aeabi_uldivmod
 .text          0x20001150      0x2ec c:/progra~2/102021~1.10/bin/../lib/gcc/arm-none-eabi/10.3.1/thumb/v8-m.main+fp/softfp\libgcc.a(_udivmoddi4.o)
                0x20001150                __udivmoddi4
 .text          0x2000143c        0x4 c:/progra~2/102021~1.10/bin/../lib/gcc/arm-none-eabi/10.3.1/thumb/v8-m.main+fp/softfp\libgcc.a(_dvmd_tls.o)
                0x2000143c                __aeabi_idiv0
                0x2000143c                __aeabi_ldiv0
 .text.__stub   0x20001440       0x60 linker stubs
                0x200014a0                . = ALIGN (0x4)
 *(.rodata*)
                0x200014a0                . = ALIGN (0x4)
 *(.data*)
 .data.striped_spin_lock_num
                0x200014a0        0x1 CMakeFiles/multicore.dir/C_/Users/20235607/Downloads/BAS_System/sdk/src/rp2_common/hardware_sync/sync.c.obj
 *fill*         0x200014a1        0x3 
 .data          0x200014a4       0x48 CMakeFiles/multicore.dir/C_/Users/20235607/Downloads/BAS_System/sdk/src/rp2_common/hardware_irq/irq_handler_chain.S.obj
                0x200014a4                irq_handler_chain_slots
                0x200014d4                irq_handler_chain_first_slot
                0x200014de                irq_handler_chain_remove_tail
 .data.default_alarm_pool
                0x200014ec       0x18 CMakeFiles/multicore.dir/C_/Users/20235607/Downloads/BAS_System/sdk/src/common/pico_time/time.c.obj
 .data.stdio_usb
                0x20001504       0x18 CMakeFiles/multicore.dir/C_/Users/20235607/Downloads/BAS_System/sdk/src/rp2_common/pico_stdio_usb/stdio_usb.c.obj
                0x20001504                stdio_usb
 .data._usbd_qdef
                0x2000151c       0x1c CMakeFiles/multicore.dir/C_/Users/20235607/Downloads/BAS_System/sdk/lib/tinyusb/src/device/usbd.c.obj
                0x2000151c                _usbd_qdef
 .data._usbd_rhport
                0x20001538        0x1 CMakeFiles/multicore.dir/C_/Users/20235607/Downloads/BAS_System/sdk/lib/tinyusb/src/device/usbd.c.obj
 *(.sdata*)
                0x2000153c                . = ALIGN (0x4)
 *fill*         0x20001539        0x3 
 *(.after_data.*)
                0x2000153c                . = ALIGN (0x4)
                0x2000153c                PROVIDE (__mutex_array_start = .)
 *(SORT_BY_NAME(.mutex_array.*))
 *(.mutex_array)
 .mutex_array   0x2000153c        0x8 CMakeFiles/multicore.dir/C_/Users/20235607/Downloads/BAS_System/sdk/src/rp2_common/pico_malloc/malloc.c.obj
 .mutex_array   0x20001544        0x8 CMakeFiles/multicore.dir/C_/Users/20235607/Downloads/BAS_System/sdk/src/rp2_common/pico_stdio/stdio.c.obj
                0x2000154c                PROVIDE (__mutex_array_end = .)
 *(.jcr)
                0x2000154c                . = ALIGN (0x4)

.igot.plt       0x2000154c        0x0 load address 0x1000774c
 .igot.plt      0x2000154c        0x0 c:/progra~2/102021~1.10/bin/../lib/gcc/arm-none-eabi/10.3.1/thumb/v8-m.main+fp/softfp/crtbegin.o

.tdata          0x2000154c        0x0 load address 0x1000774c
                0x2000154c                . = ALIGN (0x4)
 *(.tdata .tdata.* .gnu.linkonce.td.*)
                0x2000154c                __tdata_end = .
                0x2000154c                PROVIDE (__data_end__ = .)
                0x10006310                __etext = LOADADDR (.data)

.tbss           0x2000154c        0x0 load address 0x1000774c
                0x2000154c                . = ALIGN (0x4)
                0x2000154c                __bss_start__ = .
                0x2000154c                __tls_base = .
 *(.tbss .tbss.* .gnu.linkonce.tb.*)
 *(.tcommon)
                0x2000154c                __tls_end = .

.bss            0x20001550      0xc2c load address 0x1000774c
                0x20001550                . = ALIGN (0x4)
                0x20001550                __tbss_end = .
 *(SORT_BY_ALIGNMENT(SORT_BY_NAME(.bss*)))
 .bss.default_alarm_pool_entries
                0x20001550      0x180 CMakeFiles/multicore.dir/C_/Users/20235607/Downloads/BAS_System/sdk/src/common/pico_time/time.c.obj
 .bss.last_avail_time.1
                0x200016d0        0x8 CMakeFiles/multicore.dir/C_/Users/20235607/Downloads/BAS_System/sdk/src/rp2_common/pico_stdio_usb/stdio_usb.c.obj
 .bss           0x200016d8       0x1c c:/progra~2/102021~1.10/bin/../lib/gcc/arm-none-eabi/10.3.1/thumb/v8-m.main+fp/softfp/crtbegin.o
 .bss._app_driver
                0x200016f4        0x4 CMakeFiles/multicore.dir/C_/Users/20235607/Downloads/BAS_System/sdk/lib/tinyusb/src/device/usbd.c.obj
 .bss._cdcd_epbuf
                0x200016f8       0x80 CMakeFiles/multicore.dir/C_/Users/20235607/Downloads/BAS_System/sdk/lib/tinyusb/src/class/cdc/cdc_device.c.obj
 .bss._cdcd_fifo_cfg
                0x20001778        0x1 CMakeFiles/multicore.dir/C_/Users/20235607/Downloads/BAS_System/sdk/lib/tinyusb/src/class/cdc/cdc_device.c.obj
 *fill*         0x20001779        0x3 
 .bss._cdcd_itf
                0x2000177c       0xc8 CMakeFiles/multicore.dir/C_/Users/20235607/Downloads/BAS_System/sdk/lib/tinyusb/src/class/cdc/cdc_device.c.obj
 .bss._ctrl_epbuf
                0x20001844       0x40 CMakeFiles/multicore.dir/C_/Users/20235607/Downloads/BAS_System/sdk/lib/tinyusb/src/device/usbd_control.c.obj
 .bss._ctrl_xfer
                0x20001884       0x14 CMakeFiles/multicore.dir/C_/Users/20235607/Downloads/BAS_System/sdk/lib/tinyusb/src/device/usbd_control.c.obj
 .bss._sw_spin_locks
                0x20001898       0x20 CMakeFiles/multicore.dir/C_/Users/20235607/Downloads/BAS_System/sdk/src/rp2_common/hardware_sync_spin_lock/sync_spin_lock.c.obj
                0x20001898                _sw_spin_locks
 .bss._tusb_rhport_role
                0x200018b8        0x2 CMakeFiles/multicore.dir/C_/Users/20235607/Downloads/BAS_System/sdk/lib/tinyusb/src/tusb.c.obj
                0x200018b8                _tusb_rhport_role
 *fill*         0x200018ba        0x2 
 .bss._ubsd_mutexdef
                0x200018bc        0x8 CMakeFiles/multicore.dir/C_/Users/20235607/Downloads/BAS_System/sdk/lib/tinyusb/src/device/usbd.c.obj
 .bss._usbd_dev
                0x200018c4       0x54 CMakeFiles/multicore.dir/C_/Users/20235607/Downloads/BAS_System/sdk/lib/tinyusb/src/device/usbd.c.obj
 .bss._usbd_mutex
                0x20001918        0x4 CMakeFiles/multicore.dir/C_/Users/20235607/Downloads/BAS_System/sdk/lib/tinyusb/src/device/usbd.c.obj
 .bss._usbd_q   0x2000191c        0x4 CMakeFiles/multicore.dir/C_/Users/20235607/Downloads/BAS_System/sdk/lib/tinyusb/src/device/usbd.c.obj
 .bss._usbd_qdef_buf
                0x20001920       0xc0 CMakeFiles/multicore.dir/C_/Users/20235607/Downloads/BAS_System/sdk/lib/tinyusb/src/device/usbd.c.obj
                0x20001920                _usbd_qdef_buf
 .bss._vendord_epbuf
                0x200019e0       0x80 CMakeFiles/multicore.dir/C_/Users/20235607/Downloads/BAS_System/sdk/lib/tinyusb/src/class/vendor/vendor_device.c.obj
 .bss._vendord_itf
                0x20001a60      0x24c CMakeFiles/multicore.dir/C_/Users/20235607/Downloads/BAS_System/sdk/lib/tinyusb/src/class/vendor/vendor_device.c.obj
 .bss.chars_available_callback
                0x20001cac        0x4 CMakeFiles/multicore.dir/C_/Users/20235607/Downloads/BAS_System/sdk/src/rp2_common/pico_stdio_usb/stdio_usb.c.obj
 .bss.chars_available_param
                0x20001cb0        0x4 CMakeFiles/multicore.dir/C_/Users/20235607/Downloads/BAS_System/sdk/src/rp2_common/pico_stdio_usb/stdio_usb.c.obj
 .bss.claimed   0x20001cb4        0x4 CMakeFiles/multicore.dir/C_/Users/20235607/Downloads/BAS_System/sdk/src/rp2_common/hardware_sync/sync.c.obj
 .bss.claimed   0x20001cb8        0x2 CMakeFiles/multicore.dir/C_/Users/20235607/Downloads/BAS_System/sdk/src/rp2_common/hardware_timer/timer.c.obj
 *fill*         0x20001cba        0x2 
 .bss.configured_freq
                0x20001cbc       0x28 CMakeFiles/multicore.dir/C_/Users/20235607/Downloads/BAS_System/sdk/src/rp2_common/hardware_clocks/clocks.c.obj
 .bss.desc_str.0
                0x20001ce4       0x28 CMakeFiles/multicore.dir/C_/Users/20235607/Downloads/BAS_System/sdk/src/rp2_common/pico_stdio_usb/stdio_usb_descriptors.c.obj
 .bss.drivers   0x20001d0c        0x4 CMakeFiles/multicore.dir/C_/Users/20235607/Downloads/BAS_System/sdk/src/rp2_common/pico_stdio/stdio.c.obj
 .bss.e15_last_sof
                0x20001d10        0x4 CMakeFiles/multicore.dir/C_/Users/20235607/Downloads/BAS_System/sdk/lib/tinyusb/src/portable/raspberrypi/rp2040/rp2040_usb.c.obj
                0x20001d10                e15_last_sof
 .bss.filter    0x20001d14        0x4 CMakeFiles/multicore.dir/C_/Users/20235607/Downloads/BAS_System/sdk/src/rp2_common/pico_stdio/stdio.c.obj
 .bss.hw_endpoints
                0x20001d18      0x400 CMakeFiles/multicore.dir/C_/Users/20235607/Downloads/BAS_System/sdk/lib/tinyusb/src/portable/raspberrypi/rp2040/dcd_rp2040.c.obj
 .bss.lazy_vsnprintf
                0x20002118        0x4 CMakeFiles/multicore.dir/C_/Users/20235607/Downloads/BAS_System/sdk/src/rp2_common/pico_printf/printf.c.obj
 .bss.load_value
                0x2000211c        0x4 CMakeFiles/multicore.dir/C_/Users/20235607/Downloads/BAS_System/sdk/src/rp2_common/hardware_watchdog/watchdog.c.obj
 .bss.next_buffer_ptr
                0x20002120        0x4 CMakeFiles/multicore.dir/C_/Users/20235607/Downloads/BAS_System/sdk/lib/tinyusb/src/portable/raspberrypi/rp2040/dcd_rp2040.c.obj
 .bss.one_shot_timer_crit_sec
                0x20002124        0x8 CMakeFiles/multicore.dir/C_/Users/20235607/Downloads/BAS_System/sdk/src/rp2_common/pico_stdio_usb/stdio_usb.c.obj
 .bss.pools     0x2000212c       0x20 CMakeFiles/multicore.dir/C_/Users/20235607/Downloads/BAS_System/sdk/src/common/pico_time/time.c.obj
 .bss.retrieved_id
                0x2000214c        0x8 CMakeFiles/multicore.dir/C_/Users/20235607/Downloads/BAS_System/sdk/src/rp2_common/pico_unique_id/unique_id.c.obj
 .bss.sleep_notifier
                0x20002154        0x4 CMakeFiles/multicore.dir/C_/Users/20235607/Downloads/BAS_System/sdk/src/common/pico_time/time.c.obj
 .bss.stdio_usb_mutex
                0x20002158        0x8 CMakeFiles/multicore.dir/C_/Users/20235607/Downloads/BAS_System/sdk/src/rp2_common/pico_stdio_usb/stdio_usb.c.obj
 .bss.usbd_serial_str
                0x20002160       0x11 CMakeFiles/multicore.dir/C_/Users/20235607/Downloads/BAS_System/sdk/src/rp2_common/pico_stdio_usb/stdio_usb_descriptors.c.obj
 .bss._app_driver_count
                0x20002171        0x1 CMakeFiles/multicore.dir/C_/Users/20235607/Downloads/BAS_System/sdk/lib/tinyusb/src/device/usbd.c.obj
 .bss._sof_enable
                0x20002172        0x1 CMakeFiles/multicore.dir/C_/Users/20235607/Downloads/BAS_System/sdk/lib/tinyusb/src/portable/raspberrypi/rp2040/dcd_rp2040.c.obj
 .bss._usbd_queued_setup
                0x20002173        0x1 CMakeFiles/multicore.dir/C_/Users/20235607/Downloads/BAS_System/sdk/lib/tinyusb/src/device/usbd.c.obj
 .bss.irq_handler_chain_free_slot_head
                0x20002174        0x1 CMakeFiles/multicore.dir/C_/Users/20235607/Downloads/BAS_System/sdk/src/rp2_common/hardware_irq/irq.c.obj
 .bss.itf_num   0x20002175        0x1 CMakeFiles/multicore.dir/C_/Users/20235607/Downloads/BAS_System/sdk/src/rp2_common/pico_stdio_usb/reset_interface.c.obj
 .bss.low_priority_irq_num
                0x20002176        0x1 CMakeFiles/multicore.dir/C_/Users/20235607/Downloads/BAS_System/sdk/src/rp2_common/pico_stdio_usb/stdio_usb.c.obj
 .bss.one_shot_timer_pending
                0x20002177        0x1 CMakeFiles/multicore.dir/C_/Users/20235607/Downloads/BAS_System/sdk/src/rp2_common/pico_stdio_usb/stdio_usb.c.obj
 .bss.user_irq_claimed
                0x20002178        0x1 CMakeFiles/multicore.dir/C_/Users/20235607/Downloads/BAS_System/sdk/src/rp2_common/hardware_irq/irq.c.obj
 *(COMMON)
                [!provide]                PROVIDE (__global_pointer$ = (. + 0x800))
 *(.sbss*)
                0x2000217c                . = ALIGN (0x4)
 *fill*         0x20002179        0x3 
                0x2000217c                __bss_end__ = .

.heap           0x2000217c      0x800 load address 0x1000774c
                0x2000217c                __end__ = .
                0x2000217c                end = __end__
 *(.heap*)
 .heap          0x2000217c      0x800 CMakeFiles/multicore.dir/C_/Users/20235607/Downloads/BAS_System/sdk/src/rp2_common/pico_crt0/crt0.S.obj
                0x20080000                __HeapLimit = (ORIGIN (RAM) + LENGTH (RAM))

.scratch_x      0x20080000        0x0 load address 0x1000774c
                0x20080000                __scratch_x_start__ = .
 *(.scratch_x.*)
                0x20080000                . = ALIGN (0x4)
                0x20080000                __scratch_x_end__ = .
                0x1000774c                __scratch_x_source__ = LOADADDR (.scratch_x)

.scratch_y      0x20081000        0x0 load address 0x1000774c
                0x20081000                __scratch_y_start__ = .
 *(.scratch_y.*)
                0x20081000                . = ALIGN (0x4)
                0x20081000                __scratch_y_end__ = .
                0x1000774c                __scratch_y_source__ = LOADADDR (.scratch_y)

.stack1_dummy   0x20080000      0x800
 *(.stack1*)
 .stack1        0x20080000      0x800 CMakeFiles/multicore.dir/C_/Users/20235607/Downloads/BAS_System/sdk/src/rp2_common/pico_multicore/multicore.c.obj

.stack_dummy    0x20081000      0x800
 *(.stack*)
 .stack         0x20081000      0x800 CMakeFiles/multicore.dir/C_/Users/20235607/Downloads/BAS_System/sdk/src/rp2_common/pico_crt0/crt0.S.obj

.flash_end      0x1000774c       0x14
 *(.embedded_end_block*)
 .embedded_end_block
                0x1000774c       0x14 CMakeFiles/multicore.dir/C_/Users/20235607/Downloads/BAS_System/sdk/src/rp2_common/pico_crt0/crt0.S.obj
                0x10007760                PROVIDE (__flash_binary_end = .)
                0x20080000                __StackLimit = (ORIGIN (RAM) + LENGTH (RAM))
                0x20081000                __StackOneTop = (ORIGIN (SCRATCH_X) + LENGTH (SCRATCH_X))
                0x20082000                __StackTop = (ORIGIN (SCRATCH_Y) + LENGTH (SCRATCH_Y))
                0x20080800                __StackOneBottom = (__StackOneTop - SIZEOF (.stack1_dummy))
                0x20081800                __StackBottom = (__StackTop - SIZEOF (.stack_dummy))
                0x20082000                PROVIDE (__stack = __StackTop)
                [!provide]                PROVIDE (__heap_start = __end__)
                [!provide]                PROVIDE (__heap_end = __HeapLimit)
                [!provide]                PROVIDE (__tls_align = MAX (ALIGNOF (.tdata), ALIGNOF (.tbss)))
                [!provide]                PROVIDE (__tls_size_align = (((__tls_size + __tls_align) - 0x1) & ~ ((__tls_align - 0x1))))
                [!provide]                PROVIDE (__arm32_tls_tcb_offset = MAX (0x8, __tls_align))
                [!provide]                PROVIDE (_end = __end__)
                [!provide]                PROVIDE (__llvm_libc_heap_limit = __HeapLimit)
                0x00000001                ASSERT ((__StackLimit >= __HeapLimit), region RAM overflowed)
                0x00000001                ASSERT (((__binary_info_header_end - __logical_binary_start) <= 0x400), Binary info must be in first 1024 bytes of the binary)
                0x00000001                ASSERT (((__embedded_block_end - __logical_binary_start) <= 0x1000), Embedded block must be in first 4096 bytes of the binary)
LOAD CMakeFiles/multicore.dir/multicore.c.obj
LOAD CMakeFiles/multicore.dir/C_/Users/20235607/Downloads/BAS_System/sdk/src/rp2_common/pico_stdlib/stdlib.c.obj
LOAD CMakeFiles/multicore.dir/C_/Users/20235607/Downloads/BAS_System/sdk/src/rp2_common/hardware_gpio/gpio.c.obj
LOAD CMakeFiles/multicore.dir/C_/Users/20235607/Downloads/BAS_System/sdk/src/rp2350/pico_platform/platform.c.obj
LOAD CMakeFiles/multicore.dir/C_/Users/20235607/Downloads/BAS_System/sdk/src/rp2_common/pico_platform_common/common.c.obj
LOAD CMakeFiles/multicore.dir/C_/Users/20235607/Downloads/BAS_System/sdk/src/rp2_common/pico_platform_panic/panic.c.obj
LOAD CMakeFiles/multicore.dir/C_/Users/20235607/Downloads/BAS_System/sdk/src/common/hardware_claim/claim.c.obj
LOAD CMakeFiles/multicore.dir/C_/Users/20235607/Downloads/BAS_System/sdk/src/rp2_common/hardware_sync/sync.c.obj
LOAD CMakeFiles/multicore.dir/C_/Users/20235607/Downloads/BAS_System/sdk/src/rp2_common/hardware_sync_spin_lock/sync_spin_lock.c.obj
LOAD CMakeFiles/multicore.dir/C_/Users/20235607/Downloads/BAS_System/sdk/src/rp2_common/hardware_irq/irq.c.obj
LOAD CMakeFiles/multicore.dir/C_/Users/20235607/Downloads/BAS_System/sdk/src/rp2_common/hardware_irq/irq_handler_chain.S.obj
LOAD CMakeFiles/multicore.dir/C_/Users/20235607/Downloads/BAS_System/sdk/src/common/pico_sync/sem.c.obj
LOAD CMakeFiles/multicore.dir/C_/Users/20235607/Downloads/BAS_System/sdk/src/common/pico_sync/lock_core.c.obj
LOAD CMakeFiles/multicore.dir/C_/Users/20235607/Downloads/BAS_System/sdk/src/common/pico_sync/mutex.c.obj
LOAD CMakeFiles/multicore.dir/C_/Users/20235607/Downloads/BAS_System/sdk/src/common/pico_sync/critical_section.c.obj
LOAD CMakeFiles/multicore.dir/C_/Users/20235607/Downloads/BAS_System/sdk/src/common/pico_time/time.c.obj
LOAD CMakeFiles/multicore.dir/C_/Users/20235607/Downloads/BAS_System/sdk/src/common/pico_time/timeout_helper.c.obj
LOAD CMakeFiles/multicore.dir/C_/Users/20235607/Downloads/BAS_System/sdk/src/rp2_common/hardware_timer/timer.c.obj
LOAD CMakeFiles/multicore.dir/C_/Users/20235607/Downloads/BAS_System/sdk/src/common/pico_util/datetime.c.obj
LOAD CMakeFiles/multicore.dir/C_/Users/20235607/Downloads/BAS_System/sdk/src/common/pico_util/pheap.c.obj
LOAD CMakeFiles/multicore.dir/C_/Users/20235607/Downloads/BAS_System/sdk/src/common/pico_util/queue.c.obj
LOAD CMakeFiles/multicore.dir/C_/Users/20235607/Downloads/BAS_System/sdk/src/rp2_common/hardware_uart/uart.c.obj
LOAD CMakeFiles/multicore.dir/C_/Users/20235607/Downloads/BAS_System/sdk/src/rp2_common/hardware_clocks/clocks.c.obj
LOAD CMakeFiles/multicore.dir/C_/Users/20235607/Downloads/BAS_System/sdk/src/rp2_common/hardware_pll/pll.c.obj
LOAD CMakeFiles/multicore.dir/C_/Users/20235607/Downloads/BAS_System/sdk/src/rp2_common/hardware_vreg/vreg.c.obj
LOAD CMakeFiles/multicore.dir/C_/Users/20235607/Downloads/BAS_System/sdk/src/rp2_common/hardware_watchdog/watchdog.c.obj
LOAD CMakeFiles/multicore.dir/C_/Users/20235607/Downloads/BAS_System/sdk/src/rp2_common/hardware_ticks/ticks.c.obj
LOAD CMakeFiles/multicore.dir/C_/Users/20235607/Downloads/BAS_System/sdk/src/rp2_common/pico_bootrom/bootrom.c.obj
LOAD CMakeFiles/multicore.dir/C_/Users/20235607/Downloads/BAS_System/sdk/src/rp2_common/pico_bootrom/bootrom_lock.c.obj
LOAD CMakeFiles/multicore.dir/C_/Users/20235607/Downloads/BAS_System/sdk/src/rp2_common/hardware_boot_lock/boot_lock.c.obj
LOAD CMakeFiles/multicore.dir/C_/Users/20235607/Downloads/BAS_System/sdk/src/rp2_common/pico_flash/flash.c.obj
LOAD CMakeFiles/multicore.dir/C_/Users/20235607/Downloads/BAS_System/sdk/src/rp2_common/hardware_xosc/xosc.c.obj
LOAD CMakeFiles/multicore.dir/C_/Users/20235607/Downloads/BAS_System/sdk/src/rp2_common/hardware_divider/divider.c.obj
LOAD CMakeFiles/multicore.dir/C_/Users/20235607/Downloads/BAS_System/sdk/src/rp2_common/pico_runtime/runtime.c.obj
LOAD CMakeFiles/multicore.dir/C_/Users/20235607/Downloads/BAS_System/sdk/src/rp2_common/pico_runtime_init/runtime_init.c.obj
LOAD CMakeFiles/multicore.dir/C_/Users/20235607/Downloads/BAS_System/sdk/src/rp2_common/pico_runtime_init/runtime_init_clocks.c.obj
LOAD CMakeFiles/multicore.dir/C_/Users/20235607/Downloads/BAS_System/sdk/src/rp2_common/pico_runtime_init/runtime_init_stack_guard.c.obj
LOAD CMakeFiles/multicore.dir/C_/Users/20235607/Downloads/BAS_System/sdk/src/rp2_common/pico_bit_ops/bit_ops_aeabi.S.obj
LOAD CMakeFiles/multicore.dir/C_/Users/20235607/Downloads/BAS_System/sdk/src/rp2_common/pico_divider/divider_compiler.c.obj
LOAD CMakeFiles/multicore.dir/C_/Users/20235607/Downloads/BAS_System/sdk/src/rp2_common/pico_double/double_math.c.obj
LOAD CMakeFiles/multicore.dir/C_/Users/20235607/Downloads/BAS_System/sdk/src/rp2_common/pico_double/double_aeabi_dcp.S.obj